Archive member included because of file (symbol)

c:/devkitPro/libogc/lib/wii\libfat.a(libfat.o)
                              uxfilesys.o (fatInitDefault)
c:/devkitPro/libogc/lib/wii\libfat.a(partition.o)
                              c:/devkitPro/libogc/lib/wii\libfat.a(libfat.o) (_FAT_partition_constructor)
c:/devkitPro/libogc/lib/wii\libfat.a(cache.o)
                              c:/devkitPro/libogc/lib/wii\libfat.a(partition.o) (_FAT_cache_constructor)
c:/devkitPro/libogc/lib/wii\libfat.a(directory.o)
                              c:/devkitPro/libogc/lib/wii\libfat.a(libfat.o) (_FAT_directory_getVolumeLabel)
c:/devkitPro/libogc/lib/wii\libfat.a(disc.o)
                              c:/devkitPro/libogc/lib/wii\libfat.a(libfat.o) (_FAT_disc_interfaces)
c:/devkitPro/libogc/lib/wii\libfat.a(fatdir.o)
                              c:/devkitPro/libogc/lib/wii\libfat.a(libfat.o) (_FAT_stat_r)
c:/devkitPro/libogc/lib/wii\libfat.a(fatfile.o)
                              c:/devkitPro/libogc/lib/wii\libfat.a(libfat.o) (_FAT_open_r)
c:/devkitPro/libogc/lib/wii\libfat.a(file_allocation_table.o)
                              c:/devkitPro/libogc/lib/wii\libfat.a(directory.o) (_FAT_fat_nextCluster)
c:/devkitPro/libogc/lib/wii\libfat.a(filetime.o)
                              c:/devkitPro/libogc/lib/wii\libfat.a(fatdir.o) (_FAT_filetime_getTimeFromRTC)
c:/devkitPro/libogc/lib/wii\libwiiuse.a(wpad.o)
                              uxcontrols.o (WPAD_SetDataFormat)
c:/devkitPro/libogc/lib/wii\libwiiuse.a(motion_plus.o)
                              c:/devkitPro/libogc/lib/wii\libwiiuse.a(wpad.o) (wiiuse_set_motion_plus)
c:/devkitPro/libogc/lib/wii\libwiiuse.a(dynamics.o)
                              c:/devkitPro/libogc/lib/wii\libwiiuse.a(wpad.o) (calculate_gforce)
c:/devkitPro/libogc/lib/wii\libwiiuse.a(io.o)
                              c:/devkitPro/libogc/lib/wii\libwiiuse.a(motion_plus.o) (wiiuse_disable_expansion)
c:/devkitPro/libogc/lib/wii\libwiiuse.a(io_wii.o)
                              c:/devkitPro/libogc/lib/wii\libwiiuse.a(wpad.o) (__wiiuse_sensorbar_enable)
c:/devkitPro/libogc/lib/wii\libwiiuse.a(ir.o)
                              c:/devkitPro/libogc/lib/wii\libwiiuse.a(motion_plus.o) (wiiuse_set_ir_mode)
c:/devkitPro/libogc/lib/wii\libwiiuse.a(nunchuk.o)
                              c:/devkitPro/libogc/lib/wii\libwiiuse.a(io.o) (nunchuk_handshake)
c:/devkitPro/libogc/lib/wii\libwiiuse.a(wiiboard.o)
                              c:/devkitPro/libogc/lib/wii\libwiiuse.a(io.o) (wii_board_handshake)
c:/devkitPro/libogc/lib/wii\libwiiuse.a(wiiuse.o)
                              c:/devkitPro/libogc/lib/wii\libwiiuse.a(wpad.o) (wiiuse_init)
c:/devkitPro/libogc/lib/wii\libwiiuse.a(speaker.o)
                              c:/devkitPro/libogc/lib/wii\libwiiuse.a(wpad.o) (wencdata)
c:/devkitPro/libogc/lib/wii\libwiiuse.a(classic.o)
                              c:/devkitPro/libogc/lib/wii\libwiiuse.a(io.o) (classic_ctrl_handshake)
c:/devkitPro/libogc/lib/wii\libwiiuse.a(events.o)
                              c:/devkitPro/libogc/lib/wii\libwiiuse.a(io_wii.o) (parse_event)
c:/devkitPro/libogc/lib/wii\libwiiuse.a(guitar_hero_3.o)
                              c:/devkitPro/libogc/lib/wii\libwiiuse.a(io.o) (guitar_hero_3_handshake)
c:/devkitPro/libogc/lib/wii\libbte.a(bte.o)
                              c:/devkitPro/libogc/lib/wii\libwiiuse.a(wpad.o) (BTE_Init)
c:/devkitPro/libogc/lib/wii\libbte.a(hci.o)
                              c:/devkitPro/libogc/lib/wii\libbte.a(bte.o) (hci_init)
c:/devkitPro/libogc/lib/wii\libbte.a(l2cap.o)
                              c:/devkitPro/libogc/lib/wii\libbte.a(bte.o) (l2cap_init)
c:/devkitPro/libogc/lib/wii\libbte.a(btmemb.o)
                              c:/devkitPro/libogc/lib/wii\libbte.a(bte.o) (btmemb_init)
c:/devkitPro/libogc/lib/wii\libbte.a(btmemr.o)
                              c:/devkitPro/libogc/lib/wii\libbte.a(hci.o) (btmemr_init)
c:/devkitPro/libogc/lib/wii\libbte.a(btpbuf.o)
                              c:/devkitPro/libogc/lib/wii\libbte.a(hci.o) (btpbuf_init)
c:/devkitPro/libogc/lib/wii\libbte.a(physbusif.o)
                              c:/devkitPro/libogc/lib/wii\libbte.a(bte.o) (physbusif_init)
c:/devkitPro/libogc/lib/wii\libogc.a(lwp_queue.o)
                              c:/devkitPro/libogc/lib/wii\libwiiuse.a(io_wii.o) (__lwp_queue_initialize)
c:/devkitPro/libogc/lib/wii\libogc.a(lwp_threads.o)
                              c:/devkitPro/libogc/lib/wii\libwiiuse.a(wpad.o) (_thread_dispatch_disable_level)
c:/devkitPro/libogc/lib/wii\libogc.a(lwp.o)
                              c:/devkitPro/libogc/lib/wii\libbte.a(bte.o) (LWP_InitQueue)
c:/devkitPro/libogc/lib/wii\libogc.a(lwp_handler.o)
                              c:/devkitPro/libogc/lib/wii\libogc.a(lwp_threads.o) (_cpu_context_save_fp)
c:/devkitPro/libogc/lib/wii\libogc.a(lwp_stack.o)
                              c:/devkitPro/libogc/lib/wii\libogc.a(lwp_threads.o) (__lwp_stack_allocate)
[...]
Memory Configuration

Name             Origin             Length             Attributes
*default*        0x00000000         0xffffffff

Linker script and memory map

                0x00003400                . = 0x3400

.stub
 *(.stub)
                0x80004000                . = 0x80004000

.init           0x80004000      0x194
 *crt0.o(*.init)
 .init          0x80004000      0x170 c:/devkitPro/libogc/lib/wii\libogc.a(ogc_crt0.o)
                0x80004000                _start
                0x80004140                _memset
 *(.init)
 .init          0x80004170        0xc c:/devkitpro/devkitppc/bin/../lib/gcc/powerpc-eabi/4.6.3/ecrti.o
                0x80004170                __init
 .init          0x8000417c        0x4 c:/devkitpro/devkitppc/bin/../lib/gcc/powerpc-eabi/4.6.3/crtbegin.o
 .init          0x80004180        0x4 c:/devkitpro/devkitppc/bin/../lib/gcc/powerpc-eabi/4.6.3/crtend.o
 .init          0x80004184       0x10 c:/devkitpro/devkitppc/bin/../lib/gcc/powerpc-eabi/4.6.3/ecrtn.o

.rela.dyn       0x80004194        0x0
 .rela.iplt     0x00000000        0x0 c:/devkitpro/devkitppc/bin/../lib/gcc/powerpc-eabi/4.6.3/crtbegin.o

.plt
 *(.plt)

.interp
 *(.interp)

.hash
 *(.hash)

.dynsym
 *(.dynsym)

.dynstr
 *(.dynstr)

.gnu.version
 *(.gnu.version)

.gnu.version_d
 *(.gnu.version_d)

.gnu.version_r
 *(.gnu.version_r)

.rel.init
 *(.rel.init)

.rela.init      0x80004194        0x0
 *(.rela.init)
 .rela.init     0x00000000        0x0 c:/devkitpro/devkitppc/bin/../lib/gcc/powerpc-eabi/4.6.3/crtbegin.o

.rel.text
 *(.rel.text .rel.text.* .rel.gnu.linkonce.t.*)

.rela.text      0x80004194        0x0
 *(.rela.text .rela.text.* .rela.gnu.linkonce.t.*)
 .rela.text     0x00000000        0x0 c:/devkitpro/devkitppc/bin/../lib/gcc/powerpc-eabi/4.6.3/crtbegin.o
 .rela.text.ux_main
                0x00000000        0x0 c:/devkitpro/devkitppc/bin/../lib/gcc/powerpc-eabi/4.6.3/crtbegin.o
 .rela.text.uxcontrols_init
                0x00000000        0x0 c:/devkitpro/devkitppc/bin/../lib/gcc/powerpc-eabi/4.6.3/crtbegin.o
 .rela.text.uxcontrols_read
                0x00000000        0x0 c:/devkitpro/devkitppc/bin/../lib/gcc/powerpc-eabi/4.6.3/crtbegin.o
 .rela.text.uxfilesys_init
                0x00000000        0x0 c:/devkitpro/devkitppc/bin/../lib/gcc/powerpc-eabi/4.6.3/crtbegin.o
 .rela.text.uxgraphics_init
                0x00000000        0x0 c:/devkitpro/devkitppc/bin/../lib/gcc/powerpc-eabi/4.6.3/crtbegin.o
 .rela.text.uxgraphics_flipscreen
                0x00000000        0x0 c:/devkitpro/devkitppc/bin/../lib/gcc/powerpc-eabi/4.6.3/crtbegin.o
 .rela.text.str_lower
                0x00000000        0x0 c:/devkitpro/devkitppc/bin/../lib/gcc/powerpc-eabi/4.6.3/crtbegin.o
 .rela.text.uxgraphics_vertex_drawMesh_fcol
                0x00000000        0x0 c:/devkitpro/devkitppc/bin/../lib/gcc/powerpc-eabi/4.6.3/crtbegin.o
 .rela.text.uxgraphics_vertex_drawMesh_col
                0x00000000        0x0 c:/devkitpro/devkitppc/bin/../lib/gcc/powerpc-eabi/4.6.3/crtbegin.o
 .rela.text.uxgraphics_vertex_drawMesh_ftex
                0x00000000        0x0 c:/devkitpro/devkitppc/bin/../lib/gcc/powerpc-eabi/4.6.3/crtbegin.o
 .rela.text.uxgraphics_vertex_drawMesh_tex
                0x00000000        0x0 c:/devkitpro/devkitppc/bin/../lib/gcc/powerpc-eabi/4.6.3/crtbegin.o
 .rela.text.uxgraphics_vertex_drawMesh_ffull
                0x00000000        0x0 c:/devkitpro/devkitppc/bin/../lib/gcc/powerpc-eabi/4.6.3/crtbegin.o
 .rela.text.uxgraphics_vertex_drawMesh_full
                0x00000000        0x0 c:/devkitpro/devkitppc/bin/../lib/gcc/powerpc-eabi/4.6.3/crtbegin.o
 .rela.text.uxgraphics_vertex_drawMesh_coltex
                0x00000000        0x0 c:/devkitpro/devkitppc/bin/../lib/gcc/powerpc-eabi/4.6.3/crtbegin.o
 .rela.text.uxgraphics_drawMesh
                0x00000000        0x0 c:/devkitpro/devkitppc/bin/../lib/gcc/powerpc-eabi/4.6.3/crtbegin.o
 .rela.text.fatUnmount
                0x00000000        0x0 c:/devkitpro/devkitppc/bin/../lib/gcc/powerpc-eabi/4.6.3/crtbegin.o
 .rela.text.fatInit
                0x00000000        0x0 c:/devkitpro/devkitppc/bin/../lib/gcc/powerpc-eabi/4.6.3/crtbegin.o
 .rela.text.fatGetVolumeLabel
                0x00000000        0x0 c:/devkitpro/devkitppc/bin/../lib/gcc/powerpc-eabi/4.6.3/crtbegin.o
 .rela.text._FAT_directory_entryGetAlias
                0x00000000        0x0 c:/devkitpro/devkitppc/bin/../lib/gcc/powerpc-eabi/4.6.3/crtbegin.o
 .rela.text.get_io_wiisd
                0x00000000        0x0 c:/devkitpro/devkitppc/bin/../lib/gcc/powerpc-eabi/4.6.3/crtbegin.o
 .rela.text.get_io_usbstorage
                0x00000000        0x0 c:/devkitpro/devkitppc/bin/../lib/gcc/powerpc-eabi/4.6.3/crtbegin.o
 .rela.text.get_io_gcsda
                0x00000000        0x0 c:/devkitpro/devkitppc/bin/../lib/gcc/powerpc-eabi/4.6.3/crtbegin.o
 .rela.text.get_io_gcsdb
                0x00000000        0x0 c:/devkitpro/devkitppc/bin/../lib/gcc/powerpc-eabi/4.6.3/crtbegin.o
 .rela.text.wiiuse_handshake_expansion
                0x00000000        0x0 c:/devkitpro/devkitppc/bin/../lib/gcc/powerpc-eabi/4.6.3/crtbegin.o
 .rela.text.wiiuse_handshake
                0x00000000        0x0 c:/devkitpro/devkitppc/bin/../lib/gcc/powerpc-eabi/4.6.3/crtbegin.o
 .rela.text.wiiuse_init_cmd_queue
                0x00000000        0x0 c:/devkitpro/devkitppc/bin/../lib/gcc/powerpc-eabi/4.6.3/crtbegin.o
 .rela.text.wiiuse_init
                0x00000000        0x0 c:/devkitpro/devkitppc/bin/../lib/gcc/powerpc-eabi/4.6.3/crtbegin.o
 .rela.text.bt_alarmhandler
                0x00000000        0x0 c:/devkitpro/devkitppc/bin/../lib/gcc/powerpc-eabi/4.6.3/crtbegin.o
 .rela.text.__lwp_thread_calcheir
                0x00000000        0x0 c:/devkitpro/devkitppc/bin/../lib/gcc/powerpc-eabi/4.6.3/crtbegin.o
 .rela.text.__lwp_wd_insert_ticks.constprop.4
                0x00000000        0x0 c:/devkitpro/devkitppc/bin/../lib/gcc/powerpc-eabi/4.6.3/crtbegin.o
 .rela.text.__lwp_rotate_readyqueue
                0x00000000        0x0 c:/devkitpro/devkitppc/bin/../lib/gcc/powerpc-eabi/4.6.3/crtbegin.o
 .rela.text.__lwp_thread_setpriority
                0x00000000        0x0 c:/devkitpro/devkitppc/bin/../lib/gcc/powerpc-eabi/4.6.3/crtbegin.o
 .rela.text.__lwp_thread_close
                0x00000000        0x0 c:/devkitpro/devkitppc/bin/../lib/gcc/powerpc-eabi/4.6.3/crtbegin.o
 .rela.text.__lwp_thread_closeall
                0x00000000        0x0 c:/devkitpro/devkitppc/bin/../lib/gcc/powerpc-eabi/4.6.3/crtbegin.o
 .rela.text.__lwp_thread_startmultitasking
                0x00000000        0x0 c:/devkitpro/devkitppc/bin/../lib/gcc/powerpc-eabi/4.6.3/crtbegin.o
 .rela.text.__lwp_thread_stopmultitasking
                0x00000000        0x0 c:/devkitpro/devkitppc/bin/../lib/gcc/powerpc-eabi/4.6.3/crtbegin.o
 .rela.text.__lwp_thread_coreinit
                0x00000000        0x0 c:/devkitpro/devkitppc/bin/../lib/gcc/powerpc-eabi/4.6.3/crtbegin.o
 .rela.text.__lwp_cntrl_free
                0x00000000        0x0 c:/devkitpro/devkitppc/bin/../lib/gcc/powerpc-eabi/4.6.3/crtbegin.o
 .rela.text.__lwp_tqueue_open
                0x00000000        0x0 c:/devkitpro/devkitppc/bin/../lib/gcc/powerpc-eabi/4.6.3/crtbegin.o
 .rela.text.__lwp_cntrl_open
                0x00000000        0x0 c:/devkitpro/devkitppc/bin/../lib/gcc/powerpc-eabi/4.6.3/crtbegin.o
 .rela.text.__lwp_sysinit
                0x00000000        0x0 c:/devkitpro/devkitppc/bin/../lib/gcc/powerpc-eabi/4.6.3/crtbegin.o
 .rela.text.__lwp_thread_isalive
                0x00000000        0x0 c:/devkitpro/devkitppc/bin/../lib/gcc/powerpc-eabi/4.6.3/crtbegin.o
 .rela.text.__lwp_thread_exists
                0x00000000        0x0 c:/devkitpro/devkitppc/bin/../lib/gcc/powerpc-eabi/4.6.3/crtbegin.o
 .rela.text.__lwp_thread_context
                0x00000000        0x0 c:/devkitpro/devkitppc/bin/../lib/gcc/powerpc-eabi/4.6.3/crtbegin.o
 .rela.text.LWP_CreateThread
                0x00000000        0x0 c:/devkitpro/devkitppc/bin/../lib/gcc/powerpc-eabi/4.6.3/crtbegin.o
 .rela.text.LWP_InitQueue
                0x00000000        0x0 c:/devkitpro/devkitppc/bin/../lib/gcc/powerpc-eabi/4.6.3/crtbegin.o
 .rela.text.LWP_CloseQueue
                0x00000000        0x0 c:/devkitpro/devkitppc/bin/../lib/gcc/powerpc-eabi/4.6.3/crtbegin.o
 .rela.text.__lwp_stack_allocate
                0x00000000        0x0 c:/devkitpro/devkitppc/bin/../lib/gcc/powerpc-eabi/4.6.3/crtbegin.o
 .rela.text.__lwp_stack_free
                0x00000000        0x0 c:/devkitpro/devkitppc/bin/../lib/gcc/powerpc-eabi/4.6.3/crtbegin.o
 .rela.text.__lwp_watchdog_init
                0x00000000        0x0 c:/devkitpro/devkitppc/bin/../lib/gcc/powerpc-eabi/4.6.3/crtbegin.o
 .rela.text.__lwp_wd_tickle
                0x00000000        0x0 c:/devkitpro/devkitppc/bin/../lib/gcc/powerpc-eabi/4.6.3/crtbegin.o
 .rela.text.__lwp_wkspace_heapfree
                0x00000000        0x0 c:/devkitpro/devkitppc/bin/../lib/gcc/powerpc-eabi/4.6.3/crtbegin.o
 .rela.text.__lwp_wkspace_heapused
                0x00000000        0x0 c:/devkitpro/devkitppc/bin/../lib/gcc/powerpc-eabi/4.6.3/crtbegin.o
 .rela.text.__lwp_wkspace_init
                0x00000000        0x0 c:/devkitpro/devkitppc/bin/../lib/gcc/powerpc-eabi/4.6.3/crtbegin.o
 .rela.text.__lwp_objmgr_initinfo
                0x00000000        0x0 c:/devkitpro/devkitppc/bin/../lib/gcc/powerpc-eabi/4.6.3/crtbegin.o
 .rela.text.__irq_init
                0x00000000        0x0 c:/devkitpro/devkitppc/bin/../lib/gcc/powerpc-eabi/4.6.3/crtbegin.o
 .rela.text.__lwp_mutex_locksupp.constprop.7
                0x00000000        0x0 c:/devkitpro/devkitppc/bin/../lib/gcc/powerpc-eabi/4.6.3/crtbegin.o
 .rela.text.__lwp_mutex_init
                0x00000000        0x0 c:/devkitpro/devkitppc/bin/../lib/gcc/powerpc-eabi/4.6.3/crtbegin.o
 .rela.text.LWP_MutexInit
                0x00000000        0x0 c:/devkitpro/devkitppc/bin/../lib/gcc/powerpc-eabi/4.6.3/crtbegin.o
 .rela.text.LWP_MutexDestroy
                0x00000000        0x0 c:/devkitpro/devkitppc/bin/../lib/gcc/powerpc-eabi/4.6.3/crtbegin.o
 .rela.text.LWP_MutexUnlock
                0x00000000        0x0 c:/devkitpro/devkitppc/bin/../lib/gcc/powerpc-eabi/4.6.3/crtbegin.o
 .rela.text.__call_resetfuncs
                0x00000000        0x0 c:/devkitpro/devkitppc/bin/../lib/gcc/powerpc-eabi/4.6.3/crtbegin.o
 .rela.text.__locksram
                0x00000000        0x0 c:/devkitpro/devkitppc/bin/../lib/gcc/powerpc-eabi/4.6.3/crtbegin.o
 .rela.text.__lwp_wd_insert_ticks
                0x00000000        0x0 c:/devkitpro/devkitppc/bin/../lib/gcc/powerpc-eabi/4.6.3/crtbegin.o
 .rela.text.__unlocksram
                0x00000000        0x0 c:/devkitpro/devkitppc/bin/../lib/gcc/powerpc-eabi/4.6.3/crtbegin.o
 .rela.text.__sram_writecallback
                0x00000000        0x0 c:/devkitpro/devkitppc/bin/../lib/gcc/powerpc-eabi/4.6.3/crtbegin.o
 .rela.text.__sram_init
                0x00000000        0x0 c:/devkitpro/devkitppc/bin/../lib/gcc/powerpc-eabi/4.6.3/crtbegin.o
 .rela.text.__SYS_SyncSram
                0x00000000        0x0 c:/devkitpro/devkitppc/bin/../lib/gcc/powerpc-eabi/4.6.3/crtbegin.o
 .rela.text.SYS_Init
                0x00000000        0x0 c:/devkitpro/devkitppc/bin/../lib/gcc/powerpc-eabi/4.6.3/crtbegin.o
 .rela.text.SYS_RemoveAlarm
                0x00000000        0x0 c:/devkitpro/devkitppc/bin/../lib/gcc/powerpc-eabi/4.6.3/crtbegin.o
 .rela.text.SYS_CancelAlarm
                0x00000000        0x0 c:/devkitpro/devkitppc/bin/../lib/gcc/powerpc-eabi/4.6.3/crtbegin.o
 .rela.text.__lwp_cond_open
                0x00000000        0x0 c:/devkitpro/devkitppc/bin/../lib/gcc/powerpc-eabi/4.6.3/crtbegin.o
 .rela.text.__lwp_cond_init
                0x00000000        0x0 c:/devkitpro/devkitppc/bin/../lib/gcc/powerpc-eabi/4.6.3/crtbegin.o
 .rela.text.LWP_CondInit
                0x00000000        0x0 c:/devkitpro/devkitppc/bin/../lib/gcc/powerpc-eabi/4.6.3/crtbegin.o
 .rela.text.LWP_CondDestroy
                0x00000000        0x0 c:/devkitpro/devkitppc/bin/../lib/gcc/powerpc-eabi/4.6.3/crtbegin.o
 .rela.text.__GX_FifoLink
                0x00000000        0x0 c:/devkitpro/devkitppc/bin/../lib/gcc/powerpc-eabi/4.6.3/crtbegin.o
 .rela.text.__GX_WriteFifoIntEnable
                0x00000000        0x0 c:/devkitpro/devkitppc/bin/../lib/gcc/powerpc-eabi/4.6.3/crtbegin.o
 .rela.text.__GX_FifoReadEnable
                0x00000000        0x0 c:/devkitpro/devkitppc/bin/../lib/gcc/powerpc-eabi/4.6.3/crtbegin.o
 .rela.text.__GX_FifoReadDisable
                0x00000000        0x0 c:/devkitpro/devkitppc/bin/../lib/gcc/powerpc-eabi/4.6.3/crtbegin.o
 .rela.text.__GX_InitRevBits
                0x00000000        0x0 c:/devkitpro/devkitppc/bin/../lib/gcc/powerpc-eabi/4.6.3/crtbegin.o
 .rela.text.__GXDefTexRegionCallback
                0x00000000        0x0 c:/devkitpro/devkitppc/bin/../lib/gcc/powerpc-eabi/4.6.3/crtbegin.o
 .rela.text.__GXDefTlutRegionCallback
                0x00000000        0x0 c:/devkitpro/devkitppc/bin/../lib/gcc/powerpc-eabi/4.6.3/crtbegin.o
 .rela.text.__GX_FlushTextureState
                0x00000000        0x0 c:/devkitpro/devkitppc/bin/../lib/gcc/powerpc-eabi/4.6.3/crtbegin.o
 .rela.text.__SetSURegs
                0x00000000        0x0 c:/devkitpro/devkitppc/bin/../lib/gcc/powerpc-eabi/4.6.3/crtbegin.o
 .rela.text.__SETVCDFMT
                0x00000000        0x0 c:/devkitpro/devkitppc/bin/../lib/gcc/powerpc-eabi/4.6.3/crtbegin.o
 .rela.text.__GX_SetMatrixIndex
                0x00000000        0x0 c:/devkitpro/devkitppc/bin/../lib/gcc/powerpc-eabi/4.6.3/crtbegin.o
 .rela.text.__GX_SetDirtyState
                0x00000000        0x0 c:/devkitpro/devkitppc/bin/../lib/gcc/powerpc-eabi/4.6.3/crtbegin.o
 .rela.text.__SETVCDATTR
                0x00000000        0x0 c:/devkitpro/devkitppc/bin/../lib/gcc/powerpc-eabi/4.6.3/crtbegin.o
 .rela.text.__GX_WriteFifoIntReset.constprop.6
                0x00000000        0x0 c:/devkitpro/devkitppc/bin/../lib/gcc/powerpc-eabi/4.6.3/crtbegin.o
 .rela.text.__GXCPInterruptHandler
                0x00000000        0x0 c:/devkitpro/devkitppc/bin/../lib/gcc/powerpc-eabi/4.6.3/crtbegin.o
 .rela.text.GX_Flush
                0x00000000        0x0 c:/devkitpro/devkitppc/bin/../lib/gcc/powerpc-eabi/4.6.3/crtbegin.o
 .rela.text.GX_EnableBreakPt
                0x00000000        0x0 c:/devkitpro/devkitppc/bin/../lib/gcc/powerpc-eabi/4.6.3/crtbegin.o
 .rela.text.GX_DisableBreakPt
                0x00000000        0x0 c:/devkitpro/devkitppc/bin/../lib/gcc/powerpc-eabi/4.6.3/crtbegin.o
 .rela.text.GX_AbortFrame
                0x00000000        0x0 c:/devkitpro/devkitppc/bin/../lib/gcc/powerpc-eabi/4.6.3/crtbegin.o
 .rela.text.GX_PixModeSync
                0x00000000        0x0 c:/devkitpro/devkitppc/bin/../lib/gcc/powerpc-eabi/4.6.3/crtbegin.o
 .rela.text.GX_SetMisc
                0x00000000        0x0 c:/devkitpro/devkitppc/bin/../lib/gcc/powerpc-eabi/4.6.3/crtbegin.o
 .rela.text.GX_SetCopyClamp
                0x00000000        0x0 c:/devkitpro/devkitppc/bin/../lib/gcc/powerpc-eabi/4.6.3/crtbegin.o
 .rela.text.GX_SetDispCopyGamma
                0x00000000        0x0 c:/devkitpro/devkitppc/bin/../lib/gcc/powerpc-eabi/4.6.3/crtbegin.o
 .rela.text.GX_SetDispCopyFrame2Field
                0x00000000        0x0 c:/devkitpro/devkitppc/bin/../lib/gcc/powerpc-eabi/4.6.3/crtbegin.o
 .rela.text.GX_SetDispCopyYScale
                0x00000000        0x0 c:/devkitpro/devkitppc/bin/../lib/gcc/powerpc-eabi/4.6.3/crtbegin.o
 .rela.text.GX_SetDispCopyDst
                0x00000000        0x0 c:/devkitpro/devkitppc/bin/../lib/gcc/powerpc-eabi/4.6.3/crtbegin.o
 .rela.text.GX_SetDispCopySrc
                0x00000000        0x0 c:/devkitpro/devkitppc/bin/../lib/gcc/powerpc-eabi/4.6.3/crtbegin.o
 .rela.text.GX_CopyDisp
                0x00000000        0x0 c:/devkitpro/devkitppc/bin/../lib/gcc/powerpc-eabi/4.6.3/crtbegin.o
 .rela.text.GX_CopyTex
                0x00000000        0x0 c:/devkitpro/devkitppc/bin/../lib/gcc/powerpc-eabi/4.6.3/crtbegin.o
 .rela.text.GX_SetTexCopySrc
                0x00000000        0x0 c:/devkitpro/devkitppc/bin/../lib/gcc/powerpc-eabi/4.6.3/crtbegin.o
 .rela.text.GX_SetTexCopyDst
                0x00000000        0x0 c:/devkitpro/devkitppc/bin/../lib/gcc/powerpc-eabi/4.6.3/crtbegin.o
 .rela.text.GX_BeginDispList
                0x00000000        0x0 c:/devkitpro/devkitppc/bin/../lib/gcc/powerpc-eabi/4.6.3/crtbegin.o
 .rela.text.GX_EndDispList
                0x00000000        0x0 c:/devkitpro/devkitppc/bin/../lib/gcc/powerpc-eabi/4.6.3/crtbegin.o
 .rela.text.GX_CallDispList
                0x00000000        0x0 c:/devkitpro/devkitppc/bin/../lib/gcc/powerpc-eabi/4.6.3/crtbegin.o
 .rela.text.GX_SetChanCtrl
                0x00000000        0x0 c:/devkitpro/devkitppc/bin/../lib/gcc/powerpc-eabi/4.6.3/crtbegin.o
 .rela.text.GX_SetChanAmbColor
                0x00000000        0x0 c:/devkitpro/devkitppc/bin/../lib/gcc/powerpc-eabi/4.6.3/crtbegin.o
 .rela.text.GX_SetChanMatColor
                0x00000000        0x0 c:/devkitpro/devkitppc/bin/../lib/gcc/powerpc-eabi/4.6.3/crtbegin.o
 .rela.text.GX_SetVtxDesc
                0x00000000        0x0 c:/devkitpro/devkitppc/bin/../lib/gcc/powerpc-eabi/4.6.3/crtbegin.o
 .rela.text.GX_SetVtxDescv
                0x00000000        0x0 c:/devkitpro/devkitppc/bin/../lib/gcc/powerpc-eabi/4.6.3/crtbegin.o
 .rela.text.GX_GetVtxDescv
                0x00000000        0x0 c:/devkitpro/devkitppc/bin/../lib/gcc/powerpc-eabi/4.6.3/crtbegin.o
 .rela.text.GX_SetVtxAttrFmt
                0x00000000        0x0 c:/devkitpro/devkitppc/bin/../lib/gcc/powerpc-eabi/4.6.3/crtbegin.o
 .rela.text.GX_SetVtxAttrFmtv
                0x00000000        0x0 c:/devkitpro/devkitppc/bin/../lib/gcc/powerpc-eabi/4.6.3/crtbegin.o
 .rela.text.GX_Begin
                0x00000000        0x0 c:/devkitpro/devkitppc/bin/../lib/gcc/powerpc-eabi/4.6.3/crtbegin.o
 .rela.text.GX_SetTexCoordGen2
                0x00000000        0x0 c:/devkitpro/devkitppc/bin/../lib/gcc/powerpc-eabi/4.6.3/crtbegin.o
 .rela.text.GX_SetCurrentMtx
                0x00000000        0x0 c:/devkitpro/devkitppc/bin/../lib/gcc/powerpc-eabi/4.6.3/crtbegin.o
 .rela.text.GX_SetNumTexGens
                0x00000000        0x0 c:/devkitpro/devkitppc/bin/../lib/gcc/powerpc-eabi/4.6.3/crtbegin.o
 .rela.text.GX_SetZMode
                0x00000000        0x0 c:/devkitpro/devkitppc/bin/../lib/gcc/powerpc-eabi/4.6.3/crtbegin.o
 .rela.text.GX_LoadTexObjPreloaded
                0x00000000        0x0 c:/devkitpro/devkitppc/bin/../lib/gcc/powerpc-eabi/4.6.3/crtbegin.o
 .rela.text.GX_SetTexCoordScaleManually
                0x00000000        0x0 c:/devkitpro/devkitppc/bin/../lib/gcc/powerpc-eabi/4.6.3/crtbegin.o
 .rela.text.GX_SetTexCoordCylWrap
                0x00000000        0x0 c:/devkitpro/devkitppc/bin/../lib/gcc/powerpc-eabi/4.6.3/crtbegin.o
 .rela.text.GX_SetTexCoordBias
                0x00000000        0x0 c:/devkitpro/devkitppc/bin/../lib/gcc/powerpc-eabi/4.6.3/crtbegin.o
 .rela.text.GX_SetBlendMode
                0x00000000        0x0 c:/devkitpro/devkitppc/bin/../lib/gcc/powerpc-eabi/4.6.3/crtbegin.o
 .rela.text.GX_ClearVtxDesc
                0x00000000        0x0 c:/devkitpro/devkitppc/bin/../lib/gcc/powerpc-eabi/4.6.3/crtbegin.o
 .rela.text.GX_SetLineWidth
                0x00000000        0x0 c:/devkitpro/devkitppc/bin/../lib/gcc/powerpc-eabi/4.6.3/crtbegin.o
 .rela.text.GX_SetPointSize
                0x00000000        0x0 c:/devkitpro/devkitppc/bin/../lib/gcc/powerpc-eabi/4.6.3/crtbegin.o
 .rela.text.GX_SetTevColorIn
                0x00000000        0x0 c:/devkitpro/devkitppc/bin/../lib/gcc/powerpc-eabi/4.6.3/crtbegin.o
 .rela.text.GX_SetTevAlphaIn
                0x00000000        0x0 c:/devkitpro/devkitppc/bin/../lib/gcc/powerpc-eabi/4.6.3/crtbegin.o
 .rela.text.GX_SetTevColorOp
                0x00000000        0x0 c:/devkitpro/devkitppc/bin/../lib/gcc/powerpc-eabi/4.6.3/crtbegin.o
 .rela.text.GX_SetTevAlphaOp
                0x00000000        0x0 c:/devkitpro/devkitppc/bin/../lib/gcc/powerpc-eabi/4.6.3/crtbegin.o
 .rela.text.GX_SetCullMode
                0x00000000        0x0 c:/devkitpro/devkitppc/bin/../lib/gcc/powerpc-eabi/4.6.3/crtbegin.o
 .rela.text.GX_SetCoPlanar
                0x00000000        0x0 c:/devkitpro/devkitppc/bin/../lib/gcc/powerpc-eabi/4.6.3/crtbegin.o
 .rela.text.GX_EnableTexOffsets
                0x00000000        0x0 c:/devkitpro/devkitppc/bin/../lib/gcc/powerpc-eabi/4.6.3/crtbegin.o
 .rela.text.GX_SetScissor
                0x00000000        0x0 c:/devkitpro/devkitppc/bin/../lib/gcc/powerpc-eabi/4.6.3/crtbegin.o
 .rela.text.GX_SetNumChans
                0x00000000        0x0 c:/devkitpro/devkitppc/bin/../lib/gcc/powerpc-eabi/4.6.3/crtbegin.o
 .rela.text.GX_SetTevOrder
                0x00000000        0x0 c:/devkitpro/devkitppc/bin/../lib/gcc/powerpc-eabi/4.6.3/crtbegin.o
 .rela.text.GX_SetNumTevStages
                0x00000000        0x0 c:/devkitpro/devkitppc/bin/../lib/gcc/powerpc-eabi/4.6.3/crtbegin.o
 .rela.text.GX_SetTevKColorSel
                0x00000000        0x0 c:/devkitpro/devkitppc/bin/../lib/gcc/powerpc-eabi/4.6.3/crtbegin.o
 .rela.text.GX_SetTevKAlphaSel
                0x00000000        0x0 c:/devkitpro/devkitppc/bin/../lib/gcc/powerpc-eabi/4.6.3/crtbegin.o
 .rela.text.GX_SetTevSwapMode
                0x00000000        0x0 c:/devkitpro/devkitppc/bin/../lib/gcc/powerpc-eabi/4.6.3/crtbegin.o
 .rela.text.GX_SetTevSwapModeTable
                0x00000000        0x0 c:/devkitpro/devkitppc/bin/../lib/gcc/powerpc-eabi/4.6.3/crtbegin.o
 .rela.text.GX_SetNumIndStages
                0x00000000        0x0 c:/devkitpro/devkitppc/bin/../lib/gcc/powerpc-eabi/4.6.3/crtbegin.o
 .rela.text.GX_SetIndTexCoordScale
                0x00000000        0x0 c:/devkitpro/devkitppc/bin/../lib/gcc/powerpc-eabi/4.6.3/crtbegin.o
 .rela.text.GX_SetColorUpdate
                0x00000000        0x0 c:/devkitpro/devkitppc/bin/../lib/gcc/powerpc-eabi/4.6.3/crtbegin.o
 .rela.text.GX_SetAlphaUpdate
                0x00000000        0x0 c:/devkitpro/devkitppc/bin/../lib/gcc/powerpc-eabi/4.6.3/crtbegin.o
 .rela.text.GX_SetZCompLoc
                0x00000000        0x0 c:/devkitpro/devkitppc/bin/../lib/gcc/powerpc-eabi/4.6.3/crtbegin.o
 .rela.text.GX_SetPixelFmt
                0x00000000        0x0 c:/devkitpro/devkitppc/bin/../lib/gcc/powerpc-eabi/4.6.3/crtbegin.o
 .rela.text.GX_SetDither
                0x00000000        0x0 c:/devkitpro/devkitppc/bin/../lib/gcc/powerpc-eabi/4.6.3/crtbegin.o
 .rela.text.GX_SetDstAlpha
                0x00000000        0x0 c:/devkitpro/devkitppc/bin/../lib/gcc/powerpc-eabi/4.6.3/crtbegin.o
 .rela.text.GX_SetFieldMode
                0x00000000        0x0 c:/devkitpro/devkitppc/bin/../lib/gcc/powerpc-eabi/4.6.3/crtbegin.o
 .rela.text.GX_SetIndTexOrder
                0x00000000        0x0 c:/devkitpro/devkitppc/bin/../lib/gcc/powerpc-eabi/4.6.3/crtbegin.o
 .rela.text.GX_SetGPMetric
                0x00000000        0x0 c:/devkitpro/devkitppc/bin/../lib/gcc/powerpc-eabi/4.6.3/crtbegin.o
 .rela.text.GX_Init
                0x00000000        0x0 c:/devkitpro/devkitppc/bin/../lib/gcc/powerpc-eabi/4.6.3/crtbegin.o
 .rela.text.GX_ReadGPMetric
                0x00000000        0x0 c:/devkitpro/devkitppc/bin/../lib/gcc/powerpc-eabi/4.6.3/crtbegin.o
 .rela.text.c_decrementer_handler
                0x00000000        0x0 c:/devkitpro/devkitppc/bin/../lib/gcc/powerpc-eabi/4.6.3/crtbegin.o
 .rela.text.__lwp_mqbox_free
                0x00000000        0x0 c:/devkitpro/devkitppc/bin/../lib/gcc/powerpc-eabi/4.6.3/crtbegin.o
 .rela.text.__lwp_mqbox_open
                0x00000000        0x0 c:/devkitpro/devkitppc/bin/../lib/gcc/powerpc-eabi/4.6.3/crtbegin.o
 .rela.text.__lwp_mqbox_init
                0x00000000        0x0 c:/devkitpro/devkitppc/bin/../lib/gcc/powerpc-eabi/4.6.3/crtbegin.o
 .rela.text.MQ_Init
                0x00000000        0x0 c:/devkitpro/devkitppc/bin/../lib/gcc/powerpc-eabi/4.6.3/crtbegin.o
 .rela.text.__ios_ioctlvformat_parse
                0x00000000        0x0 c:/devkitpro/devkitppc/bin/../lib/gcc/powerpc-eabi/4.6.3/crtbegin.o
 .rela.text.__ioctlvfmtCB
                0x00000000        0x0 c:/devkitpro/devkitppc/bin/../lib/gcc/powerpc-eabi/4.6.3/crtbegin.o
 .rela.text.IOS_IoctlvFormat
                0x00000000        0x0 c:/devkitpro/devkitppc/bin/../lib/gcc/powerpc-eabi/4.6.3/crtbegin.o
 .rela.text.IOS_IoctlvFormatAsync
                0x00000000        0x0 c:/devkitpro/devkitppc/bin/../lib/gcc/powerpc-eabi/4.6.3/crtbegin.o
 .rela.text.nanosleep
                0x00000000        0x0 c:/devkitpro/devkitppc/bin/../lib/gcc/powerpc-eabi/4.6.3/crtbegin.o
 .rela.text.__libc_delete_hook
                0x00000000        0x0 c:/devkitpro/devkitppc/bin/../lib/gcc/powerpc-eabi/4.6.3/crtbegin.o
 .rela.text.__libc_init
                0x00000000        0x0 c:/devkitpro/devkitppc/bin/../lib/gcc/powerpc-eabi/4.6.3/crtbegin.o
 .rela.text.__libc_wrapup
                0x00000000        0x0 c:/devkitpro/devkitppc/bin/../lib/gcc/powerpc-eabi/4.6.3/crtbegin.o
 .rela.text.__CheckARGV
                0x00000000        0x0 c:/devkitpro/devkitppc/bin/../lib/gcc/powerpc-eabi/4.6.3/crtbegin.o
 .rela.text.__lwp_priority_init
                0x00000000        0x0 c:/devkitpro/devkitppc/bin/../lib/gcc/powerpc-eabi/4.6.3/crtbegin.o
 .rela.text.__lwp_wd_remove_ticks
                0x00000000        0x0 c:/devkitpro/devkitppc/bin/../lib/gcc/powerpc-eabi/4.6.3/crtbegin.o
 .rela.text.__lwp_threadqueue_enqueue
                0x00000000        0x0 c:/devkitpro/devkitppc/bin/../lib/gcc/powerpc-eabi/4.6.3/crtbegin.o
 .rela.text.__lwpmq_initialize
                0x00000000        0x0 c:/devkitpro/devkitppc/bin/../lib/gcc/powerpc-eabi/4.6.3/crtbegin.o
 .rela.text.__lwpmq_close
                0x00000000        0x0 c:/devkitpro/devkitppc/bin/../lib/gcc/powerpc-eabi/4.6.3/crtbegin.o
 .rela.text.__systemcall_init
                0x00000000        0x0 c:/devkitpro/devkitppc/bin/../lib/gcc/powerpc-eabi/4.6.3/crtbegin.o
 .rela.text.__exception_init
                0x00000000        0x0 c:/devkitpro/devkitppc/bin/../lib/gcc/powerpc-eabi/4.6.3/crtbegin.o
 .rela.text.__exception_close
                0x00000000        0x0 c:/devkitpro/devkitppc/bin/../lib/gcc/powerpc-eabi/4.6.3/crtbegin.o
 .rela.text.__exception_sethandler
                0x00000000        0x0 c:/devkitpro/devkitppc/bin/../lib/gcc/powerpc-eabi/4.6.3/crtbegin.o
 .rela.text.__lwp_sema_open
                0x00000000        0x0 c:/devkitpro/devkitppc/bin/../lib/gcc/powerpc-eabi/4.6.3/crtbegin.o
 .rela.text.__lwp_sema_init
                0x00000000        0x0 c:/devkitpro/devkitppc/bin/../lib/gcc/powerpc-eabi/4.6.3/crtbegin.o
 .rela.text.LWP_SemInit
                0x00000000        0x0 c:/devkitpro/devkitppc/bin/../lib/gcc/powerpc-eabi/4.6.3/crtbegin.o
 .rela.text.LWP_SemDestroy
                0x00000000        0x0 c:/devkitpro/devkitppc/bin/../lib/gcc/powerpc-eabi/4.6.3/crtbegin.o
 .rela.text.kprintf
                0x00000000        0x0 c:/devkitpro/devkitppc/bin/../lib/gcc/powerpc-eabi/4.6.3/crtbegin.o
 .rela.text.__card_readcid
                0x00000000        0x0 c:/devkitpro/devkitppc/bin/../lib/gcc/powerpc-eabi/4.6.3/crtbegin.o
 .rela.text.__card_readcsd
                0x00000000        0x0 c:/devkitpro/devkitppc/bin/../lib/gcc/powerpc-eabi/4.6.3/crtbegin.o
 .rela.text.__card_sd_status
                0x00000000        0x0 c:/devkitpro/devkitppc/bin/../lib/gcc/powerpc-eabi/4.6.3/crtbegin.o
 .rela.text.sdgecko_initIO
                0x00000000        0x0 c:/devkitpro/devkitppc/bin/../lib/gcc/powerpc-eabi/4.6.3/crtbegin.o
 .rela.text.__console_init
                0x00000000        0x0 c:/devkitpro/devkitppc/bin/../lib/gcc/powerpc-eabi/4.6.3/crtbegin.o
 .rela.text.__console_init_ex
                0x00000000        0x0 c:/devkitpro/devkitppc/bin/../lib/gcc/powerpc-eabi/4.6.3/crtbegin.o
 .rela.text.CON_EnableGecko
                0x00000000        0x0 c:/devkitpro/devkitppc/bin/../lib/gcc/powerpc-eabi/4.6.3/crtbegin.o
 .rela.text.atangent
                0x00000000        0x0 c:/devkitpro/devkitppc/bin/../lib/gcc/powerpc-eabi/4.6.3/crtbegin.o
 .rela.text.atangentf
                0x00000000        0x0 c:/devkitpro/devkitppc/bin/../lib/gcc/powerpc-eabi/4.6.3/crtbegin.o
 .rela.text.sinef
                0x00000000        0x0 c:/devkitpro/devkitppc/bin/../lib/gcc/powerpc-eabi/4.6.3/crtbegin.o
 .rela.text.sqrtf
                0x00000000        0x0 c:/devkitpro/devkitppc/bin/../lib/gcc/powerpc-eabi/4.6.3/crtbegin.o
 .rela.text.tanf
                0x00000000        0x0 c:/devkitpro/devkitppc/bin/../lib/gcc/powerpc-eabi/4.6.3/crtbegin.o
 .rela.text.calloc
                0x00000000        0x0 c:/devkitpro/devkitppc/bin/../lib/gcc/powerpc-eabi/4.6.3/crtbegin.o
 .rela.text.__errno
                0x00000000        0x0 c:/devkitpro/devkitppc/bin/../lib/gcc/powerpc-eabi/4.6.3/crtbegin.o
 .rela.text.exit
                0x00000000        0x0 c:/devkitpro/devkitppc/bin/../lib/gcc/powerpc-eabi/4.6.3/crtbegin.o
 .rela.text.fclose
                0x00000000        0x0 c:/devkitpro/devkitppc/bin/../lib/gcc/powerpc-eabi/4.6.3/crtbegin.o
 .rela.text.fflush
                0x00000000        0x0 c:/devkitpro/devkitppc/bin/../lib/gcc/powerpc-eabi/4.6.3/crtbegin.o
 .rela.text.std.isra.0
                0x00000000        0x0 c:/devkitpro/devkitppc/bin/../lib/gcc/powerpc-eabi/4.6.3/crtbegin.o
 .rela.text._cleanup
                0x00000000        0x0 c:/devkitpro/devkitppc/bin/../lib/gcc/powerpc-eabi/4.6.3/crtbegin.o
 .rela.text.__sfp
                0x00000000        0x0 c:/devkitpro/devkitppc/bin/../lib/gcc/powerpc-eabi/4.6.3/crtbegin.o
 .rela.text.__fp_lock_all
                0x00000000        0x0 c:/devkitpro/devkitppc/bin/../lib/gcc/powerpc-eabi/4.6.3/crtbegin.o
 .rela.text.__fp_unlock_all
                0x00000000        0x0 c:/devkitpro/devkitppc/bin/../lib/gcc/powerpc-eabi/4.6.3/crtbegin.o
 .rela.text._fopen_r
                0x00000000        0x0 c:/devkitpro/devkitppc/bin/../lib/gcc/powerpc-eabi/4.6.3/crtbegin.o
 .rela.text.fopen
                0x00000000        0x0 c:/devkitpro/devkitppc/bin/../lib/gcc/powerpc-eabi/4.6.3/crtbegin.o
 .rela.text.fprintf
                0x00000000        0x0 c:/devkitpro/devkitppc/bin/../lib/gcc/powerpc-eabi/4.6.3/crtbegin.o
 .rela.text.fputs
                0x00000000        0x0 c:/devkitpro/devkitppc/bin/../lib/gcc/powerpc-eabi/4.6.3/crtbegin.o
 .rela.text.fread
                0x00000000        0x0 c:/devkitpro/devkitppc/bin/../lib/gcc/powerpc-eabi/4.6.3/crtbegin.o
 .rela.text._malloc_trim_r
                0x00000000        0x0 c:/devkitpro/devkitppc/bin/../lib/gcc/powerpc-eabi/4.6.3/crtbegin.o
 .rela.text._free_r
                0x00000000        0x0 c:/devkitpro/devkitppc/bin/../lib/gcc/powerpc-eabi/4.6.3/crtbegin.o
 .rela.text._fseek_r
                0x00000000        0x0 c:/devkitpro/devkitppc/bin/../lib/gcc/powerpc-eabi/4.6.3/crtbegin.o
 .rela.text.fseek
                0x00000000        0x0 c:/devkitpro/devkitppc/bin/../lib/gcc/powerpc-eabi/4.6.3/crtbegin.o
 .rela.text.ftell
                0x00000000        0x0 c:/devkitpro/devkitppc/bin/../lib/gcc/powerpc-eabi/4.6.3/crtbegin.o
 .rela.text.fwrite
                0x00000000        0x0 c:/devkitpro/devkitppc/bin/../lib/gcc/powerpc-eabi/4.6.3/crtbegin.o
 .rela.text.loadlocale
                0x00000000        0x0 c:/devkitpro/devkitppc/bin/../lib/gcc/powerpc-eabi/4.6.3/crtbegin.o
 .rela.text.__smakebuf_r
                0x00000000        0x0 c:/devkitpro/devkitppc/bin/../lib/gcc/powerpc-eabi/4.6.3/crtbegin.o
 .rela.text._mbrtowc_r
                0x00000000        0x0 c:/devkitpro/devkitppc/bin/../lib/gcc/powerpc-eabi/4.6.3/crtbegin.o
 .rela.text.mbrtowc
                0x00000000        0x0 c:/devkitpro/devkitppc/bin/../lib/gcc/powerpc-eabi/4.6.3/crtbegin.o
 .rela.text.mktime
                0x00000000        0x0 c:/devkitpro/devkitppc/bin/../lib/gcc/powerpc-eabi/4.6.3/crtbegin.o
 .rela.text._mktm_r
                0x00000000        0x0 c:/devkitpro/devkitppc/bin/../lib/gcc/powerpc-eabi/4.6.3/crtbegin.o
 .rela.text._wcrtomb_r
                0x00000000        0x0 c:/devkitpro/devkitppc/bin/../lib/gcc/powerpc-eabi/4.6.3/crtbegin.o
 .rela.text.wcrtomb
                0x00000000        0x0 c:/devkitpro/devkitppc/bin/../lib/gcc/powerpc-eabi/4.6.3/crtbegin.o
 .rela.text.wctob
                0x00000000        0x0 c:/devkitpro/devkitppc/bin/../lib/gcc/powerpc-eabi/4.6.3/crtbegin.o
 .rela.text.__call_exitprocs
                0x00000000        0x0 c:/devkitpro/devkitppc/bin/../lib/gcc/powerpc-eabi/4.6.3/crtbegin.o
 .rela.text._dtoa_r
                0x00000000        0x0 c:/devkitpro/devkitppc/bin/../lib/gcc/powerpc-eabi/4.6.3/crtbegin.o
 .rela.text._findenv_r
                0x00000000        0x0 c:/devkitpro/devkitppc/bin/../lib/gcc/powerpc-eabi/4.6.3/crtbegin.o

.rel.fini
 *(.rel.fini)

.rela.fini
 *(.rela.fini)

.rel.rodata
 *(.rel.rodata .rel.rodata.* .rel.gnu.linkonce.r.*)

.rela.rodata    0x80004194        0x0
 *(.rela.rodata .rela.rodata.* .rela.gnu.linkonce.r.*)
 .rela.rodata.dotab_fat
                0x00000000        0x0 c:/devkitpro/devkitppc/bin/../lib/gcc/powerpc-eabi/4.6.3/crtbegin.o

.rel.data
 *(.rel.data .rel.data.* .rel.gnu.linkonce.d.*)

.rela.data
 *(.rela.data .rela.data.* .rela.gnu.linkonce.d.*)

.rel.tdata
 *(.rel.tdata .rel.tdata.* .rel.gnu.linkonce.td.*)

.rela.tdata
 *(.rela.tdata .rela.tdata.* .rela.gnu.linkonce.td.*)

.rel.tbss
 *(.rel.tbss .rel.tbss.* .rel.gnu.linkonce.tb.*)

.rela.tbss
 *(.rela.tbss .rela.tbss.* .rela.gnu.linkonce.tb.*)

.rel.ctors
 *(.rel.ctors)

.rela.ctors
 *(.rela.ctors)

.rel.dtors
 *(.rel.dtors)

.rela.dtors
 *(.rela.dtors)

.rel.got
 *(.rel.got)

.rela.got
 *(.rela.got)

.rela.got1
 *(.rela.got1)

.rela.got2      0x80004194        0x0
 *(.rela.got2)
 .rela.got2     0x00000000        0x0 c:/devkitpro/devkitppc/bin/../lib/gcc/powerpc-eabi/4.6.3/crtbegin.o

.rel.sdata
 *(.rel.sdata .rel.sdata.* .rel.gnu.linkonce.s.*)

.rela.sdata
 *(.rela.sdata .rela.sdata.* .rela.gnu.linkonce.s.*)

.rel.sbss
 *(.rel.sbss .rel.sbss.* .rel.gnu.linkonce.sb.*)

.rela.sbss
 *(.rela.sbss .rela.sbss.* .rel.gnu.linkonce.sb.*)

.rel.sdata2
 *(.rel.sdata2 .rel.sdata2.* .rel.gnu.linkonce.s2.*)

.rela.sdata2
 *(.rela.sdata2 .rela.sdata2.* .rela.gnu.linkonce.s2.*)

.rel.sbss2
 *(.rel.sbss2 .rel.sbss2.* .rel.gnu.linkonce.sb2.*)

.rela.sbss2
 *(.rela.sbss2 .rela.sbss2.* .rela.gnu.linkonce.sb2.*)

.rel.bss
 *(.rel.bss .rel.bss.* .rel.gnu.linkonce.b.*)

.rela.bss
 *(.rela.bss .rela.bss.* .rela.gnu.linkonce.b.*)

.rel.plt
 *(.rel.plt)

.rela.plt
 *(.rela.plt)

.text           0x800041a0    0x455e0
 *(.text)
 .text          0x800041a0      0x168 c:/devkitpro/devkitppc/bin/../lib/gcc/powerpc-eabi/4.6.3/crtbegin.o
 .text          0x80004308       0x44 c:/devkitpro/devkitppc/bin/../lib/gcc/powerpc-eabi/4.6.3/../../../../powerpc-eabi/lib/crtmain.o
                0x8000430c                __crtmain
 *fill*         0x8000434c       0x14 00000000
 .text          0x80004360      0x44c c:/devkitPro/libogc/lib/wii\libogc.a(lwp_handler.o)
                0x80004360                _cpu_context_save_fp
                0x800044a0                _cpu_context_restore_fp
                0x800045e0                _cpu_context_switch
                0x800046c0                _cpu_context_save
                0x80004740                _cpu_context_restore
 .text          0x800047ac      0x4f4 c:/devkitPro/libogc/lib/wii\libogc.a(cache_asm.o)
                0x800047ac                DCFlashInvalidate
                0x800047c0                DCEnable
                0x800047d4                DCDisable
                0x800047e8                DCFreeze
                0x800047fc                DCUnfreeze
                0x80004810                DCTouchLoad
                0x80004818                DCBlockZero
                0x80004820                DCBlockStore
                0x80004828                DCBlockFlush
                0x80004830                DCBlockInvalidate
                0x80004838                DCInvalidateRange
                0x80004868                DCFlushRange
                0x8000489c                DCStoreRange
                0x800048d0                DCFlushRangeNoSync
                0x80004900                DCStoreRangeNoSync
                0x80004930                DCZeroRange
                0x80004960                DCTouchRange
                0x80004990                ICInvalidateRange
                0x800049c8                ICFlashInvalidate
                0x800049dc                ICEnable
                0x800049f0                ICDisable
                0x80004a04                ICFreeze
                0x80004a18                ICUnfreeze
                0x80004a2c                ICBlockInvalidate
                0x80004a34                ICSync
                0x80004a3c                L2Init
                0x80004a84                L2Enable
                0x80004aa0                L2Disable
                0x80004ab8                L2GlobalInvalidate
                0x80004b10                __LCEnable
                0x80004bdc                LCDisable
                0x80004c04                LCAllocOneTag
                0x80004c18                LCAllocTags
                0x80004c58                LCLoadBlocks
                0x80004c7c                LCStoreBlocks
 .text          0x80004ca0      0x4a0 c:/devkitPro/libogc/lib/wii\libogc.a(system_asm.o)
                0x80004ca0                __realmode
                0x80004cb8                __configBATS
                0x80004de8                __InitFPRS
                0x80004f14                __InitPS
                0x80004f70                __InitCache
                0x80004fc8                __InitSystem
                0x80005050                __flush_cache
                0x80005084                __reset
                0x800050f4                __InitBATS
                0x80005110                SYS_SwitchFiber
 .text          0x80005140      0x8dc c:/devkitPro/libogc/lib/wii\libogc.a(gu_psasm.o)
                0x80005140                ps_guMtxConcat
                0x80005204                ps_guMtxIdentity
                0x80005230                ps_guMtxCopy
                0x80005264                ps_guMtxTranspose
                0x800052b4                ps_guMtxInverse
                0x800053ac                ps_guMtxInvXpose
                0x80005474                ps_guMtxScale
                0x8000549c                ps_guMtxScaleApply
                0x800054f4                ps_guMtxApplyScale
                0x80005558                ps_guMtxTrans
                0x8000558c                ps_guMtxTransApply
                0x800055d8                ps_guMtxApplyTrans
                0x80005654                ps_guMtxRotTrig
                0x80005704                __ps_guMtxRotAxisRadInternal
                0x800057c4                ps_guMtxReflect
                0x80005834                ps_guVecAdd
                0x80005858                ps_guVecSub
                0x8000587c                ps_guVecScale
                0x80005898                ps_guVecNormalize
                0x800058dc                ps_guVecCross
                0x80005918                ps_guVecDotProduct
                0x80005938                ps_guVecMultiply
                0x8000598c                ps_guVecMultiplySR
                0x800059fc                ps_guQuatDotProduct
 .text          0x80005a1c      0x1ac c:/devkitPro/libogc/lib/wii\libogc.a(irq_handler.o)
                0x80005a1c                irq_exceptionhandler
 .text          0x80005bc8      0x1ac c:/devkitPro/libogc/lib/wii\libogc.a(decrementer_handler.o)
                0x80005bc8                dec_exceptionhandler
 .text          0x80005d74      0x35c c:/devkitPro/libogc/lib/wii\libogc.a(exception_handler.o)
                0x80005d74                exceptionhandler_start
                0x80005df0                exceptionhandler_patch
                0x80005e24                exceptionhandler_end
                0x80005e28                default_exceptionhandler
                0x80005f58                fpu_exceptionhandler
                0x800060a0                systemcallhandler_start
                0x800060cc                systemcallhandler_end
 .text          0x800060d0       0x40 c:/devkitpro/devkitppc/bin/../lib/gcc/powerpc-eabi/4.6.3\libgcc.a(_ashldi3.o)
                0x800060d0                __ashldi3
 .text          0x80006110      0x448 c:/devkitpro/devkitppc/bin/../lib/gcc/powerpc-eabi/4.6.3\libgcc.a(_divdi3.o)
                0x80006110                __divdi3
 .text          0x80006558      0x400 c:/devkitpro/devkitppc/bin/../lib/gcc/powerpc-eabi/4.6.3\libgcc.a(_udivdi3.o)
                0x80006558                __udivdi3
 .text          0x80006958      0x3d4 c:/devkitpro/devkitppc/bin/../lib/gcc/powerpc-eabi/4.6.3\libgcc.a(_umoddi3.o)
                0x80006958                __umoddi3
 .text          0x80006d2c       0x48 c:/devkitpro/devkitppc/bin/../lib/gcc/powerpc-eabi/4.6.3\libgcc.a(eabi.o)
                0x80006d2c                __eabi
 .text          0x80006d74       0x4c c:/devkitpro/devkitppc/bin/../lib/gcc/powerpc-eabi/4.6.3\libgcc.a(crtsavfpr.o)
                0x80006d74                _savefpr_14
                0x80006d78                _savefpr_15
                0x80006d7c                _savefpr_16
                0x80006d80                _savefpr_17
                0x80006d84                _savefpr_18
                0x80006d88                _savefpr_19
                0x80006d8c                _savefpr_20
                0x80006d90                _savefpr_21
                0x80006d94                _savefpr_22
                0x80006d98                _savefpr_23
                0x80006d9c                _savefpr_24
                0x80006da0                _savefpr_25
                0x80006da4                _savefpr_26
                0x80006da8                _savefpr_27
                0x80006dac                _savefpr_28
                0x80006db0                _savefpr_29
                0x80006db4                _savefpr_30
                0x80006db8                _savefpr_31
 .text          0x80006dc0       0x4c c:/devkitpro/devkitppc/bin/../lib/gcc/powerpc-eabi/4.6.3\libgcc.a(crtsavgpr.o)
                0x80006dc0                _savegpr_14
                0x80006dc4                _savegpr_15
                0x80006dc8                _savegpr_16
                0x80006dcc                _savegpr_17
                0x80006dd0                _savegpr_18
                0x80006dd4                _savegpr_19
                0x80006dd8                _savegpr_20
                0x80006ddc                _savegpr_21
                0x80006de0                _savegpr_22
                0x80006de4                _savegpr_23
                0x80006de8                _savegpr_24
                0x80006dec                _savegpr_25
                0x80006df0                _savegpr_26
                0x80006df4                _savegpr_27
                0x80006df8                _savegpr_28
                0x80006dfc                _savegpr_29
                0x80006e00                _savegpr_30
                0x80006e04                _savegpr_31
 .text          0x80006e0c       0x4c c:/devkitpro/devkitppc/bin/../lib/gcc/powerpc-eabi/4.6.3\libgcc.a(crtresgpr.o)
                0x80006e0c                _restgpr_14
                0x80006e10                _restgpr_15
                0x80006e14                _restgpr_16
                0x80006e18                _restgpr_17
                0x80006e1c                _restgpr_18
                0x80006e20                _restgpr_19
                0x80006e24                _restgpr_20
                0x80006e28                _restgpr_21
                0x80006e2c                _restgpr_22
                0x80006e30                _restgpr_23
                0x80006e34                _restgpr_24
                0x80006e38                _restgpr_25
                0x80006e3c                _restgpr_26
                0x80006e40                _restgpr_27
                0x80006e44                _restgpr_28
                0x80006e48                _restgpr_29
                0x80006e4c                _restgpr_30
                0x80006e50                _restgpr_31
 .text          0x80006e58       0x58 c:/devkitpro/devkitppc/bin/../lib/gcc/powerpc-eabi/4.6.3\libgcc.a(crtresxfpr.o)
                0x80006e58                _restfpr_14_x
                0x80006e5c                _restfpr_15_x
                0x80006e60                _restfpr_16_x
                0x80006e64                _restfpr_17_x
                0x80006e68                _restfpr_18_x
                0x80006e6c                _restfpr_19_x
                0x80006e70                _restfpr_20_x
                0x80006e74                _restfpr_21_x
                0x80006e78                _restfpr_22_x
                0x80006e7c                _restfpr_23_x
                0x80006e80                _restfpr_24_x
                0x80006e84                _restfpr_25_x
                0x80006e88                _restfpr_26_x
                0x80006e8c                _restfpr_27_x
                0x80006e90                _restfpr_28_x
                0x80006e94                _restfpr_29_x
                0x80006e98                _restfpr_30_x
                0x80006e9c                _restfpr_31_x
 .text          0x80006eb0       0x58 c:/devkitpro/devkitppc/bin/../lib/gcc/powerpc-eabi/4.6.3\libgcc.a(crtresxgpr.o)
                0x80006eb0                _restgpr_14_x
                0x80006eb4                _restgpr_15_x
                0x80006eb8                _restgpr_16_x
                0x80006ebc                _restgpr_17_x
                0x80006ec0                _restgpr_18_x
                0x80006ec4                _restgpr_19_x
                0x80006ec8                _restgpr_20_x
                0x80006ecc                _restgpr_21_x
                0x80006ed0                _restgpr_22_x
                0x80006ed4                _restgpr_23_x
                0x80006ed8                _restgpr_24_x
                0x80006edc                _restgpr_25_x
                0x80006ee0                _restgpr_26_x
                0x80006ee4                _restgpr_27_x
                0x80006ee8                _restgpr_28_x
                0x80006eec                _restgpr_29_x
                0x80006ef0                _restgpr_30_x
                0x80006ef4                _restgpr_31_x
 .text          0x80006f08       0x28 c:/devkitpro/devkitppc/bin/../lib/gcc/powerpc-eabi/4.6.3/../../../../powerpc-eabi/lib\libsysbase.a(abort.o)
                0x80006f08                abort
 .text          0x80006f30      0x2ec c:/devkitpro/devkitppc/bin/../lib/gcc/powerpc-eabi/4.6.3/../../../../powerpc-eabi/lib\libsysbase.a(iosupport.o)
                0x80006f30                setDefaultDevice
                0x80006f48                FindDevice
                0x8000706c                RemoveDevice
                0x800070bc                AddDevice
                0x800071d8                GetDeviceOpTab
 .text          0x8000721c       0x28 c:/devkitpro/devkitppc/bin/../lib/gcc/powerpc-eabi/4.6.3/../../../../powerpc-eabi/lib\libsysbase.a(_exit.o)
                0x8000721c                _exit
 .text          0x80007244      0x4cc c:/devkitpro/devkitppc/bin/../lib/gcc/powerpc-eabi/4.6.3/../../../../powerpc-eabi/lib\libsysbase.a(chdir.o)
                0x80007244                _concatenate_path
                0x80007494                chdir
                0x8000762c                getcwd
 .text          0x80007710       0x90 c:/devkitpro/devkitppc/bin/../lib/gcc/powerpc-eabi/4.6.3/../../../../powerpc-eabi/lib\libsysbase.a(build_argv.o)
                0x80007710                build_argv
 .text          0x800077a0      0x168 c:/devkitpro/devkitppc/bin/../lib/gcc/powerpc-eabi/4.6.3/../../../../powerpc-eabi/lib\libsysbase.a(syscall_support.o)
                0x800077a0                __libc_lock_init
                0x800077e0                __libc_lock_close
                0x80007820                __libc_lock_release
                0x80007860                __libc_lock_acquire
                0x800078a0                __malloc_lock
                0x800078d4                __malloc_unlock
 .text          0x80007908      0x518 c:/devkitpro/devkitppc/bin/../lib/gcc/powerpc-eabi/4.6.3/../../../../powerpc-eabi/lib\libsysbase.a(dirent.o)
                0x80007908                opendir
                0x80007a68                closedir
                0x80007b20                readdir
                0x80007c58                rewinddir
                0x80007cd4                seekdir
                0x80007e0c                telldir
 .text          0x80007e20       0x98 c:/devkitpro/devkitppc/bin/../lib/gcc/powerpc-eabi/4.6.3/../../../../powerpc-eabi/lib\libsysbase.a(close.o)
                0x80007e20                _close_r
 .text          0x80007eb8       0xc8 c:/devkitpro/devkitppc/bin/../lib/gcc/powerpc-eabi/4.6.3/../../../../powerpc-eabi/lib\libsysbase.a(fstat.o)
                0x80007eb8                _fstat_r
 .text          0x80007f80        0x8 c:/devkitpro/devkitppc/bin/../lib/gcc/powerpc-eabi/4.6.3/../../../../powerpc-eabi/lib\libsysbase.a(isatty.o)
                0x80007f80                _isatty_r
 .text          0x80007f88       0xcc c:/devkitpro/devkitppc/bin/../lib/gcc/powerpc-eabi/4.6.3/../../../../powerpc-eabi/lib\libsysbase.a(lseek.o)
                0x80007f88                _lseek_r
 .text          0x80008054      0x14c c:/devkitpro/devkitppc/bin/../lib/gcc/powerpc-eabi/4.6.3/../../../../powerpc-eabi/lib\libsysbase.a(open.o)
                0x80008054                _open_r
 .text          0x800081a0       0xac c:/devkitpro/devkitppc/bin/../lib/gcc/powerpc-eabi/4.6.3/../../../../powerpc-eabi/lib\libsysbase.a(read.o)
                0x800081a0                _read_r
 .text          0x8000824c       0x50 c:/devkitpro/devkitppc/bin/../lib/gcc/powerpc-eabi/4.6.3/../../../../powerpc-eabi/lib\libsysbase.a(sbrk.o)
                0x8000824c                _sbrk_r
 .text          0x8000829c       0xac c:/devkitpro/devkitppc/bin/../lib/gcc/powerpc-eabi/4.6.3/../../../../powerpc-eabi/lib\libsysbase.a(write.o)
                0x8000829c                _write_r
 .text          0x80008348       0x6c c:/devkitpro/devkitppc/bin/../lib/gcc/powerpc-eabi/4.6.3/../../../../powerpc-eabi/lib\libsysbase.a(flock.o)
                0x80008348                __flockfile
                0x80008390                __funlockfile
 .text          0x800083b4      0x174 c:/devkitpro/devkitppc/bin/../lib/gcc/powerpc-eabi/4.6.3/../../../../powerpc-eabi/lib\libsysbase.a(handle_manager.o)
                0x800083b4                __release_handle
                0x80008410                __alloc_handle
                0x80008504                __get_handle
 .text          0x80008528       0x6c c:/devkitpro/devkitppc/bin/../lib/gcc/powerpc-eabi/4.6.3/crtend.o
 *(.text.*)
 .text.ux_main  0x80008594      0x2f4 uxcode.o
                0x80008594                ux_main
 .text.startup.main
                0x80008888       0x1c uxcode.o
                0x80008888                main
 .text.uxcontrols_init
                0x800088a4       0x74 uxcontrols.o
                0x800088a4                uxcontrols_init
 .text.uxcontrols_shutdown
                0x80008918       0x4c uxcontrols.o
                0x80008918                uxcontrols_shutdown
 .text.uxcontrols_wiiread
                0x80008964      0x158 uxcontrols.o
                0x80008964                uxcontrols_wiiread
 .text.uxcontrols_read
                0x80008abc       0x68 uxcontrols.o
                0x80008abc                uxcontrols_read
 .text.uxfilesys_init
                0x80008b24       0xc4 uxfilesys.o
                0x80008b24                uxfilesys_init
 .text.uxfopen  0x80008be8       0x20 uxfilesys.o
                0x80008be8                uxfopen
 .text.uxfread  0x80008c08       0x2c uxfilesys.o
                0x80008c08                uxfread
 .text.uxfseek  0x80008c34       0x2c uxfilesys.o
                0x80008c34                uxfseek
 .text.uxfclose
                0x80008c60       0x20 uxfilesys.o
                0x80008c60                uxfclose
 .text.uxf_readu32
                0x80008c80       0x70 uxfilesys.o
                0x80008c80                uxf_readu32
 .text.uxf_readu16
                0x80008cf0       0x90 uxfilesys.o
                0x80008cf0                uxf_readu16
 .text.uxfile_ext
                0x80008d80       0xc8 uxfilesys.o
                0x80008d80                uxfile_ext
 .text.uxgraphics_setViewport
                0x80008e48       0xd4 uxgraphics.o
                0x80008e48                uxgraphics_setViewport
 .text.uxgraphics_viewmatrix
                0x80008f1c       0xc4 uxgraphics.o
                0x80008f1c                uxgraphics_viewmatrix
 .text.uxgraphics_modelmatrix
                0x80008fe0        0x4 uxgraphics.o
                0x80008fe0                uxgraphics_modelmatrix
 .text.uxgraphics_scissor
                0x80008fe4       0x48 uxgraphics.o
                0x80008fe4                uxgraphics_scissor
 .text.uxgraphics_setViewMode
                0x8000902c      0x118 uxgraphics.o
                0x8000902c                uxgraphics_setViewMode
 .text.uxgraphics_setRenderMode
                0x80009144      0x148 uxgraphics.o
                0x80009144                uxgraphics_setRenderMode
 .text.uxgraphics_init
                0x8000928c      0x61c uxgraphics.o
                0x8000928c                uxgraphics_init
 .text.uxgraphics_clearscreen
                0x800098a8        0x4 uxgraphics.o
                0x800098a8                uxgraphics_clearscreen
 .text.uxgraphics_flipscreen
                0x800098ac       0x88 uxgraphics.o
                0x800098ac                uxgraphics_flipscreen
 .text.uxgraphics_shutdown
                0x80009934       0x9c uxgraphics.o
                0x80009934                uxgraphics_shutdown
 .text.uximages_loadimage
                0x800099d0      0x8ec uximages.o
                0x800099d0                uximages_loadimage
 .text.uximages_transferimage
                0x8000a2bc       0x9c uximages.o
                0x8000a2bc                uximages_transferimage
 .text.uxmemalloc
                0x8000a358       0x20 uxmem.o
                0x8000a358                uxmemalloc
 .text.uxmemcopy
                0x8000a378       0x20 uxmem.o
                0x8000a378                uxmemcopy
 .text.uxmemalign
                0x8000a398       0x20 uxmem.o
                0x8000a398                uxmemalign
 .text.uxmemset
                0x8000a3b8       0x20 uxmem.o
                0x8000a3b8                uxmemset
 .text.uxmemfree
                0x8000a3d8       0x20 uxmem.o
                0x8000a3d8                uxmemfree
 .text.str_lower
                0x8000a3f8       0x6c uxstrings.o
                0x8000a3f8                str_lower
 .text.uxgraphics_precachevtype
                0x8000a464      0x174 uxvertex.o
                0x8000a464                uxgraphics_precachevtype
 .text.uxgraphics_vertex_slot
                0x8000a5d8      0x15c uxvertex.o
                0x8000a5d8                uxgraphics_vertex_slot
 .text.uxgraphics_drawMesh
                0x8000a734      0x440 uxvertex.o
                0x8000a734                uxgraphics_drawMesh
 .text.uxgraphics_genTexMesh
                0x8000ab74      0x178 uxvertex.o
                0x8000ab74                uxgraphics_genTexMesh
 .text.uxgraphics_freeMesh
                0x8000acec       0x4c uxvertex.o
                0x8000acec                uxgraphics_freeMesh
 .text.fatMount
                0x8000ad38      0x120 c:/devkitPro/libogc/lib/wii\libfat.a(libfat.o)
                0x8000ad38                fatMount
 .text.fatInit  0x8000ae58      0x19c c:/devkitPro/libogc/lib/wii\libfat.a(libfat.o)
                0x8000ae58                fatInit
 .text.fatInitDefault
                0x8000aff4        0xc c:/devkitPro/libogc/lib/wii\libfat.a(libfat.o)
                0x8000aff4                fatInitDefault
 .text.u8array_to_u16
                0x8000b000       0x18 c:/devkitPro/libogc/lib/wii\libfat.a(partition.o)
 .text.u8array_to_u32
                0x8000b018       0x30 c:/devkitPro/libogc/lib/wii\libfat.a(partition.o)
 .text.u32_to_u8array
                0x8000b048       0x20 c:/devkitPro/libogc/lib/wii\libfat.a(partition.o)
 .text.FindFirstValidPartition_buf
                0x8000b068      0x1ec c:/devkitPro/libogc/lib/wii\libfat.a(partition.o)
                0x8000b068                FindFirstValidPartition_buf
 .text._FAT_partition_getPartitionFromPath
                0x8000b254       0x34 c:/devkitPro/libogc/lib/wii\libfat.a(partition.o)
                0x8000b254                _FAT_partition_getPartitionFromPath
 .text._FAT_partition_createFSinfo
                0x8000b288       0xec c:/devkitPro/libogc/lib/wii\libfat.a(partition.o)
                0x8000b288                _FAT_partition_createFSinfo
 .text._FAT_partition_readFSinfo
                0x8000b374       0xe0 c:/devkitPro/libogc/lib/wii\libfat.a(partition.o)
                0x8000b374                _FAT_partition_readFSinfo
 .text._FAT_partition_constructor_buf
                0x8000b454      0x384 c:/devkitPro/libogc/lib/wii\libfat.a(partition.o)
                0x8000b454                _FAT_partition_constructor_buf
 .text._FAT_partition_constructor
                0x8000b7d8       0x68 c:/devkitPro/libogc/lib/wii\libfat.a(partition.o)
                0x8000b7d8                _FAT_partition_constructor
 .text._FAT_cache_getPage
                0x8000b840      0x160 c:/devkitPro/libogc/lib/wii\libfat.a(cache.o)
 .text._FAT_cache_constructor
                0x8000b9a0       0xd4 c:/devkitPro/libogc/lib/wii\libfat.a(cache.o)
                0x8000b9a0                _FAT_cache_constructor
 .text._FAT_cache_readSectors
                0x8000ba74       0xa0 c:/devkitPro/libogc/lib/wii\libfat.a(cache.o)
                0x8000ba74                _FAT_cache_readSectors
 .text._FAT_cache_readPartialSector
                0x8000bb14       0x80 c:/devkitPro/libogc/lib/wii\libfat.a(cache.o)
                0x8000bb14                _FAT_cache_readPartialSector
 .text._FAT_cache_readLittleEndianValue
                0x8000bb94       0x98 c:/devkitPro/libogc/lib/wii\libfat.a(cache.o)
                0x8000bb94                _FAT_cache_readLittleEndianValue
 .text._FAT_cache_writePartialSector
                0x8000bc2c       0x88 c:/devkitPro/libogc/lib/wii\libfat.a(cache.o)
                0x8000bc2c                _FAT_cache_writePartialSector
 .text._FAT_cache_writeLittleEndianValue
                0x8000bcb4       0x84 c:/devkitPro/libogc/lib/wii\libfat.a(cache.o)
                0x8000bcb4                _FAT_cache_writeLittleEndianValue
 .text._FAT_cache_eraseWritePartialSector
                0x8000bd38       0xa0 c:/devkitPro/libogc/lib/wii\libfat.a(cache.o)
                0x8000bd38                _FAT_cache_eraseWritePartialSector
 .text._FAT_cache_writeSectors
                0x8000bdd8       0xa8 c:/devkitPro/libogc/lib/wii\libfat.a(cache.o)
                0x8000bdd8                _FAT_cache_writeSectors
 .text._FAT_cache_flush
                0x8000be80       0x8c c:/devkitPro/libogc/lib/wii\libfat.a(cache.o)
                0x8000be80                _FAT_cache_flush
 .text.u8array_to_u16
                0x8000bf0c       0x18 c:/devkitPro/libogc/lib/wii\libfat.a(directory.o)
 .text.u16_to_u8array
                0x8000bf24       0x10 c:/devkitPro/libogc/lib/wii\libfat.a(directory.o)
 .text._FAT_directory_entryGetAlias
                0x8000bf34      0x124 c:/devkitPro/libogc/lib/wii\libfat.a(directory.o)
 .text._FAT_directory_mbsncasecmp
                0x8000c058       0xec c:/devkitPro/libogc/lib/wii\libfat.a(directory.o)
 .text._FAT_directory_incrementDirEntryPosition
                0x8000c144      0x104 c:/devkitPro/libogc/lib/wii\libfat.a(directory.o)
 .text._FAT_fat_clusterToSector
                0x8000c248       0x28 c:/devkitPro/libogc/lib/wii\libfat.a(directory.o)
 .text._FAT_directory_ucs2tombs.constprop.6
                0x8000c270       0xf8 c:/devkitPro/libogc/lib/wii\libfat.a(directory.o)
 .text._FAT_directory_entryGetCluster
                0x8000c368       0x54 c:/devkitPro/libogc/lib/wii\libfat.a(directory.o)
                0x8000c368                _FAT_directory_entryGetCluster
 .text._FAT_directory_getNextEntry
                0x8000c3bc      0x294 c:/devkitPro/libogc/lib/wii\libfat.a(directory.o)
                0x8000c3bc                _FAT_directory_getNextEntry
 .text._FAT_directory_getFirstEntry
                0x8000c650       0x28 c:/devkitPro/libogc/lib/wii\libfat.a(directory.o)
                0x8000c650                _FAT_directory_getFirstEntry
 .text._FAT_directory_entryExists
                0x8000c678       0xc4 c:/devkitPro/libogc/lib/wii\libfat.a(directory.o)
 .text._FAT_directory_getRootEntry
                0x8000c73c       0xa8 c:/devkitPro/libogc/lib/wii\libfat.a(directory.o)
                0x8000c73c                _FAT_directory_getRootEntry
 .text._FAT_directory_entryFromPosition
                0x8000c7e4      0x19c c:/devkitPro/libogc/lib/wii\libfat.a(directory.o)
                0x8000c7e4                _FAT_directory_entryFromPosition
 .text._FAT_directory_entryFromPath
                0x8000c980      0x29c c:/devkitPro/libogc/lib/wii\libfat.a(directory.o)
                0x8000c980                _FAT_directory_entryFromPath
 .text._FAT_directory_removeEntry
                0x8000cc1c       0xf0 c:/devkitPro/libogc/lib/wii\libfat.a(directory.o)
                0x8000cc1c                _FAT_directory_removeEntry
 .text._FAT_directory_addEntry
                0x8000cd0c      0xa00 c:/devkitPro/libogc/lib/wii\libfat.a(directory.o)
                0x8000cd0c                _FAT_directory_addEntry
 .text._FAT_directory_chdir
                0x8000d70c       0x60 c:/devkitPro/libogc/lib/wii\libfat.a(directory.o)
                0x8000d70c                _FAT_directory_chdir
 .text._FAT_directory_entryStat
                0x8000d76c      0x174 c:/devkitPro/libogc/lib/wii\libfat.a(directory.o)
                0x8000d76c                _FAT_directory_entryStat
 .text.get_io_wiisd
                0x8000d8e0        0xc c:/devkitPro/libogc/lib/wii\libfat.a(disc.o)
 .text.get_io_usbstorage
                0x8000d8ec        0xc c:/devkitPro/libogc/lib/wii\libfat.a(disc.o)
 .text.get_io_gcsda
                0x8000d8f8        0xc c:/devkitPro/libogc/lib/wii\libfat.a(disc.o)
 .text.get_io_gcsdb
                0x8000d904        0xc c:/devkitPro/libogc/lib/wii\libfat.a(disc.o)
 .text.u16_to_u8array
                0x8000d910       0x10 c:/devkitPro/libogc/lib/wii\libfat.a(fatdir.o)
 .text._FAT_lock.isra.4
                0x8000d920       0x20 c:/devkitPro/libogc/lib/wii\libfat.a(fatdir.o)
 .text._FAT_unlock.isra.5
                0x8000d940       0x20 c:/devkitPro/libogc/lib/wii\libfat.a(fatdir.o)
 .text._FAT_stat_r
                0x8000d960       0xc4 c:/devkitPro/libogc/lib/wii\libfat.a(fatdir.o)
                0x8000d960                _FAT_stat_r
 .text._FAT_link_r
                0x8000da24       0x10 c:/devkitPro/libogc/lib/wii\libfat.a(fatdir.o)
                0x8000da24                _FAT_link_r
 .text._FAT_unlink_r
                0x8000da34      0x1cc c:/devkitPro/libogc/lib/wii\libfat.a(fatdir.o)
                0x8000da34                _FAT_unlink_r
 .text._FAT_chdir_r
                0x8000dc00       0xa0 c:/devkitPro/libogc/lib/wii\libfat.a(fatdir.o)
                0x8000dc00                _FAT_chdir_r
 .text._FAT_rename_r
                0x8000dca0      0x238 c:/devkitPro/libogc/lib/wii\libfat.a(fatdir.o)
                0x8000dca0                _FAT_rename_r
 .text._FAT_mkdir_r
                0x8000ded8      0x358 c:/devkitPro/libogc/lib/wii\libfat.a(fatdir.o)
                0x8000ded8                _FAT_mkdir_r
 .text._FAT_statvfs_r
                0x8000e230       0xe0 c:/devkitPro/libogc/lib/wii\libfat.a(fatdir.o)
                0x8000e230                _FAT_statvfs_r
 .text._FAT_diropen_r
                0x8000e310      0x10c c:/devkitPro/libogc/lib/wii\libfat.a(fatdir.o)
                0x8000e310                _FAT_diropen_r
 .text._FAT_dirreset_r
                0x8000e41c       0x74 c:/devkitPro/libogc/lib/wii\libfat.a(fatdir.o)
                0x8000e41c                _FAT_dirreset_r
 .text._FAT_dirnext_r
                0x8000e490       0xc4 c:/devkitPro/libogc/lib/wii\libfat.a(fatdir.o)
                0x8000e490                _FAT_dirnext_r
 .text._FAT_dirclose_r
                0x8000e554       0x44 c:/devkitPro/libogc/lib/wii\libfat.a(fatdir.o)
                0x8000e554                _FAT_dirclose_r
 .text.u16_to_u8array
                0x8000e598       0x10 c:/devkitPro/libogc/lib/wii\libfat.a(fatfile.o)
 .text._FAT_fat_clusterToSector
                0x8000e5a8       0x28 c:/devkitPro/libogc/lib/wii\libfat.a(fatfile.o)
 .text._FAT_lock.isra.4
                0x8000e5d0       0x20 c:/devkitPro/libogc/lib/wii\libfat.a(fatfile.o)
 .text._FAT_unlock.isra.5
                0x8000e5f0       0x20 c:/devkitPro/libogc/lib/wii\libfat.a(fatfile.o)
 .text._FAT_check_position_for_next_cluster.isra.6
                0x8000e610       0xf0 c:/devkitPro/libogc/lib/wii\libfat.a(fatfile.o)
 .text._FAT_file_extend_r
                0x8000e700      0x2c0 c:/devkitPro/libogc/lib/wii\libfat.a(fatfile.o)
 .text._FAT_open_r
                0x8000e9c0      0x3f4 c:/devkitPro/libogc/lib/wii\libfat.a(fatfile.o)
                0x8000e9c0                _FAT_open_r
 .text._FAT_syncToDisc
                0x8000edb4      0x158 c:/devkitPro/libogc/lib/wii\libfat.a(fatfile.o)
                0x8000edb4                _FAT_syncToDisc
 .text._FAT_close_r
                0x8000ef0c       0xc0 c:/devkitPro/libogc/lib/wii\libfat.a(fatfile.o)
                0x8000ef0c                _FAT_close_r
 .text._FAT_read_r
                0x8000efcc      0x3e4 c:/devkitPro/libogc/lib/wii\libfat.a(fatfile.o)
                0x8000efcc                _FAT_read_r
 .text._FAT_write_r
                0x8000f3b0      0x564 c:/devkitPro/libogc/lib/wii\libfat.a(fatfile.o)
                0x8000f3b0                _FAT_write_r
 .text._FAT_seek_r
                0x8000f914      0x1f8 c:/devkitPro/libogc/lib/wii\libfat.a(fatfile.o)
                0x8000f914                _FAT_seek_r
 .text._FAT_fstat_r
                0x8000fb0c       0xc8 c:/devkitPro/libogc/lib/wii\libfat.a(fatfile.o)
                0x8000fb0c                _FAT_fstat_r
 .text._FAT_ftruncate_r
                0x8000fbd4      0x1f0 c:/devkitPro/libogc/lib/wii\libfat.a(fatfile.o)
                0x8000fbd4                _FAT_ftruncate_r
 .text._FAT_fsync_r
                0x8000fdc4       0x70 c:/devkitPro/libogc/lib/wii\libfat.a(fatfile.o)
                0x8000fdc4                _FAT_fsync_r
 .text._FAT_fat_writeFatEntry
                0x8000fe34      0x1c0 c:/devkitPro/libogc/lib/wii\libfat.a(file_allocation_table.o)
 .text._FAT_fat_nextCluster
                0x8000fff4      0x190 c:/devkitPro/libogc/lib/wii\libfat.a(file_allocation_table.o)
                0x8000fff4                _FAT_fat_nextCluster
 .text._FAT_fat_linkFreeCluster
                0x80010184       0xe8 c:/devkitPro/libogc/lib/wii\libfat.a(file_allocation_table.o)
                0x80010184                _FAT_fat_linkFreeCluster
 .text._FAT_fat_linkFreeClusterCleared
                0x8001026c       0xc0 c:/devkitPro/libogc/lib/wii\libfat.a(file_allocation_table.o)
                0x8001026c                _FAT_fat_linkFreeClusterCleared
 .text._FAT_fat_clearLinks
                0x8001032c       0xb8 c:/devkitPro/libogc/lib/wii\libfat.a(file_allocation_table.o)
                0x8001032c                _FAT_fat_clearLinks
 .text._FAT_fat_trimChain
                0x800103e4       0xb4 c:/devkitPro/libogc/lib/wii\libfat.a(file_allocation_table.o)
                0x800103e4                _FAT_fat_trimChain
 .text._FAT_fat_lastCluster
                0x80010498       0x68 c:/devkitPro/libogc/lib/wii\libfat.a(file_allocation_table.o)
                0x80010498                _FAT_fat_lastCluster
 .text._FAT_fat_freeClusterCount
                0x80010500       0x54 c:/devkitPro/libogc/lib/wii\libfat.a(file_allocation_table.o)
                0x80010500                _FAT_fat_freeClusterCount
 .text._FAT_filetime_getTimeFromRTC
                0x80010554       0x7c c:/devkitPro/libogc/lib/wii\libfat.a(filetime.o)
                0x80010554                _FAT_filetime_getTimeFromRTC
 .text._FAT_filetime_getDateFromRTC
                0x800105d0       0x7c c:/devkitPro/libogc/lib/wii\libfat.a(filetime.o)
                0x800105d0                _FAT_filetime_getDateFromRTC
 .text._FAT_filetime_to_time_t
                0x8001064c       0x64 c:/devkitPro/libogc/lib/wii\libfat.a(filetime.o)
                0x8001064c                _FAT_filetime_to_time_t
 .text.__wpad_assign_slot
                0x800106b0      0x220 c:/devkitPro/libogc/lib/wii\libwiiuse.a(wpad.o)
                0x800106b0                __wpad_assign_slot
 .text.__wpad_def_powcb
                0x800108d0       0x20 c:/devkitPro/libogc/lib/wii\libwiiuse.a(wpad.o)
 .text.__wpad_setfmt
                0x800108f0       0xf0 c:/devkitPro/libogc/lib/wii\libwiiuse.a(wpad.o)
 .text.__readlinkkey_finished
                0x800109e0       0x30 c:/devkitPro/libogc/lib/wii\libwiiuse.a(wpad.o)
 .text.__wpad_patch_finished
                0x80010a10       0x2c c:/devkitPro/libogc/lib/wii\libwiiuse.a(wpad.o)
 .text.__wpad_eventCB
                0x80010a3c      0x958 c:/devkitPro/libogc/lib/wii\libwiiuse.a(wpad.o)
 .text.__wpad_disconnectCB
                0x80011394       0xe8 c:/devkitPro/libogc/lib/wii\libwiiuse.a(wpad.o)
                0x80011394                __wpad_disconnectCB
 .text.__wpad_timeouthandler
                0x8001147c       0x98 c:/devkitPro/libogc/lib/wii\libwiiuse.a(wpad.o)
 .text.__initcore_finished
                0x80011514       0x40 c:/devkitPro/libogc/lib/wii\libwiiuse.a(wpad.o)
 .text.__wpad_init_finished
                0x80011554      0x134 c:/devkitPro/libogc/lib/wii\libwiiuse.a(wpad.o)
 .text.WPAD_ReadEvent
                0x80011688      0x580 c:/devkitPro/libogc/lib/wii\libwiiuse.a(wpad.o)
                0x80011688                WPAD_ReadEvent
 .text.WPAD_ReadPending
                0x80011c08      0x10c c:/devkitPro/libogc/lib/wii\libwiiuse.a(wpad.o)
                0x80011c08                WPAD_ReadPending
 .text.WPAD_SetDataFormat
                0x80011d14      0x114 c:/devkitPro/libogc/lib/wii\libwiiuse.a(wpad.o)
                0x80011d14                WPAD_SetDataFormat
 .text.WPAD_SetVRes
                0x80011e28       0xe0 c:/devkitPro/libogc/lib/wii\libwiiuse.a(wpad.o)
                0x80011e28                WPAD_SetVRes
 .text.WPAD_Shutdown
                0x80011f08       0xdc c:/devkitPro/libogc/lib/wii\libwiiuse.a(wpad.o)
                0x80011f08                WPAD_Shutdown
 .text.WPAD_Init
                0x80011fe4      0x240 c:/devkitPro/libogc/lib/wii\libwiiuse.a(wpad.o)
                0x80011fe4                WPAD_Init
 .text.__wpad_onreset
                0x80012224       0x2c c:/devkitPro/libogc/lib/wii\libwiiuse.a(wpad.o)
 .text.WPAD_SetIdleTimeout
                0x80012250       0x3c c:/devkitPro/libogc/lib/wii\libwiiuse.a(wpad.o)
                0x80012250                WPAD_SetIdleTimeout
 .text.WPAD_ScanPads
                0x8001228c        0xc c:/devkitPro/libogc/lib/wii\libwiiuse.a(wpad.o)
                0x8001228c                WPAD_ScanPads
 .text.WPAD_BatteryLevel
                0x80012298       0x28 c:/devkitPro/libogc/lib/wii\libwiiuse.a(wpad.o)
                0x80012298                WPAD_BatteryLevel
 .text.WPAD_ButtonsUp
                0x800122c0       0x28 c:/devkitPro/libogc/lib/wii\libwiiuse.a(wpad.o)
                0x800122c0                WPAD_ButtonsUp
 .text.WPAD_ButtonsDown
                0x800122e8       0x28 c:/devkitPro/libogc/lib/wii\libwiiuse.a(wpad.o)
                0x800122e8                WPAD_ButtonsDown
 .text.WPAD_ButtonsHeld
                0x80012310       0x28 c:/devkitPro/libogc/lib/wii\libwiiuse.a(wpad.o)
                0x80012310                WPAD_ButtonsHeld
 .text.WPAD_IR  0x80012338       0x4c c:/devkitPro/libogc/lib/wii\libwiiuse.a(wpad.o)
                0x80012338                WPAD_IR
 .text.WPAD_Orientation
                0x80012384       0x30 c:/devkitPro/libogc/lib/wii\libwiiuse.a(wpad.o)
                0x80012384                WPAD_Orientation
 .text.WPAD_GForce
                0x800123b4       0x30 c:/devkitPro/libogc/lib/wii\libwiiuse.a(wpad.o)
                0x800123b4                WPAD_GForce
 .text.WPAD_Accel
                0x800123e4       0x30 c:/devkitPro/libogc/lib/wii\libwiiuse.a(wpad.o)
                0x800123e4                WPAD_Accel
 .text.WPAD_Expansion
                0x80012414       0x4c c:/devkitPro/libogc/lib/wii\libwiiuse.a(wpad.o)
                0x80012414                WPAD_Expansion
 .text.motion_plus_disconnected
                0x80012460       0x10 c:/devkitPro/libogc/lib/wii\libwiiuse.a(motion_plus.o)
                0x80012460                motion_plus_disconnected
 .text.motion_plus_event
                0x80012470       0x64 c:/devkitPro/libogc/lib/wii\libwiiuse.a(motion_plus.o)
                0x80012470                motion_plus_event
 .text.calculate_gforce
                0x800124d4      0x114 c:/devkitPro/libogc/lib/wii\libwiiuse.a(dynamics.o)
                0x800124d4                calculate_gforce
 .text.calc_joystick_state
                0x800125e8      0x21c c:/devkitPro/libogc/lib/wii\libwiiuse.a(dynamics.o)
                0x800125e8                calc_joystick_state
 .text.apply_smoothing
                0x80012804      0x148 c:/devkitPro/libogc/lib/wii\libwiiuse.a(dynamics.o)
                0x80012804                apply_smoothing
 .text.calculate_orientation
                0x8001294c      0x29c c:/devkitPro/libogc/lib/wii\libwiiuse.a(dynamics.o)
                0x8001294c                calculate_orientation
 .text.calc_balanceboard_state
                0x80012be8      0x36c c:/devkitPro/libogc/lib/wii\libwiiuse.a(dynamics.o)
                0x80012be8                calc_balanceboard_state
 .text.wiiuse_handshake_expansion
                0x80012f54      0x1d4 c:/devkitPro/libogc/lib/wii\libwiiuse.a(io.o)
                0x80012f54                wiiuse_handshake_expansion
 .text.wiiuse_handshake
                0x80013128      0x150 c:/devkitPro/libogc/lib/wii\libwiiuse.a(io.o)
                0x80013128                wiiuse_handshake
 .text.wiiuse_handshake_expansion_start
                0x80013278       0x24 c:/devkitPro/libogc/lib/wii\libwiiuse.a(io.o)
                0x80013278                wiiuse_handshake_expansion_start
 .text.wiiuse_disable_expansion
                0x8001329c       0xc0 c:/devkitPro/libogc/lib/wii\libwiiuse.a(io.o)
                0x8001329c                wiiuse_disable_expansion
 .text.__wiiuse_disconnected
                0x8001335c       0x90 c:/devkitPro/libogc/lib/wii\libwiiuse.a(io_wii.o)
 .text.__wiiuse_receive
                0x800133ec       0x8c c:/devkitPro/libogc/lib/wii\libwiiuse.a(io_wii.o)
 .text.__wiiuse_connected
                0x80013478       0x7c c:/devkitPro/libogc/lib/wii\libwiiuse.a(io_wii.o)
 .text.__wiiuse_sensorbar_enable
                0x800134f4       0x48 c:/devkitPro/libogc/lib/wii\libwiiuse.a(io_wii.o)
                0x800134f4                __wiiuse_sensorbar_enable
 .text.wiiuse_register
                0x8001353c       0xa4 c:/devkitPro/libogc/lib/wii\libwiiuse.a(io_wii.o)
                0x8001353c                wiiuse_register
 .text.wiiuse_disconnect
                0x800135e0       0x40 c:/devkitPro/libogc/lib/wii\libwiiuse.a(io_wii.o)
                0x800135e0                wiiuse_disconnect
 .text.wiiuse_init_cmd_queue
                0x80013620       0x84 c:/devkitPro/libogc/lib/wii\libwiiuse.a(io_wii.o)
                0x80013620                wiiuse_init_cmd_queue
 .text.wiiuse_io_write
                0x800136a4       0x38 c:/devkitPro/libogc/lib/wii\libwiiuse.a(io_wii.o)
                0x800136a4                wiiuse_io_write
 .text.get_ir_sens.isra.0
                0x800136dc       0xe8 c:/devkitPro/libogc/lib/wii\libwiiuse.a(ir.o)
 .text.rotate_dots
                0x800137c4      0x110 c:/devkitPro/libogc/lib/wii\libwiiuse.a(ir.o)
 .text.wiiuse_set_ir_mode
                0x800138d4       0x60 c:/devkitPro/libogc/lib/wii\libwiiuse.a(ir.o)
                0x800138d4                wiiuse_set_ir_mode
 .text.wiiuse_set_ir
                0x80013934      0x190 c:/devkitPro/libogc/lib/wii\libwiiuse.a(ir.o)
                0x80013934                wiiuse_set_ir
 .text.wiiuse_set_ir_vres
                0x80013ac4       0x1c c:/devkitPro/libogc/lib/wii\libwiiuse.a(ir.o)
                0x80013ac4                wiiuse_set_ir_vres
 .text.wiiuse_set_ir_position
                0x80013ae0       0x78 c:/devkitPro/libogc/lib/wii\libwiiuse.a(ir.o)
                0x80013ae0                wiiuse_set_ir_position
 .text.wiiuse_set_aspect_ratio
                0x80013b58       0x3c c:/devkitPro/libogc/lib/wii\libwiiuse.a(ir.o)
                0x80013b58                wiiuse_set_aspect_ratio
 .text.wiiuse_set_ir_sensitivity
                0x80013b94       0xf8 c:/devkitPro/libogc/lib/wii\libwiiuse.a(ir.o)
                0x80013b94                wiiuse_set_ir_sensitivity
 .text.calculate_basic_ir
                0x80013c8c       0xfc c:/devkitPro/libogc/lib/wii\libwiiuse.a(ir.o)
                0x80013c8c                calculate_basic_ir
 .text.calculate_extended_ir
                0x80013d88       0x7c c:/devkitPro/libogc/lib/wii\libwiiuse.a(ir.o)
                0x80013d88                calculate_extended_ir
 .text.find_sensorbar
                0x80013e04      0x7fc c:/devkitPro/libogc/lib/wii\libwiiuse.a(ir.o)
                0x80013e04                find_sensorbar
 .text.apply_ir_smoothing
                0x80014600       0xd4 c:/devkitPro/libogc/lib/wii\libwiiuse.a(ir.o)
                0x80014600                apply_ir_smoothing
 .text.calc_yaw
                0x800146d4       0x54 c:/devkitPro/libogc/lib/wii\libwiiuse.a(ir.o)
                0x800146d4                calc_yaw
 .text.interpret_ir_data
                0x80014728      0x370 c:/devkitPro/libogc/lib/wii\libwiiuse.a(ir.o)
                0x80014728                interpret_ir_data
 .text.nunchuk_handshake
                0x80014a98      0x228 c:/devkitPro/libogc/lib/wii\libwiiuse.a(nunchuk.o)
                0x80014a98                nunchuk_handshake
 .text.nunchuk_disconnected
                0x80014cc0       0x28 c:/devkitPro/libogc/lib/wii\libwiiuse.a(nunchuk.o)
                0x80014cc0                nunchuk_disconnected
 .text.nunchuk_event
                0x80014ce8       0xe4 c:/devkitPro/libogc/lib/wii\libwiiuse.a(nunchuk.o)
                0x80014ce8                nunchuk_event
 .text.wii_board_handshake
                0x80014dcc      0x170 c:/devkitPro/libogc/lib/wii\libwiiuse.a(wiiboard.o)
                0x80014dcc                wii_board_handshake
 .text.wii_board_disconnected
                0x80014f3c       0x28 c:/devkitPro/libogc/lib/wii\libwiiuse.a(wiiboard.o)
                0x80014f3c                wii_board_disconnected
 .text.wii_board_event
                0x80014f64       0x54 c:/devkitPro/libogc/lib/wii\libwiiuse.a(wiiboard.o)
                0x80014f64                wii_board_event
 .text.wiiuse_send_next_command
                0x80014fb8       0x6c c:/devkitPro/libogc/lib/wii\libwiiuse.a(wiiuse.o)
                0x80014fb8                wiiuse_send_next_command
 .text.__wiiuse_push_command
                0x80015024       0x94 c:/devkitPro/libogc/lib/wii\libwiiuse.a(wiiuse.o)
 .text.wiiuse_init
                0x800150b8      0x154 c:/devkitPro/libogc/lib/wii\libwiiuse.a(wiiuse.o)
                0x800150b8                wiiuse_init
 .text.wiiuse_set_flags
                0x8001520c       0x24 c:/devkitPro/libogc/lib/wii\libwiiuse.a(wiiuse.o)
                0x8001520c                wiiuse_set_flags
 .text.wiiuse_read_data
                0x80015230       0x94 c:/devkitPro/libogc/lib/wii\libwiiuse.a(wiiuse.o)
                0x80015230                wiiuse_read_data
 .text.wiiuse_write_data
                0x800152c4       0xc0 c:/devkitPro/libogc/lib/wii\libwiiuse.a(wiiuse.o)
                0x800152c4                wiiuse_write_data
 .text.wiiuse_sendcmd
                0x80015384       0x90 c:/devkitPro/libogc/lib/wii\libwiiuse.a(wiiuse.o)
                0x80015384                wiiuse_sendcmd
 .text.wiiuse_status
                0x80015414       0x4c c:/devkitPro/libogc/lib/wii\libwiiuse.a(wiiuse.o)
                0x80015414                wiiuse_status
 .text.wiiuse_motion_sensing
                0x80015460       0x3c c:/devkitPro/libogc/lib/wii\libwiiuse.a(wiiuse.o)
                0x80015460                wiiuse_motion_sensing
 .text.wiiuse_set_report_type
                0x8001549c       0xd0 c:/devkitPro/libogc/lib/wii\libwiiuse.a(wiiuse.o)
                0x8001549c                wiiuse_set_report_type
 .text.wiiuse_set_leds
                0x8001556c       0x50 c:/devkitPro/libogc/lib/wii\libwiiuse.a(wiiuse.o)
                0x8001556c                wiiuse_set_leds
 .text.wiiuse_set_speaker
                0x800155bc      0x1e4 c:/devkitPro/libogc/lib/wii\libwiiuse.a(speaker.o)
                0x800155bc                wiiuse_set_speaker
 .text.classic_ctrl_handshake
                0x800157a0      0x188 c:/devkitPro/libogc/lib/wii\libwiiuse.a(classic.o)
                0x800157a0                classic_ctrl_handshake
 .text.classic_ctrl_disconnected
                0x80015928       0x28 c:/devkitPro/libogc/lib/wii\libwiiuse.a(classic.o)
                0x80015928                classic_ctrl_disconnected
 .text.classic_ctrl_event
                0x80015950       0xa4 c:/devkitPro/libogc/lib/wii\libwiiuse.a(classic.o)
                0x80015950                classic_ctrl_event
 .text.handle_expansion
                0x800159f4       0x70 c:/devkitPro/libogc/lib/wii\libwiiuse.a(events.o)
 .text.wiiuse_pressed_buttons
                0x80015a64       0x2c c:/devkitPro/libogc/lib/wii\libwiiuse.a(events.o)
                0x80015a64                wiiuse_pressed_buttons
 .text.parse_event
                0x80015a90      0x540 c:/devkitPro/libogc/lib/wii\libwiiuse.a(events.o)
                0x80015a90                parse_event
 .text.guitar_hero_3_handshake
                0x80015fd0       0x68 c:/devkitPro/libogc/lib/wii\libwiiuse.a(guitar_hero_3.o)
                0x80015fd0                guitar_hero_3_handshake
 .text.guitar_hero_3_disconnected
                0x80016038       0x28 c:/devkitPro/libogc/lib/wii\libwiiuse.a(guitar_hero_3.o)
                0x80016038                guitar_hero_3_disconnected
 .text.guitar_hero_3_event
                0x80016060       0x68 c:/devkitPro/libogc/lib/wii\libwiiuse.a(guitar_hero_3.o)
                0x80016060                guitar_hero_3_event
 .text.acl_wlp_completed
                0x800160c8        0x8 c:/devkitPro/libogc/lib/wii\libbte.a(bte.o)
                0x800160c8                acl_wlp_completed
 .text.__bte_cmdfinish
                0x800160d0       0x9c c:/devkitPro/libogc/lib/wii\libbte.a(bte.o)
 .text.bte_hci_initsub_complete
                0x8001616c      0x12c c:/devkitPro/libogc/lib/wii\libbte.a(bte.o)
                0x8001616c                bte_hci_initsub_complete
 .text.bte_hci_initcore_complete2
                0x80016298       0xf0 c:/devkitPro/libogc/lib/wii\libbte.a(bte.o)
                0x80016298                bte_hci_initcore_complete2
 .text.bte_hci_patch_complete
                0x80016388      0x1b0 c:/devkitPro/libogc/lib/wii\libbte.a(bte.o)
                0x80016388                bte_hci_patch_complete
 .text.bte_hci_apply_patch_complete
                0x80016538       0xa8 c:/devkitPro/libogc/lib/wii\libbte.a(bte.o)
                0x80016538                bte_hci_apply_patch_complete
 .text.bte_hci_initcore_complete
                0x800165e0      0x158 c:/devkitPro/libogc/lib/wii\libbte.a(bte.o)
                0x800165e0                bte_hci_initcore_complete
 .text.__bte_close_ctrl_queue
                0x80016738       0x80 c:/devkitPro/libogc/lib/wii\libbte.a(bte.o)
 .text.__bte_send_pending_request
                0x800167b8       0xb8 c:/devkitPro/libogc/lib/wii\libbte.a(bte.o)
 .text.l2cap_disconnect_cfm
                0x80016870       0xe0 c:/devkitPro/libogc/lib/wii\libbte.a(bte.o)
                0x80016870                l2cap_disconnect_cfm
 .text.acl_conn_complete
                0x80016950       0x2c c:/devkitPro/libogc/lib/wii\libbte.a(bte.o)
                0x80016950                acl_conn_complete
 .text.__bte_shutdown_finished
                0x8001697c       0x5c c:/devkitPro/libogc/lib/wii\libbte.a(bte.o)
 .text.bt_alarmhandler
                0x800169d8       0x60 c:/devkitPro/libogc/lib/wii\libbte.a(bte.o)
 .text.bte_read_stored_link_key_complete
                0x80016a38      0x108 c:/devkitPro/libogc/lib/wii\libbte.a(bte.o)
                0x80016a38                bte_read_stored_link_key_complete
 .text.l2cap_accepted
                0x80016b40       0xd8 c:/devkitPro/libogc/lib/wii\libbte.a(bte.o)
                0x80016b40                l2cap_accepted
 .text.l2cap_disconnected_ind
                0x80016c18       0xb8 c:/devkitPro/libogc/lib/wii\libbte.a(bte.o)
                0x80016c18                l2cap_disconnected_ind
 .text.bte_process_input
                0x80016cd0       0xf4 c:/devkitPro/libogc/lib/wii\libbte.a(bte.o)
 .text.__bte_waitcmdfinish.constprop.6
                0x80016dc4       0x78 c:/devkitPro/libogc/lib/wii\libbte.a(bte.o)
 .text.BTE_Init
                0x80016e3c      0x108 c:/devkitPro/libogc/lib/wii\libbte.a(bte.o)
                0x80016e3c                BTE_Init
 .text.BTE_Shutdown
                0x80016f44       0x94 c:/devkitPro/libogc/lib/wii\libbte.a(bte.o)
                0x80016f44                BTE_Shutdown
 .text.BTE_InitCore
                0x80016fd8       0x7c c:/devkitPro/libogc/lib/wii\libbte.a(bte.o)
                0x80016fd8                BTE_InitCore
 .text.BTE_ApplyPatch
                0x80017054       0x98 c:/devkitPro/libogc/lib/wii\libbte.a(bte.o)
                0x80017054                BTE_ApplyPatch
 .text.BTE_InitSub
                0x800170ec       0x80 c:/devkitPro/libogc/lib/wii\libbte.a(bte.o)
                0x800170ec                BTE_InitSub
 .text.BTE_ReadStoredLinkKey
                0x8001716c       0x80 c:/devkitPro/libogc/lib/wii\libbte.a(bte.o)
                0x8001716c                BTE_ReadStoredLinkKey
 .text.BTE_SetDisconnectCallback
                0x800171ec       0x20 c:/devkitPro/libogc/lib/wii\libbte.a(bte.o)
                0x800171ec                BTE_SetDisconnectCallback
 .text.bte_new  0x8001720c       0x4c c:/devkitPro/libogc/lib/wii\libbte.a(bte.o)
                0x8001720c                bte_new
 .text.bte_registerdeviceasync
                0x80017258      0x124 c:/devkitPro/libogc/lib/wii\libbte.a(bte.o)
                0x80017258                bte_registerdeviceasync
 .text.bte_disconnect
                0x8001737c       0x9c c:/devkitPro/libogc/lib/wii\libbte.a(bte.o)
                0x8001737c                bte_disconnect
 .text.bte_senddata
                0x80017418       0xb0 c:/devkitPro/libogc/lib/wii\libbte.a(bte.o)
                0x80017418                bte_senddata
 .text.bte_arg  0x800174c8       0x3c c:/devkitPro/libogc/lib/wii\libbte.a(bte.o)
                0x800174c8                bte_arg
 .text.bte_received
                0x80017504       0x3c c:/devkitPro/libogc/lib/wii\libbte.a(bte.o)
                0x80017504                bte_received
 .text.bte_disconnected
                0x80017540       0x3c c:/devkitPro/libogc/lib/wii\libbte.a(bte.o)
                0x80017540                bte_disconnected
 .text.hci_init
                0x8001757c       0x78 c:/devkitPro/libogc/lib/wii\libbte.a(hci.o)
                0x8001757c                hci_init
 .text.hci_new  0x800175f4       0x3c c:/devkitPro/libogc/lib/wii\libbte.a(hci.o)
                0x800175f4                hci_new
 .text.hci_get_link
                0x80017630       0x7c c:/devkitPro/libogc/lib/wii\libbte.a(hci.o)
                0x80017630                hci_get_link
 .text.hci_close
                0x800176ac       0xcc c:/devkitPro/libogc/lib/wii\libbte.a(hci.o)
                0x800176ac                hci_close
 .text.hci_reset_all
                0x80017778       0x9c c:/devkitPro/libogc/lib/wii\libbte.a(hci.o)
                0x80017778                hci_reset_all
 .text.hci_arg  0x80017814        0xc c:/devkitPro/libogc/lib/wii\libbte.a(hci.o)
                0x80017814                hci_arg
 .text.hci_cmd_complete
                0x80017820        0xc c:/devkitPro/libogc/lib/wii\libbte.a(hci.o)
                0x80017820                hci_cmd_complete
 .text.hci_connection_complete
                0x8001782c        0xc c:/devkitPro/libogc/lib/wii\libbte.a(hci.o)
                0x8001782c                hci_connection_complete
 .text.hci_wlp_complete
                0x80017838        0xc c:/devkitPro/libogc/lib/wii\libbte.a(hci.o)
                0x80017838                hci_wlp_complete
 .text.hci_cmd_ass
                0x80017844       0x48 c:/devkitPro/libogc/lib/wii\libbte.a(hci.o)
                0x80017844                hci_cmd_ass
 .text.hci_reset
                0x8001788c       0x64 c:/devkitPro/libogc/lib/wii\libbte.a(hci.o)
                0x8001788c                hci_reset
 .text.hci_read_buffer_size
                0x800178f0       0x64 c:/devkitPro/libogc/lib/wii\libbte.a(hci.o)
                0x800178f0                hci_read_buffer_size
 .text.hci_read_bd_addr
                0x80017954       0x64 c:/devkitPro/libogc/lib/wii\libbte.a(hci.o)
                0x80017954                hci_read_bd_addr
 .text.hci_read_local_version
                0x800179b8       0x64 c:/devkitPro/libogc/lib/wii\libbte.a(hci.o)
                0x800179b8                hci_read_local_version
 .text.hci_read_local_features
                0x80017a1c       0x64 c:/devkitPro/libogc/lib/wii\libbte.a(hci.o)
                0x80017a1c                hci_read_local_features
 .text.hci_read_stored_link_key
                0x80017a80       0xac c:/devkitPro/libogc/lib/wii\libbte.a(hci.o)
                0x80017a80                hci_read_stored_link_key
 .text.hci_write_page_timeout
                0x80017b2c       0x7c c:/devkitPro/libogc/lib/wii\libbte.a(hci.o)
                0x80017b2c                hci_write_page_timeout
 .text.hci_write_scan_enable
                0x80017ba8       0x6c c:/devkitPro/libogc/lib/wii\libbte.a(hci.o)
                0x80017ba8                hci_write_scan_enable
 .text.hci_accecpt_conn_request
                0x80017c14       0x80 c:/devkitPro/libogc/lib/wii\libbte.a(hci.o)
                0x80017c14                hci_accecpt_conn_request
 .text.hci_write_local_name
                0x80017c94       0x80 c:/devkitPro/libogc/lib/wii\libbte.a(hci.o)
                0x80017c94                hci_write_local_name
 .text.hci_write_pin_type
                0x80017d14       0x6c c:/devkitPro/libogc/lib/wii\libbte.a(hci.o)
                0x80017d14                hci_write_pin_type
 .text.hci_write_inquiry_mode
                0x80017d80       0x6c c:/devkitPro/libogc/lib/wii\libbte.a(hci.o)
                0x80017d80                hci_write_inquiry_mode
 .text.hci_write_page_scan_type
                0x80017dec       0x6c c:/devkitPro/libogc/lib/wii\libbte.a(hci.o)
                0x80017dec                hci_write_page_scan_type
 .text.hci_write_inquiry_scan_type
                0x80017e58       0x6c c:/devkitPro/libogc/lib/wii\libbte.a(hci.o)
                0x80017e58                hci_write_inquiry_scan_type
 .text.hci_vendor_specific_command
                0x80017ec4       0x8c c:/devkitPro/libogc/lib/wii\libbte.a(hci.o)
                0x80017ec4                hci_vendor_specific_command
 .text.hci_write_link_policy_settings
                0x80017f50       0xa0 c:/devkitPro/libogc/lib/wii\libbte.a(hci.o)
                0x80017f50                hci_write_link_policy_settings
 .text.hci_pin_code_request_neg_reply
                0x80017ff0       0x74 c:/devkitPro/libogc/lib/wii\libbte.a(hci.o)
                0x80017ff0                hci_pin_code_request_neg_reply
 .text.hci_disconnect
                0x80018064       0x98 c:/devkitPro/libogc/lib/wii\libbte.a(hci.o)
                0x80018064                hci_disconnect
 .text.hci_write_cod
                0x800180fc       0x78 c:/devkitPro/libogc/lib/wii\libbte.a(hci.o)
                0x800180fc                hci_write_cod
 .text.hci_host_buffer_size
                0x80018174       0xb4 c:/devkitPro/libogc/lib/wii\libbte.a(hci.o)
                0x80018174                hci_host_buffer_size
 .text.hci_host_num_comp_packets
                0x80018228       0xac c:/devkitPro/libogc/lib/wii\libbte.a(hci.o)
                0x80018228                hci_host_num_comp_packets
 .text.lp_pdu_maxsize
                0x800182d4        0xc c:/devkitPro/libogc/lib/wii\libbte.a(hci.o)
                0x800182d4                lp_pdu_maxsize
 .text.lp_acl_write
                0x800182e0      0x114 c:/devkitPro/libogc/lib/wii\libbte.a(hci.o)
                0x800182e0                lp_acl_write
 .text.lp_write_flush_timeout
                0x800183f4       0xa0 c:/devkitPro/libogc/lib/wii\libbte.a(hci.o)
                0x800183f4                lp_write_flush_timeout
 .text.hci_event_handler
                0x80018494      0xa6c c:/devkitPro/libogc/lib/wii\libbte.a(hci.o)
                0x80018494                hci_event_handler
 .text.hci_acldata_handler
                0x80018f00       0xdc c:/devkitPro/libogc/lib/wii\libbte.a(hci.o)
                0x80018f00                hci_acldata_handler
 .text.l2cap_cid_alloc
                0x80018fdc       0x4c c:/devkitPro/libogc/lib/wii\libbte.a(l2cap.o)
 .text.l2cap_init