Archive member included because of file (symbol)

c:/devkitPro/libogc/lib/wii\libfat.a(libfat.o)
                              uxfilesys.o (fatInitDefault)
c:/devkitPro/libogc/lib/wii\libfat.a(partition.o)
                              c:/devkitPro/libogc/lib/wii\libfat.a(libfat.o) (_FAT_partition_constructor)
c:/devkitPro/libogc/lib/wii\libfat.a(cache.o)
                              c:/devkitPro/libogc/lib/wii\libfat.a(partition.o) (_FAT_cache_constructor)
c:/devkitPro/libogc/lib/wii\libfat.a(directory.o)
                              c:/devkitPro/libogc/lib/wii\libfat.a(libfat.o) (_FAT_directory_getVolumeLabel)
c:/devkitPro/libogc/lib/wii\libfat.a(disc.o)
                              c:/devkitPro/libogc/lib/wii\libfat.a(libfat.o) (_FAT_disc_interfaces)
c:/devkitPro/libogc/lib/wii\libfat.a(fatdir.o)
                              c:/devkitPro/libogc/lib/wii\libfat.a(libfat.o) (_FAT_stat_r)
c:/devkitPro/libogc/lib/wii\libfat.a(fatfile.o)
                              c:/devkitPro/libogc/lib/wii\libfat.a(libfat.o) (_FAT_open_r)
c:/devkitPro/libogc/lib/wii\libfat.a(file_allocation_table.o)
                              c:/devkitPro/libogc/lib/wii\libfat.a(directory.o) (_FAT_fat_nextCluster)
c:/devkitPro/libogc/lib/wii\libfat.a(filetime.o)
                              c:/devkitPro/libogc/lib/wii\libfat.a(fatdir.o) (_FAT_filetime_getTimeFromRTC)
c:/devkitPro/libogc/lib/wii\libwiiuse.a(wpad.o)
                              uxcontrols.o (WPAD_SetDataFormat)
c:/devkitPro/libogc/lib/wii\libwiiuse.a(motion_plus.o)
                              c:/devkitPro/libogc/lib/wii\libwiiuse.a(wpad.o) (wiiuse_set_motion_plus)
c:/devkitPro/libogc/lib/wii\libwiiuse.a(dynamics.o)
                              c:/devkitPro/libogc/lib/wii\libwiiuse.a(wpad.o) (calculate_gforce)
c:/devkitPro/libogc/lib/wii\libwiiuse.a(io.o)
                              c:/devkitPro/libogc/lib/wii\libwiiuse.a(motion_plus.o) (wiiuse_disable_expansion)
c:/devkitPro/libogc/lib/wii\libwiiuse.a(io_wii.o)
                              c:/devkitPro/libogc/lib/wii\libwiiuse.a(wpad.o) (__wiiuse_sensorbar_enable)
c:/devkitPro/libogc/lib/wii\libwiiuse.a(ir.o)
                              c:/devkitPro/libogc/lib/wii\libwiiuse.a(motion_plus.o) (wiiuse_set_ir_mode)
c:/devkitPro/libogc/lib/wii\libwiiuse.a(nunchuk.o)
                              c:/devkitPro/libogc/lib/wii\libwiiuse.a(io.o) (nunchuk_handshake)
c:/devkitPro/libogc/lib/wii\libwiiuse.a(wiiboard.o)
                              c:/devkitPro/libogc/lib/wii\libwiiuse.a(io.o) (wii_board_handshake)
c:/devkitPro/libogc/lib/wii\libwiiuse.a(wiiuse.o)
                              c:/devkitPro/libogc/lib/wii\libwiiuse.a(wpad.o) (wiiuse_init)
c:/devkitPro/libogc/lib/wii\libwiiuse.a(speaker.o)
                              c:/devkitPro/libogc/lib/wii\libwiiuse.a(wpad.o) (wencdata)
c:/devkitPro/libogc/lib/wii\libwiiuse.a(classic.o)
                              c:/devkitPro/libogc/lib/wii\libwiiuse.a(io.o) (classic_ctrl_handshake)
c:/devkitPro/libogc/lib/wii\libwiiuse.a(events.o)
                              c:/devkitPro/libogc/lib/wii\libwiiuse.a(io_wii.o) (parse_event)
c:/devkitPro/libogc/lib/wii\libwiiuse.a(guitar_hero_3.o)
                              c:/devkitPro/libogc/lib/wii\libwiiuse.a(io.o) (guitar_hero_3_handshake)
c:/devkitPro/libogc/lib/wii\libbte.a(bte.o)
                              c:/devkitPro/libogc/lib/wii\libwiiuse.a(wpad.o) (BTE_Init)
c:/devkitPro/libogc/lib/wii\libbte.a(hci.o)
                              c:/devkitPro/libogc/lib/wii\libbte.a(bte.o) (hci_init)
c:/devkitPro/libogc/lib/wii\libbte.a(l2cap.o)
                              c:/devkitPro/libogc/lib/wii\libbte.a(bte.o) (l2cap_init)
c:/devkitPro/libogc/lib/wii\libbte.a(btmemb.o)
                              c:/devkitPro/libogc/lib/wii\libbte.a(bte.o) (btmemb_init)
c:/devkitPro/libogc/lib/wii\libbte.a(btmemr.o)
                              c:/devkitPro/libogc/lib/wii\libbte.a(hci.o) (btmemr_init)
c:/devkitPro/libogc/lib/wii\libbte.a(btpbuf.o)
                              c:/devkitPro/libogc/lib/wii\libbte.a(hci.o) (btpbuf_init)
c:/devkitPro/libogc/lib/wii\libbte.a(physbusif.o)
                              c:/devkitPro/libogc/lib/wii\libbte.a(bte.o) (physbusif_init)
c:/devkitPro/libogc/lib/wii\libogc.a(lwp_queue.o)
                              c:/devkitPro/libogc/lib/wii\libwiiuse.a(io_wii.o) (__lwp_queue_initialize)
c:/devkitPro/libogc/lib/wii\libogc.a(lwp_threads.o)
                              c:/devkitPro/libogc/lib/wii\libwiiuse.a(wpad.o) (_thread_dispatch_disable_level)
c:/devkitPro/libogc/lib/wii\libogc.a(lwp.o)
                              c:/devkitPro/libogc/lib/wii\libbte.a(bte.o) (LWP_InitQueue)
c:/devkitPro/libogc/lib/wii\libogc.a(lwp_handler.o)
                              c:/devkitPro/libogc/lib/wii\libogc.a(lwp_threads.o) (_cpu_context_save_fp)
c:/devkitPro/libogc/lib/wii\libogc.a(lwp_stack.o)
                              c:/devkitPro/libogc/lib/wii\libogc.a(lwp_threads.o) (__lwp_stack_allocate)
[...]
Memory Configuration

Name             Origin             Length             Attributes
*default*        0x00000000         0xffffffff

Linker script and memory map

                0x00003400                . = 0x3400

.stub
 *(.stub)
                0x80004000                . = 0x80004000

.init           0x80004000      0x194
 *crt0.o(*.init)
 .init          0x80004000      0x170 c:/devkitPro/libogc/lib/wii\libogc.a(ogc_crt0.o)
                0x80004000                _start
                0x80004140                _memset
 *(.init)
 .init          0x80004170        0xc c:/devkitpro/devkitppc/bin/../lib/gcc/powerpc-eabi/4.6.3/ecrti.o
                0x80004170                __init
 .init          0x8000417c        0x4 c:/devkitpro/devkitppc/bin/../lib/gcc/powerpc-eabi/4.6.3/crtbegin.o
 .init          0x80004180        0x4 c:/devkitpro/devkitppc/bin/../lib/gcc/powerpc-eabi/4.6.3/crtend.o
 .init          0x80004184       0x10 c:/devkitpro/devkitppc/bin/../lib/gcc/powerpc-eabi/4.6.3/ecrtn.o

.rela.dyn       0x80004194        0x0
 .rela.iplt     0x00000000        0x0 c:/devkitpro/devkitppc/bin/../lib/gcc/powerpc-eabi/4.6.3/crtbegin.o

.plt
 *(.plt)

.interp
 *(.interp)

.hash
 *(.hash)

.dynsym
 *(.dynsym)

.dynstr
 *(.dynstr)

.gnu.version
 *(.gnu.version)

.gnu.version_d
 *(.gnu.version_d)

.gnu.version_r
 *(.gnu.version_r)

.rel.init
 *(.rel.init)

.rela.init      0x80004194        0x0
 *(.rela.init)
 .rela.init     0x00000000        0x0 c:/devkitpro/devkitppc/bin/../lib/gcc/powerpc-eabi/4.6.3/crtbegin.o

.rel.text
 *(.rel.text .rel.text.* .rel.gnu.linkonce.t.*)

.rela.text      0x80004194        0x0
 *(.rela.text .rela.text.* .rela.gnu.linkonce.t.*)
 .rela.text     0x00000000        0x0 c:/devkitpro/devkitppc/bin/../lib/gcc/powerpc-eabi/4.6.3/crtbegin.o
 .rela.text.ux_main
                0x00000000        0x0 c:/devkitpro/devkitppc/bin/../lib/gcc/powerpc-eabi/4.6.3/crtbegin.o
 .rela.text.uxcontrols_init
                0x00000000        0x0 c:/devkitpro/devkitppc/bin/../lib/gcc/powerpc-eabi/4.6.3/crtbegin.o
 .rela.text.uxcontrols_read
                0x00000000        0x0 c:/devkitpro/devkitppc/bin/../lib/gcc/powerpc-eabi/4.6.3/crtbegin.o
 .rela.text.uxfilesys_init
                0x00000000        0x0 c:/devkitpro/devkitppc/bin/../lib/gcc/powerpc-eabi/4.6.3/crtbegin.o
 .rela.text.uxgraphics_init
                0x00000000        0x0 c:/devkitpro/devkitppc/bin/../lib/gcc/powerpc-eabi/4.6.3/crtbegin.o
 .rela.text.uxgraphics_flipscreen
                0x00000000        0x0 c:/devkitpro/devkitppc/bin/../lib/gcc/powerpc-eabi/4.6.3/crtbegin.o
 .rela.text.str_lower
                0x00000000        0x0 c:/devkitpro/devkitppc/bin/../lib/gcc/powerpc-eabi/4.6.3/crtbegin.o
 .rela.text.uxgraphics_vertex_drawMesh_fcol
                0x00000000        0x0 c:/devkitpro/devkitppc/bin/../lib/gcc/powerpc-eabi/4.6.3/crtbegin.o
 .rela.text.uxgraphics_vertex_drawMesh_col
                0x00000000        0x0 c:/devkitpro/devkitppc/bin/../lib/gcc/powerpc-eabi/4.6.3/crtbegin.o
 .rela.text.uxgraphics_vertex_drawMesh_ftex
                0x00000000        0x0 c:/devkitpro/devkitppc/bin/../lib/gcc/powerpc-eabi/4.6.3/crtbegin.o
 .rela.text.uxgraphics_vertex_drawMesh_tex
                0x00000000        0x0 c:/devkitpro/devkitppc/bin/../lib/gcc/powerpc-eabi/4.6.3/crtbegin.o
 .rela.text.uxgraphics_vertex_drawMesh_ffull
                0x00000000        0x0 c:/devkitpro/devkitppc/bin/../lib/gcc/powerpc-eabi/4.6.3/crtbegin.o
 .rela.text.uxgraphics_vertex_drawMesh_full
                0x00000000        0x0 c:/devkitpro/devkitppc/bin/../lib/gcc/powerpc-eabi/4.6.3/crtbegin.o
 .rela.text.uxgraphics_vertex_drawMesh_coltex
                0x00000000        0x0 c:/devkitpro/devkitppc/bin/../lib/gcc/powerpc-eabi/4.6.3/crtbegin.o
 .rela.text.uxgraphics_drawMesh
                0x00000000        0x0 c:/devkitpro/devkitppc/bin/../lib/gcc/powerpc-eabi/4.6.3/crtbegin.o
 .rela.text.fatUnmount
                0x00000000        0x0 c:/devkitpro/devkitppc/bin/../lib/gcc/powerpc-eabi/4.6.3/crtbegin.o
 .rela.text.fatInit
                0x00000000        0x0 c:/devkitpro/devkitppc/bin/../lib/gcc/powerpc-eabi/4.6.3/crtbegin.o
 .rela.text.fatGetVolumeLabel
                0x00000000        0x0 c:/devkitpro/devkitppc/bin/../lib/gcc/powerpc-eabi/4.6.3/crtbegin.o
 .rela.text._FAT_directory_entryGetAlias
                0x00000000        0x0 c:/devkitpro/devkitppc/bin/../lib/gcc/powerpc-eabi/4.6.3/crtbegin.o
 .rela.text.get_io_wiisd
                0x00000000        0x0 c:/devkitpro/devkitppc/bin/../lib/gcc/powerpc-eabi/4.6.3/crtbegin.o
 .rela.text.get_io_usbstorage
                0x00000000        0x0 c:/devkitpro/devkitppc/bin/../lib/gcc/powerpc-eabi/4.6.3/crtbegin.o
 .rela.text.get_io_gcsda
                0x00000000        0x0 c:/devkitpro/devkitppc/bin/../lib/gcc/powerpc-eabi/4.6.3/crtbegin.o
 .rela.text.get_io_gcsdb
                0x00000000        0x0 c:/devkitpro/devkitppc/bin/../lib/gcc/powerpc-eabi/4.6.3/crtbegin.o
 .rela.text.wiiuse_handshake_expansion
                0x00000000        0x0 c:/devkitpro/devkitppc/bin/../lib/gcc/powerpc-eabi/4.6.3/crtbegin.o
 .rela.text.wiiuse_handshake
                0x00000000        0x0 c:/devkitpro/devkitppc/bin/../lib/gcc/powerpc-eabi/4.6.3/crtbegin.o
 .rela.text.wiiuse_init_cmd_queue
                0x00000000        0x0 c:/devkitpro/devkitppc/bin/../lib/gcc/powerpc-eabi/4.6.3/crtbegin.o
 .rela.text.wiiuse_init
                0x00000000        0x0 c:/devkitpro/devkitppc/bin/../lib/gcc/powerpc-eabi/4.6.3/crtbegin.o
 .rela.text.bt_alarmhandler
                0x00000000        0x0 c:/devkitpro/devkitppc/bin/../lib/gcc/powerpc-eabi/4.6.3/crtbegin.o
 .rela.text.__lwp_thread_calcheir
                0x00000000        0x0 c:/devkitpro/devkitppc/bin/../lib/gcc/powerpc-eabi/4.6.3/crtbegin.o
 .rela.text.__lwp_wd_insert_ticks.constprop.4
                0x00000000        0x0 c:/devkitpro/devkitppc/bin/../lib/gcc/powerpc-eabi/4.6.3/crtbegin.o
 .rela.text.__lwp_rotate_readyqueue
                0x00000000        0x0 c:/devkitpro/devkitppc/bin/../lib/gcc/powerpc-eabi/4.6.3/crtbegin.o
 .rela.text.__lwp_thread_setpriority
                0x00000000        0x0 c:/devkitpro/devkitppc/bin/../lib/gcc/powerpc-eabi/4.6.3/crtbegin.o
 .rela.text.__lwp_thread_close
                0x00000000        0x0 c:/devkitpro/devkitppc/bin/../lib/gcc/powerpc-eabi/4.6.3/crtbegin.o
 .rela.text.__lwp_thread_closeall
                0x00000000        0x0 c:/devkitpro/devkitppc/bin/../lib/gcc/powerpc-eabi/4.6.3/crtbegin.o
 .rela.text.__lwp_thread_startmultitasking
                0x00000000        0x0 c:/devkitpro/devkitppc/bin/../lib/gcc/powerpc-eabi/4.6.3/crtbegin.o
 .rela.text.__lwp_thread_stopmultitasking
                0x00000000        0x0 c:/devkitpro/devkitppc/bin/../lib/gcc/powerpc-eabi/4.6.3/crtbegin.o
 .rela.text.__lwp_thread_coreinit
                0x00000000        0x0 c:/devkitpro/devkitppc/bin/../lib/gcc/powerpc-eabi/4.6.3/crtbegin.o
 .rela.text.__lwp_cntrl_free
                0x00000000        0x0 c:/devkitpro/devkitppc/bin/../lib/gcc/powerpc-eabi/4.6.3/crtbegin.o
 .rela.text.__lwp_tqueue_open
                0x00000000        0x0 c:/devkitpro/devkitppc/bin/../lib/gcc/powerpc-eabi/4.6.3/crtbegin.o
 .rela.text.__lwp_cntrl_open
                0x00000000        0x0 c:/devkitpro/devkitppc/bin/../lib/gcc/powerpc-eabi/4.6.3/crtbegin.o
 .rela.text.__lwp_sysinit
                0x00000000        0x0 c:/devkitpro/devkitppc/bin/../lib/gcc/powerpc-eabi/4.6.3/crtbegin.o
 .rela.text.__lwp_thread_isalive
                0x00000000        0x0 c:/devkitpro/devkitppc/bin/../lib/gcc/powerpc-eabi/4.6.3/crtbegin.o
 .rela.text.__lwp_thread_exists
                0x00000000        0x0 c:/devkitpro/devkitppc/bin/../lib/gcc/powerpc-eabi/4.6.3/crtbegin.o
 .rela.text.__lwp_thread_context
                0x00000000        0x0 c:/devkitpro/devkitppc/bin/../lib/gcc/powerpc-eabi/4.6.3/crtbegin.o
 .rela.text.LWP_CreateThread
                0x00000000        0x0 c:/devkitpro/devkitppc/bin/../lib/gcc/powerpc-eabi/4.6.3/crtbegin.o
 .rela.text.LWP_InitQueue
                0x00000000        0x0 c:/devkitpro/devkitppc/bin/../lib/gcc/powerpc-eabi/4.6.3/crtbegin.o
 .rela.text.LWP_CloseQueue
                0x00000000        0x0 c:/devkitpro/devkitppc/bin/../lib/gcc/powerpc-eabi/4.6.3/crtbegin.o
 .rela.text.__lwp_stack_allocate
                0x00000000        0x0 c:/devkitpro/devkitppc/bin/../lib/gcc/powerpc-eabi/4.6.3/crtbegin.o
 .rela.text.__lwp_stack_free
                0x00000000        0x0 c:/devkitpro/devkitppc/bin/../lib/gcc/powerpc-eabi/4.6.3/crtbegin.o
 .rela.text.__lwp_watchdog_init
                0x00000000        0x0 c:/devkitpro/devkitppc/bin/../lib/gcc/powerpc-eabi/4.6.3/crtbegin.o
 .rela.text.__lwp_wd_tickle
                0x00000000        0x0 c:/devkitpro/devkitppc/bin/../lib/gcc/powerpc-eabi/4.6.3/crtbegin.o
 .rela.text.__lwp_wkspace_heapfree
                0x00000000        0x0 c:/devkitpro/devkitppc/bin/../lib/gcc/powerpc-eabi/4.6.3/crtbegin.o
 .rela.text.__lwp_wkspace_heapused
                0x00000000        0x0 c:/devkitpro/devkitppc/bin/../lib/gcc/powerpc-eabi/4.6.3/crtbegin.o
 .rela.text.__lwp_wkspace_init
                0x00000000        0x0 c:/devkitpro/devkitppc/bin/../lib/gcc/powerpc-eabi/4.6.3/crtbegin.o
 .rela.text.__lwp_objmgr_initinfo
                0x00000000        0x0 c:/devkitpro/devkitppc/bin/../lib/gcc/powerpc-eabi/4.6.3/crtbegin.o
 .rela.text.__irq_init
                0x00000000        0x0 c:/devkitpro/devkitppc/bin/../lib/gcc/powerpc-eabi/4.6.3/crtbegin.o
 .rela.text.__lwp_mutex_locksupp.constprop.7
                0x00000000        0x0 c:/devkitpro/devkitppc/bin/../lib/gcc/powerpc-eabi/4.6.3/crtbegin.o
 .rela.text.__lwp_mutex_init
                0x00000000        0x0 c:/devkitpro/devkitppc/bin/../lib/gcc/powerpc-eabi/4.6.3/crtbegin.o
 .rela.text.LWP_MutexInit
                0x00000000        0x0 c:/devkitpro/devkitppc/bin/../lib/gcc/powerpc-eabi/4.6.3/crtbegin.o
 .rela.text.LWP_MutexDestroy
                0x00000000        0x0 c:/devkitpro/devkitppc/bin/../lib/gcc/powerpc-eabi/4.6.3/crtbegin.o
 .rela.text.LWP_MutexUnlock
                0x00000000        0x0 c:/devkitpro/devkitppc/bin/../lib/gcc/powerpc-eabi/4.6.3/crtbegin.o
 .rela.text.__call_resetfuncs
                0x00000000        0x0 c:/devkitpro/devkitppc/bin/../lib/gcc/powerpc-eabi/4.6.3/crtbegin.o
 .rela.text.__locksram
                0x00000000        0x0 c:/devkitpro/devkitppc/bin/../lib/gcc/powerpc-eabi/4.6.3/crtbegin.o
 .rela.text.__lwp_wd_insert_ticks
                0x00000000        0x0 c:/devkitpro/devkitppc/bin/../lib/gcc/powerpc-eabi/4.6.3/crtbegin.o
 .rela.text.__unlocksram
                0x00000000        0x0 c:/devkitpro/devkitppc/bin/../lib/gcc/powerpc-eabi/4.6.3/crtbegin.o
 .rela.text.__sram_writecallback
                0x00000000        0x0 c:/devkitpro/devkitppc/bin/../lib/gcc/powerpc-eabi/4.6.3/crtbegin.o
 .rela.text.__sram_init
                0x00000000        0x0 c:/devkitpro/devkitppc/bin/../lib/gcc/powerpc-eabi/4.6.3/crtbegin.o
 .rela.text.__SYS_SyncSram
                0x00000000        0x0 c:/devkitpro/devkitppc/bin/../lib/gcc/powerpc-eabi/4.6.3/crtbegin.o
 .rela.text.SYS_Init
                0x00000000        0x0 c:/devkitpro/devkitppc/bin/../lib/gcc/powerpc-eabi/4.6.3/crtbegin.o
 .rela.text.SYS_RemoveAlarm
                0x00000000        0x0 c:/devkitpro/devkitppc/bin/../lib/gcc/powerpc-eabi/4.6.3/crtbegin.o
 .rela.text.SYS_CancelAlarm
                0x00000000        0x0 c:/devkitpro/devkitppc/bin/../lib/gcc/powerpc-eabi/4.6.3/crtbegin.o
 .rela.text.__lwp_cond_open
                0x00000000        0x0 c:/devkitpro/devkitppc/bin/../lib/gcc/powerpc-eabi/4.6.3/crtbegin.o
 .rela.text.__lwp_cond_init
                0x00000000        0x0 c:/devkitpro/devkitppc/bin/../lib/gcc/powerpc-eabi/4.6.3/crtbegin.o
 .rela.text.LWP_CondInit
                0x00000000        0x0 c:/devkitpro/devkitppc/bin/../lib/gcc/powerpc-eabi/4.6.3/crtbegin.o
 .rela.text.LWP_CondDestroy
                0x00000000        0x0 c:/devkitpro/devkitppc/bin/../lib/gcc/powerpc-eabi/4.6.3/crtbegin.o
 .rela.text.__GX_FifoLink
                0x00000000        0x0 c:/devkitpro/devkitppc/bin/../lib/gcc/powerpc-eabi/4.6.3/crtbegin.o
 .rela.text.__GX_WriteFifoIntEnable
                0x00000000        0x0 c:/devkitpro/devkitppc/bin/../lib/gcc/powerpc-eabi/4.6.3/crtbegin.o
 .rela.text.__GX_FifoReadEnable
                0x00000000        0x0 c:/devkitpro/devkitppc/bin/../lib/gcc/powerpc-eabi/4.6.3/crtbegin.o
 .rela.text.__GX_FifoReadDisable
                0x00000000        0x0 c:/devkitpro/devkitppc/bin/../lib/gcc/powerpc-eabi/4.6.3/crtbegin.o
 .rela.text.__GX_InitRevBits
                0x00000000        0x0 c:/devkitpro/devkitppc/bin/../lib/gcc/powerpc-eabi/4.6.3/crtbegin.o
 .rela.text.__GXDefTexRegionCallback
                0x00000000        0x0 c:/devkitpro/devkitppc/bin/../lib/gcc/powerpc-eabi/4.6.3/crtbegin.o
 .rela.text.__GXDefTlutRegionCallback
                0x00000000        0x0 c:/devkitpro/devkitppc/bin/../lib/gcc/powerpc-eabi/4.6.3/crtbegin.o
 .rela.text.__GX_FlushTextureState
                0x00000000        0x0 c:/devkitpro/devkitppc/bin/../lib/gcc/powerpc-eabi/4.6.3/crtbegin.o
 .rela.text.__SetSURegs
                0x00000000        0x0 c:/devkitpro/devkitppc/bin/../lib/gcc/powerpc-eabi/4.6.3/crtbegin.o
 .rela.text.__SETVCDFMT
                0x00000000        0x0 c:/devkitpro/devkitppc/bin/../lib/gcc/powerpc-eabi/4.6.3/crtbegin.o
 .rela.text.__GX_SetMatrixIndex
                0x00000000        0x0 c:/devkitpro/devkitppc/bin/../lib/gcc/powerpc-eabi/4.6.3/crtbegin.o
 .rela.text.__GX_SetDirtyState
                0x00000000        0x0 c:/devkitpro/devkitppc/bin/../lib/gcc/powerpc-eabi/4.6.3/crtbegin.o
 .rela.text.__SETVCDATTR
                0x00000000        0x0 c:/devkitpro/devkitppc/bin/../lib/gcc/powerpc-eabi/4.6.3/crtbegin.o
 .rela.text.__GX_WriteFifoIntReset.constprop.6
                0x00000000        0x0 c:/devkitpro/devkitppc/bin/../lib/gcc/powerpc-eabi/4.6.3/crtbegin.o
 .rela.text.__GXCPInterruptHandler
                0x00000000        0x0 c:/devkitpro/devkitppc/bin/../lib/gcc/powerpc-eabi/4.6.3/crtbegin.o
 .rela.text.GX_Flush
                0x00000000        0x0 c:/devkitpro/devkitppc/bin/../lib/gcc/powerpc-eabi/4.6.3/crtbegin.o
 .rela.text.GX_EnableBreakPt
                0x00000000        0x0 c:/devkitpro/devkitppc/bin/../lib/gcc/powerpc-eabi/4.6.3/crtbegin.o
 .rela.text.GX_DisableBreakPt
                0x00000000        0x0 c:/devkitpro/devkitppc/bin/../lib/gcc/powerpc-eabi/4.6.3/crtbegin.o
 .rela.text.GX_AbortFrame
                0x00000000        0x0 c:/devkitpro/devkitppc/bin/../lib/gcc/powerpc-eabi/4.6.3/crtbegin.o
 .rela.text.GX_PixModeSync
                0x00000000        0x0 c:/devkitpro/devkitppc/bin/../lib/gcc/powerpc-eabi/4.6.3/crtbegin.o
 .rela.text.GX_SetMisc
                0x00000000        0x0 c:/devkitpro/devkitppc/bin/../lib/gcc/powerpc-eabi/4.6.3/crtbegin.o
 .rela.text.GX_SetCopyClamp
                0x00000000        0x0 c:/devkitpro/devkitppc/bin/../lib/gcc/powerpc-eabi/4.6.3/crtbegin.o
 .rela.text.GX_SetDispCopyGamma
                0x00000000        0x0 c:/devkitpro/devkitppc/bin/../lib/gcc/powerpc-eabi/4.6.3/crtbegin.o
 .rela.text.GX_SetDispCopyFrame2Field
                0x00000000        0x0 c:/devkitpro/devkitppc/bin/../lib/gcc/powerpc-eabi/4.6.3/crtbegin.o
 .rela.text.GX_SetDispCopyYScale
                0x00000000        0x0 c:/devkitpro/devkitppc/bin/../lib/gcc/powerpc-eabi/4.6.3/crtbegin.o
 .rela.text.GX_SetDispCopyDst
                0x00000000        0x0 c:/devkitpro/devkitppc/bin/../lib/gcc/powerpc-eabi/4.6.3/crtbegin.o
 .rela.text.GX_SetDispCopySrc
                0x00000000        0x0 c:/devkitpro/devkitppc/bin/../lib/gcc/powerpc-eabi/4.6.3/crtbegin.o
 .rela.text.GX_CopyDisp
                0x00000000        0x0 c:/devkitpro/devkitppc/bin/../lib/gcc/powerpc-eabi/4.6.3/crtbegin.o
 .rela.text.GX_CopyTex
                0x00000000        0x0 c:/devkitpro/devkitppc/bin/../lib/gcc/powerpc-eabi/4.6.3/crtbegin.o
 .rela.text.GX_SetTexCopySrc
                0x00000000        0x0 c:/devkitpro/devkitppc/bin/../lib/gcc/powerpc-eabi/4.6.3/crtbegin.o
 .rela.text.GX_SetTexCopyDst
                0x00000000        0x0 c:/devkitpro/devkitppc/bin/../lib/gcc/powerpc-eabi/4.6.3/crtbegin.o
 .rela.text.GX_BeginDispList
                0x00000000        0x0 c:/devkitpro/devkitppc/bin/../lib/gcc/powerpc-eabi/4.6.3/crtbegin.o
 .rela.text.GX_EndDispList
                0x00000000        0x0 c:/devkitpro/devkitppc/bin/../lib/gcc/powerpc-eabi/4.6.3/crtbegin.o
 .rela.text.GX_CallDispList
                0x00000000        0x0 c:/devkitpro/devkitppc/bin/../lib/gcc/powerpc-eabi/4.6.3/crtbegin.o
 .rela.text.GX_SetChanCtrl
                0x00000000        0x0 c:/devkitpro/devkitppc/bin/../lib/gcc/powerpc-eabi/4.6.3/crtbegin.o
 .rela.text.GX_SetChanAmbColor
                0x00000000        0x0 c:/devkitpro/devkitppc/bin/../lib/gcc/powerpc-eabi/4.6.3/crtbegin.o
 .rela.text.GX_SetChanMatColor
                0x00000000        0x0 c:/devkitpro/devkitppc/bin/../lib/gcc/powerpc-eabi/4.6.3/crtbegin.o
 .rela.text.GX_SetVtxDesc
                0x00000000        0x0 c:/devkitpro/devkitppc/bin/../lib/gcc/powerpc-eabi/4.6.3/crtbegin.o
 .rela.text.GX_SetVtxDescv
                0x00000000        0x0 c:/devkitpro/devkitppc/bin/../lib/gcc/powerpc-eabi/4.6.3/crtbegin.o
 .rela.text.GX_GetVtxDescv
                0x00000000        0x0 c:/devkitpro/devkitppc/bin/../lib/gcc/powerpc-eabi/4.6.3/crtbegin.o
 .rela.text.GX_SetVtxAttrFmt
                0x00000000        0x0 c:/devkitpro/devkitppc/bin/../lib/gcc/powerpc-eabi/4.6.3/crtbegin.o
 .rela.text.GX_SetVtxAttrFmtv
                0x00000000        0x0 c:/devkitpro/devkitppc/bin/../lib/gcc/powerpc-eabi/4.6.3/crtbegin.o
 .rela.text.GX_Begin
                0x00000000        0x0 c:/devkitpro/devkitppc/bin/../lib/gcc/powerpc-eabi/4.6.3/crtbegin.o
 .rela.text.GX_SetTexCoordGen2
                0x00000000        0x0 c:/devkitpro/devkitppc/bin/../lib/gcc/powerpc-eabi/4.6.3/crtbegin.o
 .rela.text.GX_SetCurrentMtx
                0x00000000        0x0 c:/devkitpro/devkitppc/bin/../lib/gcc/powerpc-eabi/4.6.3/crtbegin.o
 .rela.text.GX_SetNumTexGens
                0x00000000        0x0 c:/devkitpro/devkitppc/bin/../lib/gcc/powerpc-eabi/4.6.3/crtbegin.o
 .rela.text.GX_SetZMode
                0x00000000        0x0 c:/devkitpro/devkitppc/bin/../lib/gcc/powerpc-eabi/4.6.3/crtbegin.o
 .rela.text.GX_LoadTexObjPreloaded
                0x00000000        0x0 c:/devkitpro/devkitppc/bin/../lib/gcc/powerpc-eabi/4.6.3/crtbegin.o
 .rela.text.GX_SetTexCoordScaleManually
                0x00000000        0x0 c:/devkitpro/devkitppc/bin/../lib/gcc/powerpc-eabi/4.6.3/crtbegin.o
 .rela.text.GX_SetTexCoordCylWrap
                0x00000000        0x0 c:/devkitpro/devkitppc/bin/../lib/gcc/powerpc-eabi/4.6.3/crtbegin.o
 .rela.text.GX_SetTexCoordBias
                0x00000000        0x0 c:/devkitpro/devkitppc/bin/../lib/gcc/powerpc-eabi/4.6.3/crtbegin.o
 .rela.text.GX_SetBlendMode
                0x00000000        0x0 c:/devkitpro/devkitppc/bin/../lib/gcc/powerpc-eabi/4.6.3/crtbegin.o
 .rela.text.GX_ClearVtxDesc
                0x00000000        0x0 c:/devkitpro/devkitppc/bin/../lib/gcc/powerpc-eabi/4.6.3/crtbegin.o
 .rela.text.GX_SetLineWidth
                0x00000000        0x0 c:/devkitpro/devkitppc/bin/../lib/gcc/powerpc-eabi/4.6.3/crtbegin.o
 .rela.text.GX_SetPointSize
                0x00000000        0x0 c:/devkitpro/devkitppc/bin/../lib/gcc/powerpc-eabi/4.6.3/crtbegin.o
 .rela.text.GX_SetTevColorIn
                0x00000000        0x0 c:/devkitpro/devkitppc/bin/../lib/gcc/powerpc-eabi/4.6.3/crtbegin.o
 .rela.text.GX_SetTevAlphaIn
                0x00000000        0x0 c:/devkitpro/devkitppc/bin/../lib/gcc/powerpc-eabi/4.6.3/crtbegin.o
 .rela.text.GX_SetTevColorOp
                0x00000000        0x0 c:/devkitpro/devkitppc/bin/../lib/gcc/powerpc-eabi/4.6.3/crtbegin.o
 .rela.text.GX_SetTevAlphaOp
                0x00000000        0x0 c:/devkitpro/devkitppc/bin/../lib/gcc/powerpc-eabi/4.6.3/crtbegin.o
 .rela.text.GX_SetCullMode
                0x00000000        0x0 c:/devkitpro/devkitppc/bin/../lib/gcc/powerpc-eabi/4.6.3/crtbegin.o
 .rela.text.GX_SetCoPlanar
                0x00000000        0x0 c:/devkitpro/devkitppc/bin/../lib/gcc/powerpc-eabi/4.6.3/crtbegin.o
 .rela.text.GX_EnableTexOffsets
                0x00000000        0x0 c:/devkitpro/devkitppc/bin/../lib/gcc/powerpc-eabi/4.6.3/crtbegin.o
 .rela.text.GX_SetScissor
                0x00000000        0x0 c:/devkitpro/devkitppc/bin/../lib/gcc/powerpc-eabi/4.6.3/crtbegin.o
 .rela.text.GX_SetNumChans
                0x00000000        0x0 c:/devkitpro/devkitppc/bin/../lib/gcc/powerpc-eabi/4.6.3/crtbegin.o
 .rela.text.GX_SetTevOrder
                0x00000000        0x0 c:/devkitpro/devkitppc/bin/../lib/gcc/powerpc-eabi/4.6.3/crtbegin.o
 .rela.text.GX_SetNumTevStages
                0x00000000        0x0 c:/devkitpro/devkitppc/bin/../lib/gcc/powerpc-eabi/4.6.3/crtbegin.o
 .rela.text.GX_SetTevKColorSel
                0x00000000        0x0 c:/devkitpro/devkitppc/bin/../lib/gcc/powerpc-eabi/4.6.3/crtbegin.o
 .rela.text.GX_SetTevKAlphaSel
                0x00000000        0x0 c:/devkitpro/devkitppc/bin/../lib/gcc/powerpc-eabi/4.6.3/crtbegin.o
 .rela.text.GX_SetTevSwapMode
                0x00000000        0x0 c:/devkitpro/devkitppc/bin/../lib/gcc/powerpc-eabi/4.6.3/crtbegin.o
 .rela.text.GX_SetTevSwapModeTable
                0x00000000        0x0 c:/devkitpro/devkitppc/bin/../lib/gcc/powerpc-eabi/4.6.3/crtbegin.o
 .rela.text.GX_SetNumIndStages
                0x00000000        0x0 c:/devkitpro/devkitppc/bin/../lib/gcc/powerpc-eabi/4.6.3/crtbegin.o
 .rela.text.GX_SetIndTexCoordScale
                0x00000000        0x0 c:/devkitpro/devkitppc/bin/../lib/gcc/powerpc-eabi/4.6.3/crtbegin.o
 .rela.text.GX_SetColorUpdate
                0x00000000        0x0 c:/devkitpro/devkitppc/bin/../lib/gcc/powerpc-eabi/4.6.3/crtbegin.o
 .rela.text.GX_SetAlphaUpdate
                0x00000000        0x0 c:/devkitpro/devkitppc/bin/../lib/gcc/powerpc-eabi/4.6.3/crtbegin.o
 .rela.text.GX_SetZCompLoc
                0x00000000        0x0 c:/devkitpro/devkitppc/bin/../lib/gcc/powerpc-eabi/4.6.3/crtbegin.o
 .rela.text.GX_SetPixelFmt
                0x00000000        0x0 c:/devkitpro/devkitppc/bin/../lib/gcc/powerpc-eabi/4.6.3/crtbegin.o
 .rela.text.GX_SetDither
                0x00000000        0x0 c:/devkitpro/devkitppc/bin/../lib/gcc/powerpc-eabi/4.6.3/crtbegin.o
 .rela.text.GX_SetDstAlpha
                0x00000000        0x0 c:/devkitpro/devkitppc/bin/../lib/gcc/powerpc-eabi/4.6.3/crtbegin.o
 .rela.text.GX_SetFieldMode
                0x00000000        0x0 c:/devkitpro/devkitppc/bin/../lib/gcc/powerpc-eabi/4.6.3/crtbegin.o
 .rela.text.GX_SetIndTexOrder
                0x00000000        0x0 c:/devkitpro/devkitppc/bin/../lib/gcc/powerpc-eabi/4.6.3/crtbegin.o
 .rela.text.GX_SetGPMetric
                0x00000000        0x0 c:/devkitpro/devkitppc/bin/../lib/gcc/powerpc-eabi/4.6.3/crtbegin.o
 .rela.text.GX_Init
                0x00000000        0x0 c:/devkitpro/devkitppc/bin/../lib/gcc/powerpc-eabi/4.6.3/crtbegin.o
 .rela.text.GX_ReadGPMetric
                0x00000000        0x0 c:/devkitpro/devkitppc/bin/../lib/gcc/powerpc-eabi/4.6.3/crtbegin.o
 .rela.text.c_decrementer_handler
                0x00000000        0x0 c:/devkitpro/devkitppc/bin/../lib/gcc/powerpc-eabi/4.6.3/crtbegin.o
 .rela.text.__lwp_mqbox_free
                0x00000000        0x0 c:/devkitpro/devkitppc/bin/../lib/gcc/powerpc-eabi/4.6.3/crtbegin.o
 .rela.text.__lwp_mqbox_open
                0x00000000        0x0 c:/devkitpro/devkitppc/bin/../lib/gcc/powerpc-eabi/4.6.3/crtbegin.o
 .rela.text.__lwp_mqbox_init
                0x00000000        0x0 c:/devkitpro/devkitppc/bin/../lib/gcc/powerpc-eabi/4.6.3/crtbegin.o
 .rela.text.MQ_Init
                0x00000000        0x0 c:/devkitpro/devkitppc/bin/../lib/gcc/powerpc-eabi/4.6.3/crtbegin.o
 .rela.text.__ios_ioctlvformat_parse
                0x00000000        0x0 c:/devkitpro/devkitppc/bin/../lib/gcc/powerpc-eabi/4.6.3/crtbegin.o
 .rela.text.__ioctlvfmtCB
                0x00000000        0x0 c:/devkitpro/devkitppc/bin/../lib/gcc/powerpc-eabi/4.6.3/crtbegin.o
 .rela.text.IOS_IoctlvFormat
                0x00000000        0x0 c:/devkitpro/devkitppc/bin/../lib/gcc/powerpc-eabi/4.6.3/crtbegin.o
 .rela.text.IOS_IoctlvFormatAsync
                0x00000000        0x0 c:/devkitpro/devkitppc/bin/../lib/gcc/powerpc-eabi/4.6.3/crtbegin.o
 .rela.text.nanosleep
                0x00000000        0x0 c:/devkitpro/devkitppc/bin/../lib/gcc/powerpc-eabi/4.6.3/crtbegin.o
 .rela.text.__libc_delete_hook
                0x00000000        0x0 c:/devkitpro/devkitppc/bin/../lib/gcc/powerpc-eabi/4.6.3/crtbegin.o
 .rela.text.__libc_init
                0x00000000        0x0 c:/devkitpro/devkitppc/bin/../lib/gcc/powerpc-eabi/4.6.3/crtbegin.o
 .rela.text.__libc_wrapup
                0x00000000        0x0 c:/devkitpro/devkitppc/bin/../lib/gcc/powerpc-eabi/4.6.3/crtbegin.o
 .rela.text.__CheckARGV
                0x00000000        0x0 c:/devkitpro/devkitppc/bin/../lib/gcc/powerpc-eabi/4.6.3/crtbegin.o
 .rela.text.__lwp_priority_init
                0x00000000        0x0 c:/devkitpro/devkitppc/bin/../lib/gcc/powerpc-eabi/4.6.3/crtbegin.o
 .rela.text.__lwp_wd_remove_ticks
                0x00000000        0x0 c:/devkitpro/devkitppc/bin/../lib/gcc/powerpc-eabi/4.6.3/crtbegin.o
 .rela.text.__lwp_threadqueue_enqueue
                0x00000000        0x0 c:/devkitpro/devkitppc/bin/../lib/gcc/powerpc-eabi/4.6.3/crtbegin.o
 .rela.text.__lwpmq_initialize
                0x00000000        0x0 c:/devkitpro/devkitppc/bin/../lib/gcc/powerpc-eabi/4.6.3/crtbegin.o
 .rela.text.__lwpmq_close
                0x00000000        0x0 c:/devkitpro/devkitppc/bin/../lib/gcc/powerpc-eabi/4.6.3/crtbegin.o
 .rela.text.__systemcall_init
                0x00000000        0x0 c:/devkitpro/devkitppc/bin/../lib/gcc/powerpc-eabi/4.6.3/crtbegin.o
 .rela.text.__exception_init
                0x00000000        0x0 c:/devkitpro/devkitppc/bin/../lib/gcc/powerpc-eabi/4.6.3/crtbegin.o
 .rela.text.__exception_close
                0x00000000        0x0 c:/devkitpro/devkitppc/bin/../lib/gcc/powerpc-eabi/4.6.3/crtbegin.o
 .rela.text.__exception_sethandler
                0x00000000        0x0 c:/devkitpro/devkitppc/bin/../lib/gcc/powerpc-eabi/4.6.3/crtbegin.o
 .rela.text.__lwp_sema_open
                0x00000000        0x0 c:/devkitpro/devkitppc/bin/../lib/gcc/powerpc-eabi/4.6.3/crtbegin.o
 .rela.text.__lwp_sema_init
                0x00000000        0x0 c:/devkitpro/devkitppc/bin/../lib/gcc/powerpc-eabi/4.6.3/crtbegin.o
 .rela.text.LWP_SemInit
                0x00000000        0x0 c:/devkitpro/devkitppc/bin/../lib/gcc/powerpc-eabi/4.6.3/crtbegin.o
 .rela.text.LWP_SemDestroy
                0x00000000        0x0 c:/devkitpro/devkitppc/bin/../lib/gcc/powerpc-eabi/4.6.3/crtbegin.o
 .rela.text.kprintf
                0x00000000        0x0 c:/devkitpro/devkitppc/bin/../lib/gcc/powerpc-eabi/4.6.3/crtbegin.o
 .rela.text.__card_readcid
                0x00000000        0x0 c:/devkitpro/devkitppc/bin/../lib/gcc/powerpc-eabi/4.6.3/crtbegin.o
 .rela.text.__card_readcsd
                0x00000000        0x0 c:/devkitpro/devkitppc/bin/../lib/gcc/powerpc-eabi/4.6.3/crtbegin.o
 .rela.text.__card_sd_status
                0x00000000        0x0 c:/devkitpro/devkitppc/bin/../lib/gcc/powerpc-eabi/4.6.3/crtbegin.o
 .rela.text.sdgecko_initIO
                0x00000000        0x0 c:/devkitpro/devkitppc/bin/../lib/gcc/powerpc-eabi/4.6.3/crtbegin.o
 .rela.text.__console_init
                0x00000000        0x0 c:/devkitpro/devkitppc/bin/../lib/gcc/powerpc-eabi/4.6.3/crtbegin.o
 .rela.text.__console_init_ex
                0x00000000        0x0 c:/devkitpro/devkitppc/bin/../lib/gcc/powerpc-eabi/4.6.3/crtbegin.o
 .rela.text.CON_EnableGecko
                0x00000000        0x0 c:/devkitpro/devkitppc/bin/../lib/gcc/powerpc-eabi/4.6.3/crtbegin.o
 .rela.text.atangent
                0x00000000        0x0 c:/devkitpro/devkitppc/bin/../lib/gcc/powerpc-eabi/4.6.3/crtbegin.o
 .rela.text.atangentf
                0x00000000        0x0 c:/devkitpro/devkitppc/bin/../lib/gcc/powerpc-eabi/4.6.3/crtbegin.o
 .rela.text.sinef
                0x00000000        0x0 c:/devkitpro/devkitppc/bin/../lib/gcc/powerpc-eabi/4.6.3/crtbegin.o
 .rela.text.sqrtf
                0x00000000        0x0 c:/devkitpro/devkitppc/bin/../lib/gcc/powerpc-eabi/4.6.3/crtbegin.o
 .rela.text.tanf
                0x00000000        0x0 c:/devkitpro/devkitppc/bin/../lib/gcc/powerpc-eabi/4.6.3/crtbegin.o
 .rela.text.calloc
                0x00000000        0x0 c:/devkitpro/devkitppc/bin/../lib/gcc/powerpc-eabi/4.6.3/crtbegin.o
 .rela.text.__errno
                0x00000000        0x0 c:/devkitpro/devkitppc/bin/../lib/gcc/powerpc-eabi/4.6.3/crtbegin.o
 .rela.text.exit
                0x00000000        0x0 c:/devkitpro/devkitppc/bin/../lib/gcc/powerpc-eabi/4.6.3/crtbegin.o
 .rela.text.fclose
                0x00000000        0x0 c:/devkitpro/devkitppc/bin/../lib/gcc/powerpc-eabi/4.6.3/crtbegin.o
 .rela.text.fflush
                0x00000000        0x0 c:/devkitpro/devkitppc/bin/../lib/gcc/powerpc-eabi/4.6.3/crtbegin.o
 .rela.text.std.isra.0
                0x00000000        0x0 c:/devkitpro/devkitppc/bin/../lib/gcc/powerpc-eabi/4.6.3/crtbegin.o
 .rela.text._cleanup
                0x00000000        0x0 c:/devkitpro/devkitppc/bin/../lib/gcc/powerpc-eabi/4.6.3/crtbegin.o
 .rela.text.__sfp
                0x00000000        0x0 c:/devkitpro/devkitppc/bin/../lib/gcc/powerpc-eabi/4.6.3/crtbegin.o
 .rela.text.__fp_lock_all
                0x00000000        0x0 c:/devkitpro/devkitppc/bin/../lib/gcc/powerpc-eabi/4.6.3/crtbegin.o
 .rela.text.__fp_unlock_all
                0x00000000        0x0 c:/devkitpro/devkitppc/bin/../lib/gcc/powerpc-eabi/4.6.3/crtbegin.o
 .rela.text._fopen_r
                0x00000000        0x0 c:/devkitpro/devkitppc/bin/../lib/gcc/powerpc-eabi/4.6.3/crtbegin.o
 .rela.text.fopen
                0x00000000        0x0 c:/devkitpro/devkitppc/bin/../lib/gcc/powerpc-eabi/4.6.3/crtbegin.o
 .rela.text.fprintf
                0x00000000        0x0 c:/devkitpro/devkitppc/bin/../lib/gcc/powerpc-eabi/4.6.3/crtbegin.o
 .rela.text.fputs
                0x00000000        0x0 c:/devkitpro/devkitppc/bin/../lib/gcc/powerpc-eabi/4.6.3/crtbegin.o
 .rela.text.fread
                0x00000000        0x0 c:/devkitpro/devkitppc/bin/../lib/gcc/powerpc-eabi/4.6.3/crtbegin.o
 .rela.text._malloc_trim_r
                0x00000000        0x0 c:/devkitpro/devkitppc/bin/../lib/gcc/powerpc-eabi/4.6.3/crtbegin.o
 .rela.text._free_r
                0x00000000        0x0 c:/devkitpro/devkitppc/bin/../lib/gcc/powerpc-eabi/4.6.3/crtbegin.o
 .rela.text._fseek_r
                0x00000000        0x0 c:/devkitpro/devkitppc/bin/../lib/gcc/powerpc-eabi/4.6.3/crtbegin.o
 .rela.text.fseek
                0x00000000        0x0 c:/devkitpro/devkitppc/bin/../lib/gcc/powerpc-eabi/4.6.3/crtbegin.o
 .rela.text.ftell
                0x00000000        0x0 c:/devkitpro/devkitppc/bin/../lib/gcc/powerpc-eabi/4.6.3/crtbegin.o
 .rela.text.fwrite
                0x00000000        0x0 c:/devkitpro/devkitppc/bin/../lib/gcc/powerpc-eabi/4.6.3/crtbegin.o
 .rela.text.loadlocale
                0x00000000        0x0 c:/devkitpro/devkitppc/bin/../lib/gcc/powerpc-eabi/4.6.3/crtbegin.o
 .rela.text.__smakebuf_r
                0x00000000        0x0 c:/devkitpro/devkitppc/bin/../lib/gcc/powerpc-eabi/4.6.3/crtbegin.o
 .rela.text._mbrtowc_r
                0x00000000        0x0 c:/devkitpro/devkitppc/bin/../lib/gcc/powerpc-eabi/4.6.3/crtbegin.o
 .rela.text.mbrtowc
                0x00000000        0x0 c:/devkitpro/devkitppc/bin/../lib/gcc/powerpc-eabi/4.6.3/crtbegin.o
 .rela.text.mktime
                0x00000000        0x0 c:/devkitpro/devkitppc/bin/../lib/gcc/powerpc-eabi/4.6.3/crtbegin.o
 .rela.text._mktm_r
                0x00000000        0x0 c:/devkitpro/devkitppc/bin/../lib/gcc/powerpc-eabi/4.6.3/crtbegin.o
 .rela.text._wcrtomb_r
                0x00000000        0x0 c:/devkitpro/devkitppc/bin/../lib/gcc/powerpc-eabi/4.6.3/crtbegin.o
 .rela.text.wcrtomb
                0x00000000        0x0 c:/devkitpro/devkitppc/bin/../lib/gcc/powerpc-eabi/4.6.3/crtbegin.o
 .rela.text.wctob
                0x00000000        0x0 c:/devkitpro/devkitppc/bin/../lib/gcc/powerpc-eabi/4.6.3/crtbegin.o
 .rela.text.__call_exitprocs
                0x00000000        0x0 c:/devkitpro/devkitppc/bin/../lib/gcc/powerpc-eabi/4.6.3/crtbegin.o
 .rela.text._dtoa_r
                0x00000000        0x0 c:/devkitpro/devkitppc/bin/../lib/gcc/powerpc-eabi/4.6.3/crtbegin.o
 .rela.text._findenv_r
                0x00000000        0x0 c:/devkitpro/devkitppc/bin/../lib/gcc/powerpc-eabi/4.6.3/crtbegin.o

.rel.fini
 *(.rel.fini)

.rela.fini
 *(.rela.fini)

.rel.rodata
 *(.rel.rodata .rel.rodata.* .rel.gnu.linkonce.r.*)

.rela.rodata    0x80004194        0x0
 *(.rela.rodata .rela.rodata.* .rela.gnu.linkonce.r.*)
 .rela.rodata.dotab_fat
                0x00000000        0x0 c:/devkitpro/devkitppc/bin/../lib/gcc/powerpc-eabi/4.6.3/crtbegin.o

.rel.data
 *(.rel.data .rel.data.* .rel.gnu.linkonce.d.*)

.rela.data
 *(.rela.data .rela.data.* .rela.gnu.linkonce.d.*)

.rel.tdata
 *(.rel.tdata .rel.tdata.* .rel.gnu.linkonce.td.*)

.rela.tdata
 *(.rela.tdata .rela.tdata.* .rela.gnu.linkonce.td.*)

.rel.tbss
 *(.rel.tbss .rel.tbss.* .rel.gnu.linkonce.tb.*)

.rela.tbss
 *(.rela.tbss .rela.tbss.* .rela.gnu.linkonce.tb.*)

.rel.ctors
 *(.rel.ctors)

.rela.ctors
 *(.rela.ctors)

.rel.dtors
 *(.rel.dtors)

.rela.dtors
 *(.rela.dtors)

.rel.got
 *(.rel.got)

.rela.got
 *(.rela.got)

.rela.got1
 *(.rela.got1)

.rela.got2      0x80004194        0x0
 *(.rela.got2)
 .rela.got2     0x00000000        0x0 c:/devkitpro/devkitppc/bin/../lib/gcc/powerpc-eabi/4.6.3/crtbegin.o

.rel.sdata
 *(.rel.sdata .rel.sdata.* .rel.gnu.linkonce.s.*)

.rela.sdata
 *(.rela.sdata .rela.sdata.* .rela.gnu.linkonce.s.*)

.rel.sbss
 *(.rel.sbss .rel.sbss.* .rel.gnu.linkonce.sb.*)

.rela.sbss
 *(.rela.sbss .rela.sbss.* .rel.gnu.linkonce.sb.*)

.rel.sdata2
 *(.rel.sdata2 .rel.sdata2.* .rel.gnu.linkonce.s2.*)

.rela.sdata2
 *(.rela.sdata2 .rela.sdata2.* .rela.gnu.linkonce.s2.*)

.rel.sbss2
 *(.rel.sbss2 .rel.sbss2.* .rel.gnu.linkonce.sb2.*)

.rela.sbss2
 *(.rela.sbss2 .rela.sbss2.* .rela.gnu.linkonce.sb2.*)

.rel.bss
 *(.rel.bss .rel.bss.* .rel.gnu.linkonce.b.*)

.rela.bss
 *(.rela.bss .rela.bss.* .rela.gnu.linkonce.b.*)

.rel.plt
 *(.rel.plt)

.rela.plt
 *(.rela.plt)

.text           0x800041a0    0x45580
 *(.text)
 .text          0x800041a0      0x168 c:/devkitpro/devkitppc/bin/../lib/gcc/powerpc-eabi/4.6.3/crtbegin.o
 .text          0x80004308       0x44 c:/devkitpro/devkitppc/bin/../lib/gcc/powerpc-eabi/4.6.3/../../../../powerpc-eabi/lib/crtmain.o
                0x8000430c                __crtmain
 *fill*         0x8000434c       0x14 00000000
 .text          0x80004360      0x44c c:/devkitPro/libogc/lib/wii\libogc.a(lwp_handler.o)
                0x80004360                _cpu_context_save_fp
                0x800044a0                _cpu_context_restore_fp
                0x800045e0                _cpu_context_switch
                0x800046c0                _cpu_context_save
                0x80004740                _cpu_context_restore
 .text          0x800047ac      0x4f4 c:/devkitPro/libogc/lib/wii\libogc.a(cache_asm.o)
                0x800047ac                DCFlashInvalidate
                0x800047c0                DCEnable
                0x800047d4                DCDisable
                0x800047e8                DCFreeze
                0x800047fc                DCUnfreeze
                0x80004810                DCTouchLoad
                0x80004818                DCBlockZero
                0x80004820                DCBlockStore
                0x80004828                DCBlockFlush
                0x80004830                DCBlockInvalidate
                0x80004838                DCInvalidateRange
                0x80004868                DCFlushRange
                0x8000489c                DCStoreRange
                0x800048d0                DCFlushRangeNoSync
                0x80004900                DCStoreRangeNoSync
                0x80004930                DCZeroRange
                0x80004960                DCTouchRange
                0x80004990                ICInvalidateRange
                0x800049c8                ICFlashInvalidate
                0x800049dc                ICEnable
                0x800049f0                ICDisable
                0x80004a04                ICFreeze
                0x80004a18                ICUnfreeze
                0x80004a2c                ICBlockInvalidate
                0x80004a34                ICSync
                0x80004a3c                L2Init
                0x80004a84                L2Enable
                0x80004aa0                L2Disable
                0x80004ab8                L2GlobalInvalidate
                0x80004b10                __LCEnable
                0x80004bdc                LCDisable
                0x80004c04                LCAllocOneTag
                0x80004c18                LCAllocTags
                0x80004c58                LCLoadBlocks
                0x80004c7c                LCStoreBlocks
 .text          0x80004ca0      0x4a0 c:/devkitPro/libogc/lib/wii\libogc.a(system_asm.o)
                0x80004ca0                __realmode
                0x80004cb8                __configBATS
                0x80004de8                __InitFPRS
                0x80004f14                __InitPS
                0x80004f70                __InitCache
                0x80004fc8                __InitSystem
                0x80005050                __flush_cache
                0x80005084                __reset
                0x800050f4                __InitBATS
                0x80005110                SYS_SwitchFiber
 .text          0x80005140      0x8dc c:/devkitPro/libogc/lib/wii\libogc.a(gu_psasm.o)
                0x80005140                ps_guMtxConcat
                0x80005204                ps_guMtxIdentity
                0x80005230                ps_guMtxCopy
                0x80005264                ps_guMtxTranspose
                0x800052b4                ps_guMtxInverse
                0x800053ac                ps_guMtxInvXpose
                0x80005474                ps_guMtxScale
                0x8000549c                ps_guMtxScaleApply
                0x800054f4                ps_guMtxApplyScale
                0x80005558                ps_guMtxTrans
                0x8000558c                ps_guMtxTransApply
                0x800055d8                ps_guMtxApplyTrans
                0x80005654                ps_guMtxRotTrig
                0x80005704                __ps_guMtxRotAxisRadInternal
                0x800057c4                ps_guMtxReflect
                0x80005834                ps_guVecAdd
                0x80005858                ps_guVecSub
                0x8000587c                ps_guVecScale
                0x80005898                ps_guVecNormalize
                0x800058dc                ps_guVecCross
                0x80005918                ps_guVecDotProduct
                0x80005938                ps_guVecMultiply
                0x8000598c                ps_guVecMultiplySR
                0x800059fc                ps_guQuatDotProduct
 .text          0x80005a1c      0x1ac c:/devkitPro/libogc/lib/wii\libogc.a(irq_handler.o)
                0x80005a1c                irq_exceptionhandler
 .text          0x80005bc8      0x1ac c:/devkitPro/libogc/lib/wii\libogc.a(decrementer_handler.o)
                0x80005bc8                dec_exceptionhandler
 .text          0x80005d74      0x35c c:/devkitPro/libogc/lib/wii\libogc.a(exception_handler.o)
                0x80005d74                exceptionhandler_start
                0x80005df0                exceptionhandler_patch
                0x80005e24                exceptionhandler_end
                0x80005e28                default_exceptionhandler
                0x80005f58                fpu_exceptionhandler
                0x800060a0                systemcallhandler_start
                0x800060cc                systemcallhandler_end
 .text          0x800060d0       0x40 c:/devkitpro/devkitppc/bin/../lib/gcc/powerpc-eabi/4.6.3\libgcc.a(_ashldi3.o)
                0x800060d0                __ashldi3
 .text          0x80006110      0x448 c:/devkitpro/devkitppc/bin/../lib/gcc/powerpc-eabi/4.6.3\libgcc.a(_divdi3.o)
                0x80006110                __divdi3
 .text          0x80006558      0x400 c:/devkitpro/devkitppc/bin/../lib/gcc/powerpc-eabi/4.6.3\libgcc.a(_udivdi3.o)
                0x80006558                __udivdi3
 .text          0x80006958      0x3d4 c:/devkitpro/devkitppc/bin/../lib/gcc/powerpc-eabi/4.6.3\libgcc.a(_umoddi3.o)
                0x80006958                __umoddi3
 .text          0x80006d2c       0x48 c:/devkitpro/devkitppc/bin/../lib/gcc/powerpc-eabi/4.6.3\libgcc.a(eabi.o)
                0x80006d2c                __eabi
 .text          0x80006d74       0x4c c:/devkitpro/devkitppc/bin/../lib/gcc/powerpc-eabi/4.6.3\libgcc.a(crtsavfpr.o)
                0x80006d74                _savefpr_14
                0x80006d78                _savefpr_15
                0x80006d7c                _savefpr_16
                0x80006d80                _savefpr_17
                0x80006d84                _savefpr_18
                0x80006d88                _savefpr_19
                0x80006d8c                _savefpr_20
                0x80006d90                _savefpr_21
                0x80006d94                _savefpr_22
                0x80006d98                _savefpr_23
                0x80006d9c                _savefpr_24
                0x80006da0                _savefpr_25
                0x80006da4                _savefpr_26
                0x80006da8                _savefpr_27
                0x80006dac                _savefpr_28
                0x80006db0                _savefpr_29
                0x80006db4                _savefpr_30
                0x80006db8                _savefpr_31
 .text          0x80006dc0       0x4c c:/devkitpro/devkitppc/bin/../lib/gcc/powerpc-eabi/4.6.3\libgcc.a(crtsavgpr.o)
                0x80006dc0                _savegpr_14
                0x80006dc4                _savegpr_15
                0x80006dc8                _savegpr_16
                0x80006dcc                _savegpr_17
                0x80006dd0                _savegpr_18
                0x80006dd4                _savegpr_19
                0x80006dd8                _savegpr_20
                0x80006ddc                _savegpr_21
                0x80006de0                _savegpr_22
                0x80006de4                _savegpr_23
                0x80006de8                _savegpr_24
                0x80006dec                _savegpr_25
                0x80006df0                _savegpr_26
                0x80006df4                _savegpr_27
                0x80006df8                _savegpr_28
                0x80006dfc                _savegpr_29
                0x80006e00                _savegpr_30
                0x80006e04                _savegpr_31
 .text          0x80006e0c       0x4c c:/devkitpro/devkitppc/bin/../lib/gcc/powerpc-eabi/4.6.3\libgcc.a(crtresgpr.o)
                0x80006e0c                _restgpr_14
                0x80006e10                _restgpr_15
                0x80006e14                _restgpr_16
                0x80006e18                _restgpr_17
                0x80006e1c                _restgpr_18
                0x80006e20                _restgpr_19
                0x80006e24                _restgpr_20
                0x80006e28                _restgpr_21
                0x80006e2c                _restgpr_22
                0x80006e30                _restgpr_23
                0x80006e34                _restgpr_24
                0x80006e38                _restgpr_25
                0x80006e3c                _restgpr_26
                0x80006e40                _restgpr_27
                0x80006e44                _restgpr_28
                0x80006e48                _restgpr_29
                0x80006e4c                _restgpr_30
                0x80006e50                _restgpr_31
 .text          0x80006e58       0x58 c:/devkitpro/devkitppc/bin/../lib/gcc/powerpc-eabi/4.6.3\libgcc.a(crtresxfpr.o)
                0x80006e58                _restfpr_14_x
                0x80006e5c                _restfpr_15_x
                0x80006e60                _restfpr_16_x
                0x80006e64                _restfpr_17_x
                0x80006e68                _restfpr_18_x
                0x80006e6c                _restfpr_19_x
                0x80006e70                _restfpr_20_x
                0x80006e74                _restfpr_21_x
                0x80006e78                _restfpr_22_x
                0x80006e7c                _restfpr_23_x
                0x80006e80                _restfpr_24_x
                0x80006e84                _restfpr_25_x
                0x80006e88                _restfpr_26_x
                0x80006e8c                _restfpr_27_x
                0x80006e90                _restfpr_28_x
                0x80006e94                _restfpr_29_x
                0x80006e98                _restfpr_30_x
                0x80006e9c                _restfpr_31_x
 .text          0x80006eb0       0x58 c:/devkitpro/devkitppc/bin/../lib/gcc/powerpc-eabi/4.6.3\libgcc.a(crtresxgpr.o)
                0x80006eb0                _restgpr_14_x
                0x80006eb4                _restgpr_15_x
                0x80006eb8                _restgpr_16_x
                0x80006ebc                _restgpr_17_x
                0x80006ec0                _restgpr_18_x
                0x80006ec4                _restgpr_19_x
                0x80006ec8                _restgpr_20_x
                0x80006ecc                _restgpr_21_x
                0x80006ed0                _restgpr_22_x
                0x80006ed4                _restgpr_23_x
                0x80006ed8                _restgpr_24_x
                0x80006edc                _restgpr_25_x
                0x80006ee0                _restgpr_26_x
                0x80006ee4                _restgpr_27_x
                0x80006ee8                _restgpr_28_x
                0x80006eec                _restgpr_29_x
                0x80006ef0                _restgpr_30_x
                0x80006ef4                _restgpr_31_x
 .text          0x80006f08       0x28 c:/devkitpro/devkitppc/bin/../lib/gcc/powerpc-eabi/4.6.3/../../../../powerpc-eabi/lib\libsysbase.a(abort.o)
                0x80006f08                abort
 .text          0x80006f30      0x2ec c:/devkitpro/devkitppc/bin/../lib/gcc/powerpc-eabi/4.6.3/../../../../powerpc-eabi/lib\libsysbase.a(iosupport.o)
                0x80006f30                setDefaultDevice
                0x80006f48                FindDevice
                0x8000706c                RemoveDevice
                0x800070bc                AddDevice
                0x800071d8                GetDeviceOpTab
 .text          0x8000721c       0x28 c:/devkitpro/devkitppc/bin/../lib/gcc/powerpc-eabi/4.6.3/../../../../powerpc-eabi/lib\libsysbase.a(_exit.o)
                0x8000721c                _exit
 .text          0x80007244      0x4cc c:/devkitpro/devkitppc/bin/../lib/gcc/powerpc-eabi/4.6.3/../../../../powerpc-eabi/lib\libsysbase.a(chdir.o)
                0x80007244                _concatenate_path
                0x80007494                chdir
                0x8000762c                getcwd
 .text          0x80007710       0x90 c:/devkitpro/devkitppc/bin/../lib/gcc/powerpc-eabi/4.6.3/../../../../powerpc-eabi/lib\libsysbase.a(build_argv.o)
                0x80007710                build_argv
 .text          0x800077a0      0x168 c:/devkitpro/devkitppc/bin/../lib/gcc/powerpc-eabi/4.6.3/../../../../powerpc-eabi/lib\libsysbase.a(syscall_support.o)
                0x800077a0                __libc_lock_init
                0x800077e0                __libc_lock_close
                0x80007820                __libc_lock_release
                0x80007860                __libc_lock_acquire
                0x800078a0                __malloc_lock
                0x800078d4                __malloc_unlock
 .text          0x80007908      0x518 c:/devkitpro/devkitppc/bin/../lib/gcc/powerpc-eabi/4.6.3/../../../../powerpc-eabi/lib\libsysbase.a(dirent.o)
                0x80007908                opendir
                0x80007a68                closedir
                0x80007b20                readdir
                0x80007c58                rewinddir
                0x80007cd4                seekdir
                0x80007e0c                telldir
 .text          0x80007e20       0x98 c:/devkitpro/devkitppc/bin/../lib/gcc/powerpc-eabi/4.6.3/../../../../powerpc-eabi/lib\libsysbase.a(close.o)
                0x80007e20                _close_r
 .text          0x80007eb8       0xc8 c:/devkitpro/devkitppc/bin/../lib/gcc/powerpc-eabi/4.6.3/../../../../powerpc-eabi/lib\libsysbase.a(fstat.o)
                0x80007eb8                _fstat_r
 .text          0x80007f80        0x8 c:/devkitpro/devkitppc/bin/../lib/gcc/powerpc-eabi/4.6.3/../../../../powerpc-eabi/lib\libsysbase.a(isatty.o)
                0x80007f80                _isatty_r
 .text          0x80007f88       0xcc c:/devkitpro/devkitppc/bin/../lib/gcc/powerpc-eabi/4.6.3/../../../../powerpc-eabi/lib\libsysbase.a(lseek.o)
                0x80007f88                _lseek_r
 .text          0x80008054      0x14c c:/devkitpro/devkitppc/bin/../lib/gcc/powerpc-eabi/4.6.3/../../../../powerpc-eabi/lib\libsysbase.a(open.o)
                0x80008054                _open_r
 .text          0x800081a0       0xac c:/devkitpro/devkitppc/bin/../lib/gcc/powerpc-eabi/4.6.3/../../../../powerpc-eabi/lib\libsysbase.a(read.o)
                0x800081a0                _read_r
 .text          0x8000824c       0x50 c:/devkitpro/devkitppc/bin/../lib/gcc/powerpc-eabi/4.6.3/../../../../powerpc-eabi/lib\libsysbase.a(sbrk.o)
                0x8000824c                _sbrk_r
 .text          0x8000829c       0xac c:/devkitpro/devkitppc/bin/../lib/gcc/powerpc-eabi/4.6.3/../../../../powerpc-eabi/lib\libsysbase.a(write.o)
                0x8000829c                _write_r
 .text          0x80008348       0x6c c:/devkitpro/devkitppc/bin/../lib/gcc/powerpc-eabi/4.6.3/../../../../powerpc-eabi/lib\libsysbase.a(flock.o)
                0x80008348                __flockfile
                0x80008390                __funlockfile
 .text          0x800083b4      0x174 c:/devkitpro/devkitppc/bin/../lib/gcc/powerpc-eabi/4.6.3/../../../../powerpc-eabi/lib\libsysbase.a(handle_manager.o)
                0x800083b4                __release_handle
                0x80008410                __alloc_handle
                0x80008504                __get_handle
 .text          0x80008528       0x6c c:/devkitpro/devkitppc/bin/../lib/gcc/powerpc-eabi/4.6.3/crtend.o
 *(.text.*)
 .text.ux_main  0x80008594      0x2c0 uxcode.o
                0x80008594                ux_main
 .text.startup.main
                0x80008854       0x1c uxcode.o
                0x80008854                main
 .text.uxcontrols_init
                0x80008870       0x88 uxcontrols.o
                0x80008870                uxcontrols_init
 .text.uxcontrols_shutdown
                0x800088f8       0x60 uxcontrols.o
                0x800088f8                uxcontrols_shutdown
 .text.uxcontrols_wiiread
                0x80008958      0x158 uxcontrols.o
                0x80008958                uxcontrols_wiiread
 .text.uxcontrols_read
                0x80008ab0       0x68 uxcontrols.o
                0x80008ab0                uxcontrols_read
 .text.uxfilesys_init
                0x80008b18       0xc4 uxfilesys.o
                0x80008b18                uxfilesys_init
 .text.uxfopen  0x80008bdc       0x20 uxfilesys.o
                0x80008bdc                uxfopen
 .text.uxfread  0x80008bfc       0x2c uxfilesys.o
                0x80008bfc                uxfread
 .text.uxfseek  0x80008c28       0x2c uxfilesys.o
                0x80008c28                uxfseek
 .text.uxfclose
                0x80008c54       0x20 uxfilesys.o
                0x80008c54                uxfclose
 .text.uxf_readu32
                0x80008c74       0x70 uxfilesys.o
                0x80008c74                uxf_readu32
 .text.uxf_readu16
                0x80008ce4       0x90 uxfilesys.o
                0x80008ce4                uxf_readu16
 .text.uxfile_ext
                0x80008d74       0xc8 uxfilesys.o
                0x80008d74                uxfile_ext
 .text.uxgraphics_setViewport
                0x80008e3c       0xd4 uxgraphics.o
                0x80008e3c                uxgraphics_setViewport
 .text.uxgraphics_viewmatrix
                0x80008f10       0xc4 uxgraphics.o
                0x80008f10                uxgraphics_viewmatrix
 .text.uxgraphics_modelmatrix
                0x80008fd4        0x4 uxgraphics.o
                0x80008fd4                uxgraphics_modelmatrix
 .text.uxgraphics_scissor
                0x80008fd8       0x48 uxgraphics.o
                0x80008fd8                uxgraphics_scissor
 .text.uxgraphics_setViewMode
                0x80009020      0x118 uxgraphics.o
                0x80009020                uxgraphics_setViewMode
 .text.uxgraphics_setRenderMode
                0x80009138      0x148 uxgraphics.o
                0x80009138                uxgraphics_setRenderMode
 .text.uxgraphics_init
                0x80009280      0x5c4 uxgraphics.o
                0x80009280                uxgraphics_init
 .text.uxgraphics_clearscreen
                0x80009844        0x4 uxgraphics.o
                0x80009844                uxgraphics_clearscreen
 .text.uxgraphics_flipscreen
                0x80009848       0x88 uxgraphics.o
                0x80009848                uxgraphics_flipscreen
 .text.uxgraphics_shutdown
                0x800098d0       0x9c uxgraphics.o
                0x800098d0                uxgraphics_shutdown
 .text.uximages_loadimage
                0x8000996c      0x8f0 uximages.o
                0x8000996c                uximages_loadimage
 .text.uximages_transferimage
                0x8000a25c       0x9c uximages.o
                0x8000a25c                uximages_transferimage
 .text.uxmemalloc
                0x8000a2f8       0x20 uxmem.o
                0x8000a2f8                uxmemalloc
 .text.uxmemcopy
                0x8000a318       0x20 uxmem.o
                0x8000a318                uxmemcopy
 .text.uxmemalign
                0x8000a338       0x20 uxmem.o
                0x8000a338                uxmemalign
 .text.uxmemset
                0x8000a358       0x20 uxmem.o
                0x8000a358                uxmemset
 .text.uxmemfree
                0x8000a378       0x20 uxmem.o
                0x8000a378                uxmemfree
 .text.str_lower
                0x8000a398       0x6c uxstrings.o
                0x8000a398                str_lower
 .text.uxgraphics_precachevtype
                0x8000a404      0x174 uxvertex.o
                0x8000a404                uxgraphics_precachevtype
 .text.uxgraphics_vertex_slot
                0x8000a578      0x15c uxvertex.o
                0x8000a578                uxgraphics_vertex_slot
 .text.uxgraphics_drawMesh
                0x8000a6d4      0x440 uxvertex.o
                0x8000a6d4                uxgraphics_drawMesh
 .text.uxgraphics_genTexMesh
                0x8000ab14      0x178 uxvertex.o
                0x8000ab14                uxgraphics_genTexMesh
 .text.uxgraphics_freeMesh
                0x8000ac8c       0x4c uxvertex.o
                0x8000ac8c                uxgraphics_freeMesh
 .text.fatMount
                0x8000acd8      0x120 c:/devkitPro/libogc/lib/wii\libfat.a(libfat.o)
                0x8000acd8                fatMount
 .text.fatInit  0x8000adf8      0x19c c:/devkitPro/libogc/lib/wii\libfat.a(libfat.o)
                0x8000adf8                fatInit
 .text.fatInitDefault
                0x8000af94        0xc c:/devkitPro/libogc/lib/wii\libfat.a(libfat.o)
                0x8000af94                fatInitDefault
 .text.u8array_to_u16
                0x8000afa0       0x18 c:/devkitPro/libogc/lib/wii\libfat.a(partition.o)
 .text.u8array_to_u32
                0x8000afb8       0x30 c:/devkitPro/libogc/lib/wii\libfat.a(partition.o)
 .text.u32_to_u8array
                0x8000afe8       0x20 c:/devkitPro/libogc/lib/wii\libfat.a(partition.o)
 .text.FindFirstValidPartition_buf
                0x8000b008      0x1ec c:/devkitPro/libogc/lib/wii\libfat.a(partition.o)
                0x8000b008                FindFirstValidPartition_buf
 .text._FAT_partition_getPartitionFromPath
                0x8000b1f4       0x34 c:/devkitPro/libogc/lib/wii\libfat.a(partition.o)
                0x8000b1f4                _FAT_partition_getPartitionFromPath
 .text._FAT_partition_createFSinfo
                0x8000b228       0xec c:/devkitPro/libogc/lib/wii\libfat.a(partition.o)
                0x8000b228                _FAT_partition_createFSinfo
 .text._FAT_partition_readFSinfo
                0x8000b314       0xe0 c:/devkitPro/libogc/lib/wii\libfat.a(partition.o)
                0x8000b314                _FAT_partition_readFSinfo
 .text._FAT_partition_constructor_buf
                0x8000b3f4      0x384 c:/devkitPro/libogc/lib/wii\libfat.a(partition.o)
                0x8000b3f4                _FAT_partition_constructor_buf
 .text._FAT_partition_constructor
                0x8000b778       0x68 c:/devkitPro/libogc/lib/wii\libfat.a(partition.o)
                0x8000b778                _FAT_partition_constructor
 .text._FAT_cache_getPage
                0x8000b7e0      0x160 c:/devkitPro/libogc/lib/wii\libfat.a(cache.o)
 .text._FAT_cache_constructor
                0x8000b940       0xd4 c:/devkitPro/libogc/lib/wii\libfat.a(cache.o)
                0x8000b940                _FAT_cache_constructor
 .text._FAT_cache_readSectors
                0x8000ba14       0xa0 c:/devkitPro/libogc/lib/wii\libfat.a(cache.o)
                0x8000ba14                _FAT_cache_readSectors
 .text._FAT_cache_readPartialSector
                0x8000bab4       0x80 c:/devkitPro/libogc/lib/wii\libfat.a(cache.o)
                0x8000bab4                _FAT_cache_readPartialSector
 .text._FAT_cache_readLittleEndianValue
                0x8000bb34       0x98 c:/devkitPro/libogc/lib/wii\libfat.a(cache.o)
                0x8000bb34                _FAT_cache_readLittleEndianValue
 .text._FAT_cache_writePartialSector
                0x8000bbcc       0x88 c:/devkitPro/libogc/lib/wii\libfat.a(cache.o)
                0x8000bbcc                _FAT_cache_writePartialSector
 .text._FAT_cache_writeLittleEndianValue
                0x8000bc54       0x84 c:/devkitPro/libogc/lib/wii\libfat.a(cache.o)
                0x8000bc54                _FAT_cache_writeLittleEndianValue
 .text._FAT_cache_eraseWritePartialSector
                0x8000bcd8       0xa0 c:/devkitPro/libogc/lib/wii\libfat.a(cache.o)
                0x8000bcd8                _FAT_cache_eraseWritePartialSector
 .text._FAT_cache_writeSectors
                0x8000bd78       0xa8 c:/devkitPro/libogc/lib/wii\libfat.a(cache.o)
                0x8000bd78                _FAT_cache_writeSectors
 .text._FAT_cache_flush
                0x8000be20       0x8c c:/devkitPro/libogc/lib/wii\libfat.a(cache.o)
                0x8000be20                _FAT_cache_flush
 .text.u8array_to_u16
                0x8000beac       0x18 c:/devkitPro/libogc/lib/wii\libfat.a(directory.o)
 .text.u16_to_u8array
                0x8000bec4       0x10 c:/devkitPro/libogc/lib/wii\libfat.a(directory.o)
 .text._FAT_directory_entryGetAlias
                0x8000bed4      0x124 c:/devkitPro/libogc/lib/wii\libfat.a(directory.o)
 .text._FAT_directory_mbsncasecmp
                0x8000bff8       0xec c:/devkitPro/libogc/lib/wii\libfat.a(directory.o)
 .text._FAT_directory_incrementDirEntryPosition
                0x8000c0e4      0x104 c:/devkitPro/libogc/lib/wii\libfat.a(directory.o)
 .text._FAT_fat_clusterToSector
                0x8000c1e8       0x28 c:/devkitPro/libogc/lib/wii\libfat.a(directory.o)
 .text._FAT_directory_ucs2tombs.constprop.6
                0x8000c210       0xf8 c:/devkitPro/libogc/lib/wii\libfat.a(directory.o)
 .text._FAT_directory_entryGetCluster
                0x8000c308       0x54 c:/devkitPro/libogc/lib/wii\libfat.a(directory.o)
                0x8000c308                _FAT_directory_entryGetCluster
 .text._FAT_directory_getNextEntry
                0x8000c35c      0x294 c:/devkitPro/libogc/lib/wii\libfat.a(directory.o)
                0x8000c35c                _FAT_directory_getNextEntry
 .text._FAT_directory_getFirstEntry
                0x8000c5f0       0x28 c:/devkitPro/libogc/lib/wii\libfat.a(directory.o)
                0x8000c5f0                _FAT_directory_getFirstEntry
 .text._FAT_directory_entryExists
                0x8000c618       0xc4 c:/devkitPro/libogc/lib/wii\libfat.a(directory.o)
 .text._FAT_directory_getRootEntry
                0x8000c6dc       0xa8 c:/devkitPro/libogc/lib/wii\libfat.a(directory.o)
                0x8000c6dc                _FAT_directory_getRootEntry
 .text._FAT_directory_entryFromPosition
                0x8000c784      0x19c c:/devkitPro/libogc/lib/wii\libfat.a(directory.o)
                0x8000c784                _FAT_directory_entryFromPosition
 .text._FAT_directory_entryFromPath
                0x8000c920      0x29c c:/devkitPro/libogc/lib/wii\libfat.a(directory.o)
                0x8000c920                _FAT_directory_entryFromPath
 .text._FAT_directory_removeEntry
                0x8000cbbc       0xf0 c:/devkitPro/libogc/lib/wii\libfat.a(directory.o)
                0x8000cbbc                _FAT_directory_removeEntry
 .text._FAT_directory_addEntry
                0x8000ccac      0xa00 c:/devkitPro/libogc/lib/wii\libfat.a(directory.o)
                0x8000ccac                _FAT_directory_addEntry
 .text._FAT_directory_chdir
                0x8000d6ac       0x60 c:/devkitPro/libogc/lib/wii\libfat.a(directory.o)
                0x8000d6ac                _FAT_directory_chdir
 .text._FAT_directory_entryStat
                0x8000d70c      0x174 c:/devkitPro/libogc/lib/wii\libfat.a(directory.o)
                0x8000d70c                _FAT_directory_entryStat
 .text.get_io_wiisd
                0x8000d880        0xc c:/devkitPro/libogc/lib/wii\libfat.a(disc.o)
 .text.get_io_usbstorage
                0x8000d88c        0xc c:/devkitPro/libogc/lib/wii\libfat.a(disc.o)
 .text.get_io_gcsda
                0x8000d898        0xc c:/devkitPro/libogc/lib/wii\libfat.a(disc.o)
 .text.get_io_gcsdb
                0x8000d8a4        0xc c:/devkitPro/libogc/lib/wii\libfat.a(disc.o)
 .text.u16_to_u8array
                0x8000d8b0       0x10 c:/devkitPro/libogc/lib/wii\libfat.a(fatdir.o)
 .text._FAT_lock.isra.4
                0x8000d8c0       0x20 c:/devkitPro/libogc/lib/wii\libfat.a(fatdir.o)
 .text._FAT_unlock.isra.5
                0x8000d8e0       0x20 c:/devkitPro/libogc/lib/wii\libfat.a(fatdir.o)
 .text._FAT_stat_r
                0x8000d900       0xc4 c:/devkitPro/libogc/lib/wii\libfat.a(fatdir.o)
                0x8000d900                _FAT_stat_r
 .text._FAT_link_r
                0x8000d9c4       0x10 c:/devkitPro/libogc/lib/wii\libfat.a(fatdir.o)
                0x8000d9c4                _FAT_link_r
 .text._FAT_unlink_r
                0x8000d9d4      0x1cc c:/devkitPro/libogc/lib/wii\libfat.a(fatdir.o)
                0x8000d9d4                _FAT_unlink_r
 .text._FAT_chdir_r
                0x8000dba0       0xa0 c:/devkitPro/libogc/lib/wii\libfat.a(fatdir.o)
                0x8000dba0                _FAT_chdir_r
 .text._FAT_rename_r
                0x8000dc40      0x238 c:/devkitPro/libogc/lib/wii\libfat.a(fatdir.o)
                0x8000dc40                _FAT_rename_r
 .text._FAT_mkdir_r
                0x8000de78      0x358 c:/devkitPro/libogc/lib/wii\libfat.a(fatdir.o)
                0x8000de78                _FAT_mkdir_r
 .text._FAT_statvfs_r
                0x8000e1d0       0xe0 c:/devkitPro/libogc/lib/wii\libfat.a(fatdir.o)
                0x8000e1d0                _FAT_statvfs_r
 .text._FAT_diropen_r
                0x8000e2b0      0x10c c:/devkitPro/libogc/lib/wii\libfat.a(fatdir.o)
                0x8000e2b0                _FAT_diropen_r
 .text._FAT_dirreset_r
                0x8000e3bc       0x74 c:/devkitPro/libogc/lib/wii\libfat.a(fatdir.o)
                0x8000e3bc                _FAT_dirreset_r
 .text._FAT_dirnext_r
                0x8000e430       0xc4 c:/devkitPro/libogc/lib/wii\libfat.a(fatdir.o)
                0x8000e430                _FAT_dirnext_r
 .text._FAT_dirclose_r
                0x8000e4f4       0x44 c:/devkitPro/libogc/lib/wii\libfat.a(fatdir.o)
                0x8000e4f4                _FAT_dirclose_r
 .text.u16_to_u8array
                0x8000e538       0x10 c:/devkitPro/libogc/lib/wii\libfat.a(fatfile.o)
 .text._FAT_fat_clusterToSector
                0x8000e548       0x28 c:/devkitPro/libogc/lib/wii\libfat.a(fatfile.o)
 .text._FAT_lock.isra.4
                0x8000e570       0x20 c:/devkitPro/libogc/lib/wii\libfat.a(fatfile.o)
 .text._FAT_unlock.isra.5
                0x8000e590       0x20 c:/devkitPro/libogc/lib/wii\libfat.a(fatfile.o)
 .text._FAT_check_position_for_next_cluster.isra.6
                0x8000e5b0       0xf0 c:/devkitPro/libogc/lib/wii\libfat.a(fatfile.o)
 .text._FAT_file_extend_r
                0x8000e6a0      0x2c0 c:/devkitPro/libogc/lib/wii\libfat.a(fatfile.o)
 .text._FAT_open_r
                0x8000e960      0x3f4 c:/devkitPro/libogc/lib/wii\libfat.a(fatfile.o)
                0x8000e960                _FAT_open_r
 .text._FAT_syncToDisc
                0x8000ed54      0x158 c:/devkitPro/libogc/lib/wii\libfat.a(fatfile.o)
                0x8000ed54                _FAT_syncToDisc
 .text._FAT_close_r
                0x8000eeac       0xc0 c:/devkitPro/libogc/lib/wii\libfat.a(fatfile.o)
                0x8000eeac                _FAT_close_r
 .text._FAT_read_r
                0x8000ef6c      0x3e4 c:/devkitPro/libogc/lib/wii\libfat.a(fatfile.o)
                0x8000ef6c                _FAT_read_r
 .text._FAT_write_r
                0x8000f350      0x564 c:/devkitPro/libogc/lib/wii\libfat.a(fatfile.o)
                0x8000f350                _FAT_write_r
 .text._FAT_seek_r
                0x8000f8b4      0x1f8 c:/devkitPro/libogc/lib/wii\libfat.a(fatfile.o)
                0x8000f8b4                _FAT_seek_r
 .text._FAT_fstat_r
                0x8000faac       0xc8 c:/devkitPro/libogc/lib/wii\libfat.a(fatfile.o)
                0x8000faac                _FAT_fstat_r
 .text._FAT_ftruncate_r
                0x8000fb74      0x1f0 c:/devkitPro/libogc/lib/wii\libfat.a(fatfile.o)
                0x8000fb74                _FAT_ftruncate_r
 .text._FAT_fsync_r
                0x8000fd64       0x70 c:/devkitPro/libogc/lib/wii\libfat.a(fatfile.o)
                0x8000fd64                _FAT_fsync_r
 .text._FAT_fat_writeFatEntry
                0x8000fdd4      0x1c0 c:/devkitPro/libogc/lib/wii\libfat.a(file_allocation_table.o)
 .text._FAT_fat_nextCluster
                0x8000ff94      0x190 c:/devkitPro/libogc/lib/wii\libfat.a(file_allocation_table.o)
                0x8000ff94                _FAT_fat_nextCluster
 .text._FAT_fat_linkFreeCluster
                0x80010124       0xe8 c:/devkitPro/libogc/lib/wii\libfat.a(file_allocation_table.o)
                0x80010124                _FAT_fat_linkFreeCluster
 .text._FAT_fat_linkFreeClusterCleared
                0x8001020c       0xc0 c:/devkitPro/libogc/lib/wii\libfat.a(file_allocation_table.o)
                0x8001020c                _FAT_fat_linkFreeClusterCleared
 .text._FAT_fat_clearLinks
                0x800102cc       0xb8 c:/devkitPro/libogc/lib/wii\libfat.a(file_allocation_table.o)
                0x800102cc                _FAT_fat_clearLinks
 .text._FAT_fat_trimChain
                0x80010384       0xb4 c:/devkitPro/libogc/lib/wii\libfat.a(file_allocation_table.o)
                0x80010384                _FAT_fat_trimChain
 .text._FAT_fat_lastCluster
                0x80010438       0x68 c:/devkitPro/libogc/lib/wii\libfat.a(file_allocation_table.o)
                0x80010438                _FAT_fat_lastCluster
 .text._FAT_fat_freeClusterCount
                0x800104a0       0x54 c:/devkitPro/libogc/lib/wii\libfat.a(file_allocation_table.o)
                0x800104a0                _FAT_fat_freeClusterCount
 .text._FAT_filetime_getTimeFromRTC
                0x800104f4       0x7c c:/devkitPro/libogc/lib/wii\libfat.a(filetime.o)
                0x800104f4                _FAT_filetime_getTimeFromRTC
 .text._FAT_filetime_getDateFromRTC
                0x80010570       0x7c c:/devkitPro/libogc/lib/wii\libfat.a(filetime.o)
                0x80010570                _FAT_filetime_getDateFromRTC
 .text._FAT_filetime_to_time_t
                0x800105ec       0x64 c:/devkitPro/libogc/lib/wii\libfat.a(filetime.o)
                0x800105ec                _FAT_filetime_to_time_t
 .text.__wpad_assign_slot
                0x80010650      0x220 c:/devkitPro/libogc/lib/wii\libwiiuse.a(wpad.o)
                0x80010650                __wpad_assign_slot
 .text.__wpad_def_powcb
                0x80010870       0x20 c:/devkitPro/libogc/lib/wii\libwiiuse.a(wpad.o)
 .text.__wpad_setfmt
                0x80010890       0xf0 c:/devkitPro/libogc/lib/wii\libwiiuse.a(wpad.o)
 .text.__readlinkkey_finished
                0x80010980       0x30 c:/devkitPro/libogc/lib/wii\libwiiuse.a(wpad.o)
 .text.__wpad_patch_finished
                0x800109b0       0x2c c:/devkitPro/libogc/lib/wii\libwiiuse.a(wpad.o)
 .text.__wpad_eventCB
                0x800109dc      0x958 c:/devkitPro/libogc/lib/wii\libwiiuse.a(wpad.o)
 .text.__wpad_disconnectCB
                0x80011334       0xe8 c:/devkitPro/libogc/lib/wii\libwiiuse.a(wpad.o)
                0x80011334                __wpad_disconnectCB
 .text.__wpad_timeouthandler
                0x8001141c       0x98 c:/devkitPro/libogc/lib/wii\libwiiuse.a(wpad.o)
 .text.__initcore_finished
                0x800114b4       0x40 c:/devkitPro/libogc/lib/wii\libwiiuse.a(wpad.o)
 .text.__wpad_init_finished
                0x800114f4      0x134 c:/devkitPro/libogc/lib/wii\libwiiuse.a(wpad.o)
 .text.WPAD_ReadEvent
                0x80011628      0x580 c:/devkitPro/libogc/lib/wii\libwiiuse.a(wpad.o)
                0x80011628                WPAD_ReadEvent
 .text.WPAD_ReadPending
                0x80011ba8      0x10c c:/devkitPro/libogc/lib/wii\libwiiuse.a(wpad.o)
                0x80011ba8                WPAD_ReadPending
 .text.WPAD_SetDataFormat
                0x80011cb4      0x114 c:/devkitPro/libogc/lib/wii\libwiiuse.a(wpad.o)
                0x80011cb4                WPAD_SetDataFormat
 .text.WPAD_SetVRes
                0x80011dc8       0xe0 c:/devkitPro/libogc/lib/wii\libwiiuse.a(wpad.o)
                0x80011dc8                WPAD_SetVRes
 .text.WPAD_Shutdown
                0x80011ea8       0xdc c:/devkitPro/libogc/lib/wii\libwiiuse.a(wpad.o)
                0x80011ea8                WPAD_Shutdown
 .text.WPAD_Init
                0x80011f84      0x240 c:/devkitPro/libogc/lib/wii\libwiiuse.a(wpad.o)
                0x80011f84                WPAD_Init
 .text.__wpad_onreset
                0x800121c4       0x2c c:/devkitPro/libogc/lib/wii\libwiiuse.a(wpad.o)
 .text.WPAD_SetIdleTimeout
                0x800121f0       0x3c c:/devkitPro/libogc/lib/wii\libwiiuse.a(wpad.o)
                0x800121f0                WPAD_SetIdleTimeout
 .text.WPAD_ScanPads
                0x8001222c        0xc c:/devkitPro/libogc/lib/wii\libwiiuse.a(wpad.o)
                0x8001222c                WPAD_ScanPads
 .text.WPAD_BatteryLevel
                0x80012238       0x28 c:/devkitPro/libogc/lib/wii\libwiiuse.a(wpad.o)
                0x80012238                WPAD_BatteryLevel
 .text.WPAD_ButtonsUp
                0x80012260       0x28 c:/devkitPro/libogc/lib/wii\libwiiuse.a(wpad.o)
                0x80012260                WPAD_ButtonsUp
 .text.WPAD_ButtonsDown
                0x80012288       0x28 c:/devkitPro/libogc/lib/wii\libwiiuse.a(wpad.o)
                0x80012288                WPAD_ButtonsDown
 .text.WPAD_ButtonsHeld
                0x800122b0       0x28 c:/devkitPro/libogc/lib/wii\libwiiuse.a(wpad.o)
                0x800122b0                WPAD_ButtonsHeld
 .text.WPAD_IR  0x800122d8       0x4c c:/devkitPro/libogc/lib/wii\libwiiuse.a(wpad.o)
                0x800122d8                WPAD_IR
 .text.WPAD_Orientation
                0x80012324       0x30 c:/devkitPro/libogc/lib/wii\libwiiuse.a(wpad.o)
                0x80012324                WPAD_Orientation
 .text.WPAD_GForce
                0x80012354       0x30 c:/devkitPro/libogc/lib/wii\libwiiuse.a(wpad.o)
                0x80012354                WPAD_GForce
 .text.WPAD_Accel
                0x80012384       0x30 c:/devkitPro/libogc/lib/wii\libwiiuse.a(wpad.o)
                0x80012384                WPAD_Accel
 .text.WPAD_Expansion
                0x800123b4       0x4c c:/devkitPro/libogc/lib/wii\libwiiuse.a(wpad.o)
                0x800123b4                WPAD_Expansion
 .text.motion_plus_disconnected
                0x80012400       0x10 c:/devkitPro/libogc/lib/wii\libwiiuse.a(motion_plus.o)
                0x80012400                motion_plus_disconnected
 .text.motion_plus_event
                0x80012410       0x64 c:/devkitPro/libogc/lib/wii\libwiiuse.a(motion_plus.o)
                0x80012410                motion_plus_event
 .text.calculate_gforce
                0x80012474      0x114 c:/devkitPro/libogc/lib/wii\libwiiuse.a(dynamics.o)
                0x80012474                calculate_gforce
 .text.calc_joystick_state
                0x80012588      0x21c c:/devkitPro/libogc/lib/wii\libwiiuse.a(dynamics.o)
                0x80012588                calc_joystick_state
 .text.apply_smoothing
                0x800127a4      0x148 c:/devkitPro/libogc/lib/wii\libwiiuse.a(dynamics.o)
                0x800127a4                apply_smoothing
 .text.calculate_orientation
                0x800128ec      0x29c c:/devkitPro/libogc/lib/wii\libwiiuse.a(dynamics.o)
                0x800128ec                calculate_orientation
 .text.calc_balanceboard_state
                0x80012b88      0x36c c:/devkitPro/libogc/lib/wii\libwiiuse.a(dynamics.o)
                0x80012b88                calc_balanceboard_state
 .text.wiiuse_handshake_expansion
                0x80012ef4      0x1d4 c:/devkitPro/libogc/lib/wii\libwiiuse.a(io.o)
                0x80012ef4                wiiuse_handshake_expansion
 .text.wiiuse_handshake
                0x800130c8      0x150 c:/devkitPro/libogc/lib/wii\libwiiuse.a(io.o)
                0x800130c8                wiiuse_handshake
 .text.wiiuse_handshake_expansion_start
                0x80013218       0x24 c:/devkitPro/libogc/lib/wii\libwiiuse.a(io.o)
                0x80013218                wiiuse_handshake_expansion_start
 .text.wiiuse_disable_expansion
                0x8001323c       0xc0 c:/devkitPro/libogc/lib/wii\libwiiuse.a(io.o)
                0x8001323c                wiiuse_disable_expansion
 .text.__wiiuse_disconnected
                0x800132fc       0x90 c:/devkitPro/libogc/lib/wii\libwiiuse.a(io_wii.o)
 .text.__wiiuse_receive
                0x8001338c       0x8c c:/devkitPro/libogc/lib/wii\libwiiuse.a(io_wii.o)
 .text.__wiiuse_connected
                0x80013418       0x7c c:/devkitPro/libogc/lib/wii\libwiiuse.a(io_wii.o)
 .text.__wiiuse_sensorbar_enable
                0x80013494       0x48 c:/devkitPro/libogc/lib/wii\libwiiuse.a(io_wii.o)
                0x80013494                __wiiuse_sensorbar_enable
 .text.wiiuse_register
                0x800134dc       0xa4 c:/devkitPro/libogc/lib/wii\libwiiuse.a(io_wii.o)
                0x800134dc                wiiuse_register
 .text.wiiuse_disconnect
                0x80013580       0x40 c:/devkitPro/libogc/lib/wii\libwiiuse.a(io_wii.o)
                0x80013580                wiiuse_disconnect
 .text.wiiuse_init_cmd_queue
                0x800135c0       0x84 c:/devkitPro/libogc/lib/wii\libwiiuse.a(io_wii.o)
                0x800135c0                wiiuse_init_cmd_queue
 .text.wiiuse_io_write
                0x80013644       0x38 c:/devkitPro/libogc/lib/wii\libwiiuse.a(io_wii.o)
                0x80013644                wiiuse_io_write
 .text.get_ir_sens.isra.0
                0x8001367c       0xe8 c:/devkitPro/libogc/lib/wii\libwiiuse.a(ir.o)
 .text.rotate_dots
                0x80013764      0x110 c:/devkitPro/libogc/lib/wii\libwiiuse.a(ir.o)
 .text.wiiuse_set_ir_mode
                0x80013874       0x60 c:/devkitPro/libogc/lib/wii\libwiiuse.a(ir.o)
                0x80013874                wiiuse_set_ir_mode
 .text.wiiuse_set_ir
                0x800138d4      0x190 c:/devkitPro/libogc/lib/wii\libwiiuse.a(ir.o)
                0x800138d4                wiiuse_set_ir
 .text.wiiuse_set_ir_vres
                0x80013a64       0x1c c:/devkitPro/libogc/lib/wii\libwiiuse.a(ir.o)
                0x80013a64                wiiuse_set_ir_vres
 .text.wiiuse_set_ir_position
                0x80013a80       0x78 c:/devkitPro/libogc/lib/wii\libwiiuse.a(ir.o)
                0x80013a80                wiiuse_set_ir_position
 .text.wiiuse_set_aspect_ratio
                0x80013af8       0x3c c:/devkitPro/libogc/lib/wii\libwiiuse.a(ir.o)
                0x80013af8                wiiuse_set_aspect_ratio
 .text.wiiuse_set_ir_sensitivity
                0x80013b34       0xf8 c:/devkitPro/libogc/lib/wii\libwiiuse.a(ir.o)
                0x80013b34                wiiuse_set_ir_sensitivity
 .text.calculate_basic_ir
                0x80013c2c       0xfc c:/devkitPro/libogc/lib/wii\libwiiuse.a(ir.o)
                0x80013c2c                calculate_basic_ir
 .text.calculate_extended_ir
                0x80013d28       0x7c c:/devkitPro/libogc/lib/wii\libwiiuse.a(ir.o)
                0x80013d28                calculate_extended_ir
 .text.find_sensorbar
                0x80013da4      0x7fc c:/devkitPro/libogc/lib/wii\libwiiuse.a(ir.o)
                0x80013da4                find_sensorbar
 .text.apply_ir_smoothing
                0x800145a0       0xd4 c:/devkitPro/libogc/lib/wii\libwiiuse.a(ir.o)
                0x800145a0                apply_ir_smoothing
 .text.calc_yaw
                0x80014674       0x54 c:/devkitPro/libogc/lib/wii\libwiiuse.a(ir.o)
                0x80014674                calc_yaw
 .text.interpret_ir_data
                0x800146c8      0x370 c:/devkitPro/libogc/lib/wii\libwiiuse.a(ir.o)
                0x800146c8                interpret_ir_data
 .text.nunchuk_handshake
                0x80014a38      0x228 c:/devkitPro/libogc/lib/wii\libwiiuse.a(nunchuk.o)
                0x80014a38                nunchuk_handshake
 .text.nunchuk_disconnected
                0x80014c60       0x28 c:/devkitPro/libogc/lib/wii\libwiiuse.a(nunchuk.o)
                0x80014c60                nunchuk_disconnected
 .text.nunchuk_event
                0x80014c88       0xe4 c:/devkitPro/libogc/lib/wii\libwiiuse.a(nunchuk.o)
                0x80014c88                nunchuk_event
 .text.wii_board_handshake
                0x80014d6c      0x170 c:/devkitPro/libogc/lib/wii\libwiiuse.a(wiiboard.o)
                0x80014d6c                wii_board_handshake
 .text.wii_board_disconnected
                0x80014edc       0x28 c:/devkitPro/libogc/lib/wii\libwiiuse.a(wiiboard.o)
                0x80014edc                wii_board_disconnected
 .text.wii_board_event
                0x80014f04       0x54 c:/devkitPro/libogc/lib/wii\libwiiuse.a(wiiboard.o)
                0x80014f04                wii_board_event
 .text.wiiuse_send_next_command
                0x80014f58       0x6c c:/devkitPro/libogc/lib/wii\libwiiuse.a(wiiuse.o)
                0x80014f58                wiiuse_send_next_command
 .text.__wiiuse_push_command
                0x80014fc4       0x94 c:/devkitPro/libogc/lib/wii\libwiiuse.a(wiiuse.o)
 .text.wiiuse_init
                0x80015058      0x154 c:/devkitPro/libogc/lib/wii\libwiiuse.a(wiiuse.o)
                0x80015058                wiiuse_init
 .text.wiiuse_set_flags
                0x800151ac       0x24 c:/devkitPro/libogc/lib/wii\libwiiuse.a(wiiuse.o)
                0x800151ac                wiiuse_set_flags
 .text.wiiuse_read_data
                0x800151d0       0x94 c:/devkitPro/libogc/lib/wii\libwiiuse.a(wiiuse.o)
                0x800151d0                wiiuse_read_data
 .text.wiiuse_write_data
                0x80015264       0xc0 c:/devkitPro/libogc/lib/wii\libwiiuse.a(wiiuse.o)
                0x80015264                wiiuse_write_data
 .text.wiiuse_sendcmd
                0x80015324       0x90 c:/devkitPro/libogc/lib/wii\libwiiuse.a(wiiuse.o)
                0x80015324                wiiuse_sendcmd
 .text.wiiuse_status
                0x800153b4       0x4c c:/devkitPro/libogc/lib/wii\libwiiuse.a(wiiuse.o)
                0x800153b4                wiiuse_status
 .text.wiiuse_motion_sensing
                0x80015400       0x3c c:/devkitPro/libogc/lib/wii\libwiiuse.a(wiiuse.o)
                0x80015400                wiiuse_motion_sensing
 .text.wiiuse_set_report_type
                0x8001543c       0xd0 c:/devkitPro/libogc/lib/wii\libwiiuse.a(wiiuse.o)
                0x8001543c                wiiuse_set_report_type
 .text.wiiuse_set_leds
                0x8001550c       0x50 c:/devkitPro/libogc/lib/wii\libwiiuse.a(wiiuse.o)
                0x8001550c                wiiuse_set_leds
 .text.wiiuse_set_speaker
                0x8001555c      0x1e4 c:/devkitPro/libogc/lib/wii\libwiiuse.a(speaker.o)
                0x8001555c                wiiuse_set_speaker
 .text.classic_ctrl_handshake
                0x80015740      0x188 c:/devkitPro/libogc/lib/wii\libwiiuse.a(classic.o)
                0x80015740                classic_ctrl_handshake
 .text.classic_ctrl_disconnected
                0x800158c8       0x28 c:/devkitPro/libogc/lib/wii\libwiiuse.a(classic.o)
                0x800158c8                classic_ctrl_disconnected
 .text.classic_ctrl_event
                0x800158f0       0xa4 c:/devkitPro/libogc/lib/wii\libwiiuse.a(classic.o)
                0x800158f0                classic_ctrl_event
 .text.handle_expansion
                0x80015994       0x70 c:/devkitPro/libogc/lib/wii\libwiiuse.a(events.o)
 .text.wiiuse_pressed_buttons
                0x80015a04       0x2c c:/devkitPro/libogc/lib/wii\libwiiuse.a(events.o)
                0x80015a04                wiiuse_pressed_buttons
 .text.parse_event
                0x80015a30      0x540 c:/devkitPro/libogc/lib/wii\libwiiuse.a(events.o)
                0x80015a30                parse_event
 .text.guitar_hero_3_handshake
                0x80015f70       0x68 c:/devkitPro/libogc/lib/wii\libwiiuse.a(guitar_hero_3.o)
                0x80015f70                guitar_hero_3_handshake
 .text.guitar_hero_3_disconnected
                0x80015fd8       0x28 c:/devkitPro/libogc/lib/wii\libwiiuse.a(guitar_hero_3.o)
                0x80015fd8                guitar_hero_3_disconnected
 .text.guitar_hero_3_event
                0x80016000       0x68 c:/devkitPro/libogc/lib/wii\libwiiuse.a(guitar_hero_3.o)
                0x80016000                guitar_hero_3_event
 .text.acl_wlp_completed
                0x80016068        0x8 c:/devkitPro/libogc/lib/wii\libbte.a(bte.o)
                0x80016068                acl_wlp_completed
 .text.__bte_cmdfinish
                0x80016070       0x9c c:/devkitPro/libogc/lib/wii\libbte.a(bte.o)
 .text.bte_hci_initsub_complete
                0x8001610c      0x12c c:/devkitPro/libogc/lib/wii\libbte.a(bte.o)
                0x8001610c                bte_hci_initsub_complete
 .text.bte_hci_initcore_complete2
                0x80016238       0xf0 c:/devkitPro/libogc/lib/wii\libbte.a(bte.o)
                0x80016238                bte_hci_initcore_complete2
 .text.bte_hci_patch_complete
                0x80016328      0x1b0 c:/devkitPro/libogc/lib/wii\libbte.a(bte.o)
                0x80016328                bte_hci_patch_complete
 .text.bte_hci_apply_patch_complete
                0x800164d8       0xa8 c:/devkitPro/libogc/lib/wii\libbte.a(bte.o)
                0x800164d8                bte_hci_apply_patch_complete
 .text.bte_hci_initcore_complete
                0x80016580      0x158 c:/devkitPro/libogc/lib/wii\libbte.a(bte.o)
                0x80016580                bte_hci_initcore_complete
 .text.__bte_close_ctrl_queue
                0x800166d8       0x80 c:/devkitPro/libogc/lib/wii\libbte.a(bte.o)
 .text.__bte_send_pending_request
                0x80016758       0xb8 c:/devkitPro/libogc/lib/wii\libbte.a(bte.o)
 .text.l2cap_disconnect_cfm
                0x80016810       0xe0 c:/devkitPro/libogc/lib/wii\libbte.a(bte.o)
                0x80016810                l2cap_disconnect_cfm
 .text.acl_conn_complete
                0x800168f0       0x2c c:/devkitPro/libogc/lib/wii\libbte.a(bte.o)
                0x800168f0                acl_conn_complete
 .text.__bte_shutdown_finished
                0x8001691c       0x5c c:/devkitPro/libogc/lib/wii\libbte.a(bte.o)
 .text.bt_alarmhandler
                0x80016978       0x60 c:/devkitPro/libogc/lib/wii\libbte.a(bte.o)
 .text.bte_read_stored_link_key_complete
                0x800169d8      0x108 c:/devkitPro/libogc/lib/wii\libbte.a(bte.o)
                0x800169d8                bte_read_stored_link_key_complete
 .text.l2cap_accepted
                0x80016ae0       0xd8 c:/devkitPro/libogc/lib/wii\libbte.a(bte.o)
                0x80016ae0                l2cap_accepted
 .text.l2cap_disconnected_ind
                0x80016bb8       0xb8 c:/devkitPro/libogc/lib/wii\libbte.a(bte.o)
                0x80016bb8                l2cap_disconnected_ind
 .text.bte_process_input
                0x80016c70       0xf4 c:/devkitPro/libogc/lib/wii\libbte.a(bte.o)
 .text.__bte_waitcmdfinish.constprop.6
                0x80016d64       0x78 c:/devkitPro/libogc/lib/wii\libbte.a(bte.o)
 .text.BTE_Init
                0x80016ddc      0x108 c:/devkitPro/libogc/lib/wii\libbte.a(bte.o)
                0x80016ddc                BTE_Init
 .text.BTE_Shutdown
                0x80016ee4       0x94 c:/devkitPro/libogc/lib/wii\libbte.a(bte.o)
                0x80016ee4                BTE_Shutdown
 .text.BTE_InitCore
                0x80016f78       0x7c c:/devkitPro/libogc/lib/wii\libbte.a(bte.o)
                0x80016f78                BTE_InitCore
 .text.BTE_ApplyPatch
                0x80016ff4       0x98 c:/devkitPro/libogc/lib/wii\libbte.a(bte.o)
                0x80016ff4                BTE_ApplyPatch
 .text.BTE_InitSub
                0x8001708c       0x80 c:/devkitPro/libogc/lib/wii\libbte.a(bte.o)
                0x8001708c                BTE_InitSub
 .text.BTE_ReadStoredLinkKey
                0x8001710c       0x80 c:/devkitPro/libogc/lib/wii\libbte.a(bte.o)
                0x8001710c                BTE_ReadStoredLinkKey
 .text.BTE_SetDisconnectCallback
                0x8001718c       0x20 c:/devkitPro/libogc/lib/wii\libbte.a(bte.o)
                0x8001718c                BTE_SetDisconnectCallback
 .text.bte_new  0x800171ac       0x4c c:/devkitPro/libogc/lib/wii\libbte.a(bte.o)
                0x800171ac                bte_new
 .text.bte_registerdeviceasync
                0x800171f8      0x124 c:/devkitPro/libogc/lib/wii\libbte.a(bte.o)
                0x800171f8                bte_registerdeviceasync
 .text.bte_disconnect
                0x8001731c       0x9c c:/devkitPro/libogc/lib/wii\libbte.a(bte.o)
                0x8001731c                bte_disconnect
 .text.bte_senddata
                0x800173b8       0xb0 c:/devkitPro/libogc/lib/wii\libbte.a(bte.o)
                0x800173b8                bte_senddata
 .text.bte_arg  0x80017468       0x3c c:/devkitPro/libogc/lib/wii\libbte.a(bte.o)
                0x80017468                bte_arg
 .text.bte_received
                0x800174a4       0x3c c:/devkitPro/libogc/lib/wii\libbte.a(bte.o)
                0x800174a4                bte_received
 .text.bte_disconnected
                0x800174e0       0x3c c:/devkitPro/libogc/lib/wii\libbte.a(bte.o)
                0x800174e0                bte_disconnected
 .text.hci_init
                0x8001751c       0x78 c:/devkitPro/libogc/lib/wii\libbte.a(hci.o)
                0x8001751c                hci_init
 .text.hci_new  0x80017594       0x3c c:/devkitPro/libogc/lib/wii\libbte.a(hci.o)
                0x80017594                hci_new
 .text.hci_get_link
                0x800175d0       0x7c c:/devkitPro/libogc/lib/wii\libbte.a(hci.o)
                0x800175d0                hci_get_link
 .text.hci_close
                0x8001764c       0xcc c:/devkitPro/libogc/lib/wii\libbte.a(hci.o)
                0x8001764c                hci_close
 .text.hci_reset_all
                0x80017718       0x9c c:/devkitPro/libogc/lib/wii\libbte.a(hci.o)
                0x80017718                hci_reset_all
 .text.hci_arg  0x800177b4        0xc c:/devkitPro/libogc/lib/wii\libbte.a(hci.o)
                0x800177b4                hci_arg
 .text.hci_cmd_complete
                0x800177c0        0xc c:/devkitPro/libogc/lib/wii\libbte.a(hci.o)
                0x800177c0                hci_cmd_complete
 .text.hci_connection_complete
                0x800177cc        0xc c:/devkitPro/libogc/lib/wii\libbte.a(hci.o)
                0x800177cc                hci_connection_complete
 .text.hci_wlp_complete
                0x800177d8        0xc c:/devkitPro/libogc/lib/wii\libbte.a(hci.o)
                0x800177d8                hci_wlp_complete
 .text.hci_cmd_ass
                0x800177e4       0x48 c:/devkitPro/libogc/lib/wii\libbte.a(hci.o)
                0x800177e4                hci_cmd_ass
 .text.hci_reset
                0x8001782c       0x64 c:/devkitPro/libogc/lib/wii\libbte.a(hci.o)
                0x8001782c                hci_reset
 .text.hci_read_buffer_size
                0x80017890       0x64 c:/devkitPro/libogc/lib/wii\libbte.a(hci.o)
                0x80017890                hci_read_buffer_size
 .text.hci_read_bd_addr
                0x800178f4       0x64 c:/devkitPro/libogc/lib/wii\libbte.a(hci.o)
                0x800178f4                hci_read_bd_addr
 .text.hci_read_local_version
                0x80017958       0x64 c:/devkitPro/libogc/lib/wii\libbte.a(hci.o)
                0x80017958                hci_read_local_version
 .text.hci_read_local_features
                0x800179bc       0x64 c:/devkitPro/libogc/lib/wii\libbte.a(hci.o)
                0x800179bc                hci_read_local_features
 .text.hci_read_stored_link_key
                0x80017a20       0xac c:/devkitPro/libogc/lib/wii\libbte.a(hci.o)
                0x80017a20                hci_read_stored_link_key
 .text.hci_write_page_timeout
                0x80017acc       0x7c c:/devkitPro/libogc/lib/wii\libbte.a(hci.o)
                0x80017acc                hci_write_page_timeout
 .text.hci_write_scan_enable
                0x80017b48       0x6c c:/devkitPro/libogc/lib/wii\libbte.a(hci.o)
                0x80017b48                hci_write_scan_enable
 .text.hci_accecpt_conn_request
                0x80017bb4       0x80 c:/devkitPro/libogc/lib/wii\libbte.a(hci.o)
                0x80017bb4                hci_accecpt_conn_request
 .text.hci_write_local_name
                0x80017c34       0x80 c:/devkitPro/libogc/lib/wii\libbte.a(hci.o)
                0x80017c34                hci_write_local_name
 .text.hci_write_pin_type
                0x80017cb4       0x6c c:/devkitPro/libogc/lib/wii\libbte.a(hci.o)
                0x80017cb4                hci_write_pin_type
 .text.hci_write_inquiry_mode
                0x80017d20       0x6c c:/devkitPro/libogc/lib/wii\libbte.a(hci.o)
                0x80017d20                hci_write_inquiry_mode
 .text.hci_write_page_scan_type
                0x80017d8c       0x6c c:/devkitPro/libogc/lib/wii\libbte.a(hci.o)
                0x80017d8c                hci_write_page_scan_type
 .text.hci_write_inquiry_scan_type
                0x80017df8       0x6c c:/devkitPro/libogc/lib/wii\libbte.a(hci.o)
                0x80017df8                hci_write_inquiry_scan_type
 .text.hci_vendor_specific_command
                0x80017e64       0x8c c:/devkitPro/libogc/lib/wii\libbte.a(hci.o)
                0x80017e64                hci_vendor_specific_command
 .text.hci_write_link_policy_settings
                0x80017ef0       0xa0 c:/devkitPro/libogc/lib/wii\libbte.a(hci.o)
                0x80017ef0                hci_write_link_policy_settings
 .text.hci_pin_code_request_neg_reply
                0x80017f90       0x74 c:/devkitPro/libogc/lib/wii\libbte.a(hci.o)
                0x80017f90                hci_pin_code_request_neg_reply
 .text.hci_disconnect
                0x80018004       0x98 c:/devkitPro/libogc/lib/wii\libbte.a(hci.o)
                0x80018004                hci_disconnect
 .text.hci_write_cod
                0x8001809c       0x78 c:/devkitPro/libogc/lib/wii\libbte.a(hci.o)
                0x8001809c                hci_write_cod
 .text.hci_host_buffer_size
                0x80018114       0xb4 c:/devkitPro/libogc/lib/wii\libbte.a(hci.o)
                0x80018114                hci_host_buffer_size
 .text.hci_host_num_comp_packets
                0x800181c8       0xac c:/devkitPro/libogc/lib/wii\libbte.a(hci.o)
                0x800181c8                hci_host_num_comp_packets
 .text.lp_pdu_maxsize
                0x80018274        0xc c:/devkitPro/libogc/lib/wii\libbte.a(hci.o)
                0x80018274                lp_pdu_maxsize
 .text.lp_acl_write
                0x80018280      0x114 c:/devkitPro/libogc/lib/wii\libbte.a(hci.o)
                0x80018280                lp_acl_write
 .text.lp_write_flush_timeout
                0x80018394       0xa0 c:/devkitPro/libogc/lib/wii\libbte.a(hci.o)
                0x80018394                lp_write_flush_timeout
 .text.hci_event_handler
                0x80018434      0xa6c c:/devkitPro/libogc/lib/wii\libbte.a(hci.o)
                0x80018434                hci_event_handler
 .text.hci_acldata_handler
                0x80018ea0       0xdc c:/devkitPro/libogc/lib/wii\libbte.a(hci.o)
                0x80018ea0                hci_acldata_handler
 .text.l2cap_cid_alloc
                0x80018f7c       0x4c c:/devkitPro/libogc/lib/wii\libbte.a(l2cap.o)
 .text.l2cap_init